*****************************************************************
Pin Report - Date: Mon Oct 10 14:39:35 2016 Pinchecksum: NOT-AVAILABLE
Product: Designer
Release: v11.7
Version: 11.7.0.119
Design Name: M2sExt
Family: SmartFusion2
Die: M2S010
Package: 484 FBGA
*****************************************************************

Port               |Pin  |Fixed |Function                                  |Bank     |I/O Std   |Direction                      |I/O state in Flash*Freeze mode |Resistor Pull                      |I/O available in Flash*Freeze mode |Schmitt Trigger |Odt_Static    |Odt Imp (Ohm)  |Low Power Exit |Input Delay |Slew         |Pre-Emphasis      |Output Drive (mA) |Output Load (pF) |
-------------------|-----|------|------------------------------------------|---------|----------|-------------------------------|-------------------------------|-----------------------------------|-----------------------------------|----------------|--------------|---------------|---------------|------------|-------------|------------------|------------------|-----------------|
COREI2C_0_0_SCL_IO  A2    Yes    MSIO69NB7                                  Bank7     LVCMOS33   Inout                           TRISTATE                        None                                No                                  Off              ---            ---             Off             Off          ---           ---                4                  5                 
COREI2C_0_0_SDA_IO  B3    Yes    MSIO65NB7                                  Bank7     LVCMOS33   Inout                           TRISTATE                        None                                No                                  Off              ---            ---             Off             Off          ---           ---                4                  5                 
COREI2C_0_1_SCL_IO  B2    Yes    MSIO69PB7                                  Bank7     LVCMOS33   Inout                           TRISTATE                        None                                No                                  Off              ---            ---             Off             Off          ---           ---                4                  5                 
COREI2C_0_1_SDA_IO  D5    Yes    MSIO64NB7                                  Bank7     LVCMOS33   Inout                           TRISTATE                        None                                No                                  Off              ---            ---             Off             Off          ---           ---                4                  5                 
COREI2C_0_2_SCL_IO  B1    Yes    MSIO71NB7                                  Bank7     LVCMOS33   Inout                           TRISTATE                        None                                No                                  Off              ---            ---             Off             Off          ---           ---                4                  5                 
COREI2C_0_2_SDA_IO  C4    Yes    MSIO64PB7                                  Bank7     LVCMOS33   Inout                           TRISTATE                        None                                No                                  Off              ---            ---             Off             Off          ---           ---                4                  5                 
COREI2C_0_3_SCL_IO  C1    Yes    MSIO71PB7                                  Bank7     LVCMOS33   Inout                           TRISTATE                        None                                No                                  Off              ---            ---             Off             Off          ---           ---                4                  5                 
COREI2C_0_3_SDA_IO  D4    Yes    MSIO68NB7                                  Bank7     LVCMOS33   Inout                           TRISTATE                        None                                No                                  Off              ---            ---             Off             Off          ---           ---                4                  5                 
COREI2C_0_4_SCL_IO  D2    Yes    MSIO72NB7                                  Bank7     LVCMOS33   Inout                           TRISTATE                        None                                No                                  Off              ---            ---             Off             Off          ---           ---                4                  5                 
COREI2C_0_4_SDA_IO  C3    Yes    MSIO65PB7                                  Bank7     LVCMOS33   Inout                           TRISTATE                        None                                No                                  Off              ---            ---             Off             Off          ---           ---                4                  5                 
COREI2C_0_5_SCL_IO  D1    Yes    MSIO72PB7                                  Bank7     LVCMOS33   Inout                           TRISTATE                        None                                No                                  Off              ---            ---             Off             Off          ---           ---                4                  5                 
COREI2C_0_5_SDA_IO  E5    Yes    MSIO70NB7                                  Bank7     LVCMOS33   Inout                           TRISTATE                        None                                No                                  Off              ---            ---             Off             Off          ---           ---                4                  5                 
COREI2C_0_6_SCL_IO  E2    Yes    MSIO73NB7                                  Bank7     LVCMOS33   Inout                           TRISTATE                        None                                No                                  Off              ---            ---             Off             Off          ---           ---                4                  5                 
COREI2C_0_6_SDA_IO  D3    Yes    MSIO68PB7                                  Bank7     LVCMOS33   Inout                           TRISTATE                        None                                No                                  Off              ---            ---             Off             Off          ---           ---                4                  5                 
COREI2C_0_7_SCL_IO  E1    Yes    MSIO73PB7                                  Bank7     LVCMOS33   Inout                           TRISTATE                        None                                No                                  Off              ---            ---             Off             Off          ---           ---                4                  5                 
COREI2C_0_7_SDA_IO  E4    Yes    MSIO70PB7                                  Bank7     LVCMOS33   Inout                           TRISTATE                        None                                No                                  Off              ---            ---             Off             Off          ---           ---                4                  5                 
COREI2C_0_8_SCL_IO  L19   Yes    MSIO16PB2/SPI_1_SS4/GPIO_17_A              Bank2     LVCMOS33   Inout                           TRISTATE                        None                                No                                  Off              ---            ---             Off             Off          ---           ---                4                  5                 
COREI2C_0_8_SDA_IO  K21   Yes    MSIO17PB2/SPI_1_SS6/GPIO_23_A              Bank2     LVCMOS33   Inout                           TRISTATE                        None                                No                                  Off              ---            ---             Off             Off          ---           ---                4                  5                 
COREI2C_0_9_SCL_IO  L20   Yes    MSIO15NB2/SPI_1_SS0/GPIO_13_A              Bank2     LVCMOS33   Inout                           TRISTATE                        None                                No                                  Off              ---            ---             Off             Off          ---           ---                4                  5                 
COREI2C_0_9_SDA_IO  L21   Yes    MSIO15PB2/SPI_1_SDO/GPIO_12_A              Bank2     LVCMOS33   Inout                           TRISTATE                        None                                No                                  Off              ---            ---             Off             Off          ---           ---                4                  5                 
DEVRST_N            R15   Fixed  DEVRST_N                                   ---       
GPIO_OUT[0]         T13   Yes    MSIO107NB4                                 Bank4     LVCMOS33   Output                          TRISTATE                        None                                No                                  ---              ---            ---             ---             ---          ---           ---                4                  5                 
GPIO_OUT[1]         AB14  Yes    MSIO105NB4                                 Bank4     LVCMOS33   Output                          TRISTATE                        None                                No                                  ---              ---            ---             ---             ---          ---           ---                4                  5                 
GPIO_OUT[2]         Y18   Yes    MSIO117PB4                                 Bank4     LVCMOS33   Output                          TRISTATE                        None                                No                                  ---              ---            ---             ---             ---          ---           ---                4                  5                 
GPIO_OUT[3]         V16   Yes    MSIO115NB4                                 Bank4     LVCMOS33   Output                          TRISTATE                        None                                No                                  ---              ---            ---             ---             ---          ---           ---                4                  5                 
GPIO_OUT[4]         AA15  Yes    MSIO110NB4                                 Bank4     LVCMOS33   Output                          TRISTATE                        None                                No                                  ---              ---            ---             ---             ---          ---           ---                4                  5                 
GPIO_OUT[5]         AB17  Yes    MSIO113PB4                                 Bank4     LVCMOS33   Output                          TRISTATE                        None                                No                                  ---              ---            ---             ---             ---          ---           ---                4                  5                 
GPIO_OUT[6]         Y19   Yes    MSIO117NB4                                 Bank4     LVCMOS33   Output                          TRISTATE                        None                                No                                  ---              ---            ---             ---             ---          ---           ---                4                  5                 
GPIO_OUT[7]         L16   Yes    MSIO18PB2/SPI_0_SS1/GPIO_8_A/USB_DATA5_A   Bank2     LVCMOS33   Output                          TRISTATE                        None                                No                                  ---              ---            ---             ---             ---          ---           ---                4                  5                 
m_miso              V13   Yes    MSIO108PB4                                 Bank4     LVCMOS33   Input                           TRISTATE                        None                                No                                  Off              ---            ---             Off             Off          ---           ---                ---                ---               
m_miso_0            W14   Yes    MSIO109NB4                                 Bank4     LVCMOS33   Input                           TRISTATE                        None                                No                                  Off              ---            ---             Off             Off          ---           ---                ---                ---               
m_miso_1            Y14   Yes    MSIO109PB4                                 Bank4     LVCMOS33   Input                           TRISTATE                        None                                No                                  Off              ---            ---             Off             Off          ---           ---                ---                ---               
m_miso_2            U14   Yes    MSIO112PB4                                 Bank4     LVCMOS33   Input                           TRISTATE                        None                                No                                  Off              ---            ---             Off             Off          ---           ---                ---                ---               
m_miso_3            Y15   Yes    MSIO111PB4                                 Bank4     LVCMOS33   Input                           TRISTATE                        None                                No                                  Off              ---            ---             Off             Off          ---           ---                ---                ---               
m_miso_4            AA17  Yes    MSIO114NB4                                 Bank4     LVCMOS33   Input                           TRISTATE                        None                                No                                  Off              ---            ---             Off             Off          ---           ---                ---                ---               
m_miso_5            AA18  Yes    MSIO113NB4                                 Bank4     LVCMOS33   Input                           TRISTATE                        None                                No                                  Off              ---            ---             Off             Off          ---           ---                ---                ---               
m_miso_6            N19   Yes    MSIO12PB2/SPI_0_CLK/USB_XCLK_A             Bank2     LVCMOS33   Input                           TRISTATE                        None                                No                                  Off              ---            ---             Off             Off          ---           ---                ---                ---               
m_mosi              W11   Yes    MSIO104NB4/GB7                             Bank4     LVCMOS33   Output                          TRISTATE                        None                                No                                  ---              ---            ---             ---             ---          ---           ---                4                  5                 
m_mosi_0            V14   Yes    MSIO108NB4                                 Bank4     LVCMOS33   Output                          TRISTATE                        None                                No                                  ---              ---            ---             ---             ---          ---           ---                4                  5                 
m_mosi_1            AA13  Yes    MSIO106PB4                                 Bank4     LVCMOS33   Output                          TRISTATE                        None                                No                                  ---              ---            ---             ---             ---          ---           ---                4                  5                 
m_mosi_2            U15   Yes    MSIO112NB4                                 Bank4     LVCMOS33   Output                          TRISTATE                        None                                No                                  ---              ---            ---             ---             ---          ---           ---                4                  5                 
m_mosi_3            W15   Yes    MSIO111NB4                                 Bank4     LVCMOS33   Output                          TRISTATE                        None                                No                                  ---              ---            ---             ---             ---          ---           ---                4                  5                 
m_mosi_4            AA16  Yes    MSIO114PB4                                 Bank4     LVCMOS33   Output                          TRISTATE                        None                                No                                  ---              ---            ---             ---             ---          ---           ---                4                  5                 
m_mosi_5            AB18  Yes    MSIO118PB4                                 Bank4     LVCMOS33   Output                          TRISTATE                        None                                No                                  ---              ---            ---             ---             ---          ---           ---                4                  5                 
m_mosi_6            K15   Yes    MSIO18NB2/SPI_0_SS2/GPIO_9_A/USB_DATA6_A   Bank2     LVCMOS33   Output                          TRISTATE                        None                                No                                  ---              ---            ---             ---             ---          ---           ---                4                  5                 
m_sck               U13   Yes    MSIO107PB4                                 Bank4     LVCMOS33   Output                          TRISTATE                        None                                No                                  ---              ---            ---             ---             ---          ---           ---                4                  5                 
m_sck_0             AB13  Yes    MSIO105PB4/CCC_NE0_CLKI0                   Bank4     LVCMOS33   Output                          TRISTATE                        None                                No                                  ---              ---            ---             ---             ---          ---           ---                4                  5                 
m_sck_1             W17   Yes    MSIO116NB4                                 Bank4     LVCMOS33   Output                          TRISTATE                        None                                No                                  ---              ---            ---             ---             ---          ---           ---                4                  5                 
m_sck_2             W16   Yes    MSIO115PB4                                 Bank4     LVCMOS33   Output                          TRISTATE                        None                                No                                  ---              ---            ---             ---             ---          ---           ---                4                  5                 
m_sck_3             AB15  Yes    MSIO110PB4                                 Bank4     LVCMOS33   Output                          TRISTATE                        None                                No                                  ---              ---            ---             ---             ---          ---           ---                4                  5                 
m_sck_4             Y17   Yes    MSIO116PB4                                 Bank4     LVCMOS33   Output                          TRISTATE                        None                                No                                  ---              ---            ---             ---             ---          ---           ---                4                  5                 
m_sck_5             AB19  Yes    MSIO118NB4                                 Bank4     LVCMOS33   Output                          TRISTATE                        None                                No                                  ---              ---            ---             ---             ---          ---           ---                4                  5                 
m_sck_6             N20   Yes    MSIO12NB2/SPI_0_SDI/GPIO_5_A/USB_DIR_A     Bank2     LVCMOS33   Output                          TRISTATE                        None                                No                                  ---              ---            ---             ---             ---          ---           ---                4                  5                 
PAD_IN[0]           K1    Yes    MSIOD85PB6/CCC_NE1_CLKI1                   Bank6     LVCMOS18   Input                           TRISTATE                        None                                No                                  Off              Off            50              Off             Off          ---           ---                ---                ---               
RX                  F3    Yes    MSIO74PB7                                  Bank7     LVCMOS33   Input                           TRISTATE                        None                                No                                  Off              ---            ---             Off             Off          ---           ---                ---                ---               
RX_0                F5    Yes    MSIO67PB7                                  Bank7     LVCMOS33   Input                           TRISTATE                        None                                No                                  Off              ---            ---             Off             Off          ---           ---                ---                ---               
RX_1                J6    Yes    MSIO76NB7                                  Bank7     LVCMOS33   Input                           TRISTATE                        None                                No                                  Off              ---            ---             Off             Off          ---           ---                ---                ---               
RX_2                H6    Yes    MSIO76PB7                                  Bank7     LVCMOS33   Input                           TRISTATE                        None                                No                                  Off              ---            ---             Off             Off          ---           ---                ---                ---               
RX_3                H7    Yes    MSIO75PB7                                  Bank7     LVCMOS33   Input                           TRISTATE                        None                                No                                  Off              ---            ---             Off             Off          ---           ---                ---                ---               
RX_4                W9    Yes    MSIO102PB4                                 Bank4     LVCMOS33   Input                           TRISTATE                        None                                No                                  Off              ---            ---             Off             Off          ---           ---                ---                ---               
RX_5                W10   Yes    MSIO103PB4/PROBE_A                         Bank4     LVCMOS33   Input                           TRISTATE                        None                                No                                  Off              ---            ---             Off             Off          ---           ---                ---                ---               
RX_6                Y10   Yes    MSIO103NB4/PROBE_B                         Bank4     LVCMOS33   Input                           TRISTATE                        None                                No                                  Off              ---            ---             Off             Off          ---           ---                ---                ---               
RX_7                K20   Yes    MSIO17NB2/SPI_1_SS7/GPIO_24_A              Bank2     LVCMOS33   Input                           TRISTATE                        None                                No                                  Off              ---            ---             Off             Off          ---           ---                ---                ---               
RX_8                K17   Yes    MSIO19PB2/SPI_0_SS3/GPIO_10_A/USB_DATA7_A  Bank2     LVCMOS33   Input                           TRISTATE                        None                                No                                  Off              ---            ---             Off             Off          ---           ---                ---                ---               
TX                  F6    Yes    MSIO67NB7                                  Bank7     LVCMOS33   Output                          TRISTATE                        None                                No                                  ---              ---            ---             ---             ---          ---           ---                4                  5                 
TX_0                G7    Yes    MSIO75NB7                                  Bank7     LVCMOS33   Output                          TRISTATE                        None                                No                                  ---              ---            ---             ---             ---          ---           ---                4                  5                 
TX_1                G5    Yes    MSIO66PB7                                  Bank7     LVCMOS33   Output                          TRISTATE                        None                                No                                  ---              ---            ---             ---             ---          ---           ---                4                  5                 
TX_2                G6    Yes    MSIO66NB7                                  Bank7     LVCMOS33   Output                          TRISTATE                        None                                No                                  ---              ---            ---             ---             ---          ---           ---                4                  5                 
TX_3                F4    Yes    MSIO74NB7                                  Bank7     LVCMOS33   Output                          TRISTATE                        None                                No                                  ---              ---            ---             ---             ---          ---           ---                4                  5                 
TX_4                V11   Yes    MSIO104PB4/GB3                             Bank4     LVCMOS33   Output                          TRISTATE                        None                                No                                  ---              ---            ---             ---             ---          ---           ---                4                  5                 
TX_5                Y9    Yes    MSIO102NB4/CCC_NE1_CLKI0                   Bank4     LVCMOS33   Output                          TRISTATE                        None                                No                                  ---              ---            ---             ---             ---          ---           ---                4                  5                 
TX_6                Y13   Yes    MSIO106NB4                                 Bank4     LVCMOS33   Output                          TRISTATE                        None                                No                                  ---              ---            ---             ---             ---          ---           ---                4                  5                 
TX_7                L18   Yes    MSIO16NB2/SPI_1_SS5/GPIO_18_A              Bank2     LVCMOS33   Output                          TRISTATE                        None                                No                                  ---              ---            ---             ---             ---          ---           ---                4                  5                 
TX_8                K18   Yes    MSIO20PB2/SPI_1_SS2/GPIO_15_A              Bank2     LVCMOS33   Output                          TRISTATE                        None                                No                                  ---              ---            ---             ---             ---          ---           ---                4                  5                 
USB_RST             R16   Yes    MSIO7PB2                                   Bank2     LVCMOS33   Output                          LAST_VALUE                      None                                No                                  ---              ---            ---             ---             ---          ---           ---                4                  5                 
USB_ULPI_DATA[0]    V22   Yes    MSIO3PB2/USB_DATA0_B                       Bank2     LVCMOS33   Inout                           TRISTATE                        None                                Yes                                 Off              ---            ---             Off             Off          ---           ---                4                  5                 
USB_ULPI_DATA[1]    V21   Yes    MSIO3NB2/USB_DATA1_B                       Bank2     LVCMOS33   Inout                           TRISTATE                        None                                Yes                                 Off              ---            ---             Off             Off          ---           ---                4                  5                 
USB_ULPI_DATA[2]    U22   Yes    MSIO4PB2/USB_DATA2_B                       Bank2     LVCMOS33   Inout                           TRISTATE                        None                                Yes                                 Off              ---            ---             Off             Off          ---           ---                4                  5                 
USB_ULPI_DATA[3]    U21   Yes    MSIO4NB2/USB_DATA3_B                       Bank2     LVCMOS33   Inout                           TRISTATE                        None                                Yes                                 Off              ---            ---             Off             Off          ---           ---                4                  5                 
USB_ULPI_DATA[4]    T20   Yes    MSIO5PB2/USB_DATA4_B                       Bank2     LVCMOS33   Inout                           TRISTATE                        None                                Yes                                 Off              ---            ---             Off             Off          ---           ---                4                  5                 
USB_ULPI_DATA[5]    T21   Yes    MSIO5NB2/USB_DATA5_B                       Bank2     LVCMOS33   Inout                           TRISTATE                        None                                Yes                                 Off              ---            ---             Off             Off          ---           ---                4                  5                 
USB_ULPI_DATA[6]    P17   Yes    MSIO6PB2/USB_DATA6_B                       Bank2     LVCMOS33   Inout                           TRISTATE                        None                                Yes                                 Off              ---            ---             Off             Off          ---           ---                4                  5                 
USB_ULPI_DATA[7]    V19   Yes    MSIO0NB2/USB_DATA7_B                       Bank2     LVCMOS33   Inout                           TRISTATE                        None                                Yes                                 Off              ---            ---             Off             Off          ---           ---                4                  5                 
USB_ULPI_DIR        R18   Yes    MSIO1NB2/USB_DIR_B                         Bank2     LVCMOS33   Input                           TRISTATE                        None                                Yes                                 Off              ---            ---             Off             Off          ---           ---                ---                ---               
USB_ULPI_NXT        T19   Yes    MSIO2NB2/USB_NXT_B                         Bank2     LVCMOS33   Input                           TRISTATE                        None                                Yes                                 Off              ---            ---             Off             Off          ---           ---                ---                ---               
USB_ULPI_STP        T18   Yes    MSIO2PB2/USB_STP_B                         Bank2     LVCMOS33   Output                          TRISTATE                        None                                Yes                                 ---              ---            ---             ---             ---          ---           ---                4                  5                 
USB_ULPI_XCLK       R17   Yes    MSIO1PB2/USB_XCLK_B                        Bank2     LVCMOS33   Input                           TRISTATE                        None                                Yes                                 Off              ---            ---             Off             Off          ---           ---                ---                ---               
