<html>
<body>
<pre>
<h1>µVision Build Log</h1>
<h2>Tool Versions:</h2>
IDE-Version: ¦ÌVision V5.18.0.0
Copyright (C) 2016 ARM Ltd and ARM Germany GmbH. All rights reserved.
License Information: a Microsoft, Microsoft, LIC=9WS63-AKX11-5TA3W-QC6FA-IYFSW-GUV21
 
Tool Versions:
Toolchain:       MDK-ARM Standard  Version: 5.18
Toolchain Path:  C:\Keil_v5\ARM\ARMCC\Bin
C Compiler:      Armcc.exe V5.06 update 1 (build 61)
Assembler:       Armasm.exe V5.06 update 1 (build 61)
Linker/Locator:  ArmLink.exe V5.06 update 1 (build 61)
Library Manager: ArmAr.exe V5.06 update 1 (build 61)
Hex Converter:   FromElf.exe V5.06 update 1 (build 61)
CPU DLL:         SARMCM3.DLL V5.18
Dialog DLL:      DCM.DLL V1.13.6.0
Target DLL:      Segger\JL2CM3.dll V2.99.18.0
Dialog DLL:      TCM.DLL V1.14.8.0
 
<h2>Project:</h2>
C:\Users\AndersonHan\Desktop\BentoBox\Keil_CoreBoard\Project\BetoBox\BentoBox.uvprojx
Project File Date:  10/08/2016

<h2>Output:</h2>
*** Using Compiler 'V5.06 update 1 (build 61)', folder: 'C:\Keil_v5\ARM\ARMCC\Bin'
Rebuild target 'BentoBox'
compiling app.c...
APP\app.c(1167): warning:  #550-D: variable "Len" was set but never used
        int Len;
APP\app.c(1148): warning:  #177-D: function "AppTaskSPI0" was declared but never referenced
  static  void  AppTaskSPI0   (void  *p_arg)
APP\app.c(1150): warning:  #177-D: function "AppTaskSPI1" was declared but never referenced
  static  void  AppTaskSPI1   (void  *p_arg)
APP\app.c(1152): warning:  #177-D: function "AppTaskSPI2" was declared but never referenced
  static  void  AppTaskSPI2   (void  *p_arg)
APP\app.c(1154): warning:  #177-D: function "AppTaskSPI3" was declared but never referenced
  static  void  AppTaskSPI3   (void  *p_arg)
APP\app.c(1156): warning:  #177-D: function "AppTaskSPI4" was declared but never referenced
  static  void  AppTaskSPI4   (void  *p_arg)
APP\app.c(1158): warning:  #177-D: function "AppTaskSPI5" was declared but never referenced
  static  void  AppTaskSPI5   (void  *p_arg)
APP\app.c(1160): warning:  #177-D: function "AppTaskSPI6" was declared but never referenced
  static  void  AppTaskSPI6   (void  *p_arg)
APP\app.c(1162): warning:  #177-D: function "AppTaskSPI7" was declared but never referenced
  static  void  AppTaskSPI7   (void  *p_arg)
APP\app.c(1165): warning:  #177-D: function "AppTaskUART0" was declared but never referenced
  static  void  AppTaskUART0   (void  *p_arg)
APP\app.c(1205): warning:  #177-D: function "AppTaskUART1" was declared but never referenced
  static  void  AppTaskUART1   (void  *p_arg)
APP\app.c(1207): warning:  #177-D: function "AppTaskUART2" was declared but never referenced
  static  void  AppTaskUART2   (void  *p_arg)
APP\app.c(1209): warning:  #177-D: function "AppTaskUART3" was declared but never referenced
  static  void  AppTaskUART3   (void  *p_arg)
APP\app.c(1211): warning:  #177-D: function "AppTaskUART4" was declared but never referenced
  static  void  AppTaskUART4   (void  *p_arg)
APP\app.c(1213): warning:  #177-D: function "AppTaskUART5" was declared but never referenced
  static  void  AppTaskUART5   (void  *p_arg)
APP\app.c(1215): warning:  #177-D: function "AppTaskUART6" was declared but never referenced
  static  void  AppTaskUART6   (void  *p_arg)
APP\app.c(1217): warning:  #177-D: function "AppTaskUART7" was declared but never referenced
  static  void  AppTaskUART7   (void  *p_arg)
APP\app.c: 17 warnings, 0 errors
compiling os_app_hooks.c...
compiling bsp.c...
compiling vcp_app.c...
compiling usb_user_descriptors.c...
compiling isr.c...
compiling BusApis.c...
compiling bsp_os.c...
compiling lib_ascii.c...
compiling lib_math.c...
compiling lib_mem.c...
compiling lib_str.c...
assembling lib_mem_a.asm...
compiling cpu_core.c...
assembling cpu_a.asm...
compiling cpu_c.c...
assembling os_cpu_a.s...
compiling os_cpu_c.c...
compiling os_cfg_app.c...
compiling os_core.c...
compiling os_dbg.c...
compiling os_flag.c...
compiling os_int.c...
compiling os_mem.c...
compiling os_msg.c...
compiling os_mutex.c...
compiling os_pend_multi.c...
compiling os_prio.c...
compiling os_q.c...
compiling os_sem.c...
compiling os_stat.c...
compiling os_task.c...
compiling os_tick.c...
compiling os_time.c...
compiling os_tmr.c...
compiling os_var.c...
linking...
Program Size: Code=39484 RO-data=968 RW-data=700 ZI-data=62172  
FromELF: creating hex file...
".\Objects\BentoBox.axf" - 0 Error(s), 17 Warning(s).

<h2>Collection of Component include folders:</h2>
  C:\Users\AndersonHan\Desktop\BentoBox\Keil_CoreBoard\Project\BetoBox\RTE
  C:\Keil_v5\ARM\PACK\Microsemi\M2Sxxx\1.0.61\CMSIS

<h2>Collection of Component Files used:</h2>
Build Time Elapsed:  00:00:10
</pre>
</body>
</html>
