<!doctype html public "-//w3c//dtd html 4.0 transitional//en">
<html><head>
<title>Static Call Graph - [.\obj\M2sExt_sb_MSS_CM3_app.axf]</title></head>
<body><HR>
<H1>Static Call Graph for image .\obj\M2sExt_sb_MSS_CM3_app.axf</H1><HR>
<BR><P>#&#060CALLGRAPH&#062# ARM Linker, 5060061: Last Updated: Sun Aug 28 14:53:40 2016
<BR><P>
<H3>Maximum Stack Usage =         16 bytes + Unknown(Cycles, Untraceable Function Pointers)</H3><H3>
Call chain for Maximum Stack Depth:</H3>
SystemInit &rArr; silicon_workarounds
<P>
<H3>
Mutually Recursive functions
</H3> <LI><a href="#[2]">NMI_Handler</a>&nbsp;&nbsp;&nbsp;&rArr;&nbsp;&nbsp;&nbsp;<a href="#[2]">NMI_Handler</a><BR>
 <LI><a href="#[3]">HardFault_Handler</a>&nbsp;&nbsp;&nbsp;&rArr;&nbsp;&nbsp;&nbsp;<a href="#[3]">HardFault_Handler</a><BR>
 <LI><a href="#[4]">MemManage_Handler</a>&nbsp;&nbsp;&nbsp;&rArr;&nbsp;&nbsp;&nbsp;<a href="#[4]">MemManage_Handler</a><BR>
 <LI><a href="#[5]">BusFault_Handler</a>&nbsp;&nbsp;&nbsp;&rArr;&nbsp;&nbsp;&nbsp;<a href="#[5]">BusFault_Handler</a><BR>
 <LI><a href="#[6]">UsageFault_Handler</a>&nbsp;&nbsp;&nbsp;&rArr;&nbsp;&nbsp;&nbsp;<a href="#[6]">UsageFault_Handler</a><BR>
 <LI><a href="#[7]">SVC_Handler</a>&nbsp;&nbsp;&nbsp;&rArr;&nbsp;&nbsp;&nbsp;<a href="#[7]">SVC_Handler</a><BR>
 <LI><a href="#[8]">DebugMon_Handler</a>&nbsp;&nbsp;&nbsp;&rArr;&nbsp;&nbsp;&nbsp;<a href="#[8]">DebugMon_Handler</a><BR>
 <LI><a href="#[9]">PendSV_Handler</a>&nbsp;&nbsp;&nbsp;&rArr;&nbsp;&nbsp;&nbsp;<a href="#[9]">PendSV_Handler</a><BR>
 <LI><a href="#[a]">SysTick_Handler</a>&nbsp;&nbsp;&nbsp;&rArr;&nbsp;&nbsp;&nbsp;<a href="#[a]">SysTick_Handler</a><BR>
 <LI><a href="#[1b]">CAN_IRQHandler</a>&nbsp;&nbsp;&nbsp;&rArr;&nbsp;&nbsp;&nbsp;<a href="#[1b]">CAN_IRQHandler</a><BR>
</UL>
<P>
<H3>
Function Pointers
</H3><UL>
 <LI><a href="#[5]">BusFault_Handler</a> from startup_m2sxxx.o(.text) referenced from startup_m2sxxx.o(RESET)
 <LI><a href="#[1b]">CAN_IRQHandler</a> from startup_m2sxxx.o(.text) referenced from startup_m2sxxx.o(RESET)
 <LI><a href="#[24]">CacheError_IRQHandler</a> from startup_m2sxxx.o(.text) referenced from startup_m2sxxx.o(RESET)
 <LI><a href="#[1e]">ComBlk_IRQHandler</a> from startup_m2sxxx.o(.text) referenced from startup_m2sxxx.o(RESET)
 <LI><a href="#[23]">CommSwitchError_IRQHandler</a> from startup_m2sxxx.o(.text) referenced from startup_m2sxxx.o(RESET)
 <LI><a href="#[25]">DDR_IRQHandler</a> from startup_m2sxxx.o(.text) referenced from startup_m2sxxx.o(RESET)
 <LI><a href="#[18]">DMA_IRQHandler</a> from startup_m2sxxx.o(.text) referenced from startup_m2sxxx.o(RESET)
 <LI><a href="#[8]">DebugMon_Handler</a> from startup_m2sxxx.o(.text) referenced from startup_m2sxxx.o(RESET)
 <LI><a href="#[28]">ECC_Error_IRQHandler</a> from startup_m2sxxx.o(.text) referenced from startup_m2sxxx.o(RESET)
 <LI><a href="#[1c]">ENVM0_IRQHandler</a> from startup_m2sxxx.o(.text) referenced from startup_m2sxxx.o(RESET)
 <LI><a href="#[1d]">ENVM1_IRQHandler</a> from startup_m2sxxx.o(.text) referenced from startup_m2sxxx.o(RESET)
 <LI><a href="#[17]">EthernetMAC_IRQHandler</a> from startup_m2sxxx.o(.text) referenced from startup_m2sxxx.o(RESET)
 <LI><a href="#[2b]">FAB_PLL_LockLost_IRQHandler</a> from startup_m2sxxx.o(.text) referenced from startup_m2sxxx.o(RESET)
 <LI><a href="#[2a]">FAB_PLL_Lock_IRQHandler</a> from startup_m2sxxx.o(.text) referenced from startup_m2sxxx.o(RESET)
 <LI><a href="#[2c]">FIC64_IRQHandler</a> from startup_m2sxxx.o(.text) referenced from startup_m2sxxx.o(RESET)
 <LI><a href="#[2d]">FabricIrq0_IRQHandler</a> from startup_m2sxxx.o(.text) referenced from startup_m2sxxx.o(RESET)
 <LI><a href="#[37]">FabricIrq10_IRQHandler</a> from startup_m2sxxx.o(.text) referenced from startup_m2sxxx.o(RESET)
 <LI><a href="#[38]">FabricIrq11_IRQHandler</a> from startup_m2sxxx.o(.text) referenced from startup_m2sxxx.o(RESET)
 <LI><a href="#[39]">FabricIrq12_IRQHandler</a> from startup_m2sxxx.o(.text) referenced from startup_m2sxxx.o(RESET)
 <LI><a href="#[3a]">FabricIrq13_IRQHandler</a> from startup_m2sxxx.o(.text) referenced from startup_m2sxxx.o(RESET)
 <LI><a href="#[3b]">FabricIrq14_IRQHandler</a> from startup_m2sxxx.o(.text) referenced from startup_m2sxxx.o(RESET)
 <LI><a href="#[3c]">FabricIrq15_IRQHandler</a> from startup_m2sxxx.o(.text) referenced from startup_m2sxxx.o(RESET)
 <LI><a href="#[2e]">FabricIrq1_IRQHandler</a> from startup_m2sxxx.o(.text) referenced from startup_m2sxxx.o(RESET)
 <LI><a href="#[2f]">FabricIrq2_IRQHandler</a> from startup_m2sxxx.o(.text) referenced from startup_m2sxxx.o(RESET)
 <LI><a href="#[30]">FabricIrq3_IRQHandler</a> from startup_m2sxxx.o(.text) referenced from startup_m2sxxx.o(RESET)
 <LI><a href="#[31]">FabricIrq4_IRQHandler</a> from startup_m2sxxx.o(.text) referenced from startup_m2sxxx.o(RESET)
 <LI><a href="#[32]">FabricIrq5_IRQHandler</a> from startup_m2sxxx.o(.text) referenced from startup_m2sxxx.o(RESET)
 <LI><a href="#[33]">FabricIrq6_IRQHandler</a> from startup_m2sxxx.o(.text) referenced from startup_m2sxxx.o(RESET)
 <LI><a href="#[34]">FabricIrq7_IRQHandler</a> from startup_m2sxxx.o(.text) referenced from startup_m2sxxx.o(RESET)
 <LI><a href="#[35]">FabricIrq8_IRQHandler</a> from startup_m2sxxx.o(.text) referenced from startup_m2sxxx.o(RESET)
 <LI><a href="#[36]">FabricIrq9_IRQHandler</a> from startup_m2sxxx.o(.text) referenced from startup_m2sxxx.o(RESET)
 <LI><a href="#[3d]">GPIO0_IRQHandler</a> from startup_m2sxxx.o(.text) referenced from startup_m2sxxx.o(RESET)
 <LI><a href="#[47]">GPIO10_IRQHandler</a> from startup_m2sxxx.o(.text) referenced from startup_m2sxxx.o(RESET)
 <LI><a href="#[48]">GPIO11_IRQHandler</a> from startup_m2sxxx.o(.text) referenced from startup_m2sxxx.o(RESET)
 <LI><a href="#[49]">GPIO12_IRQHandler</a> from startup_m2sxxx.o(.text) referenced from startup_m2sxxx.o(RESET)
 <LI><a href="#[4a]">GPIO13_IRQHandler</a> from startup_m2sxxx.o(.text) referenced from startup_m2sxxx.o(RESET)
 <LI><a href="#[4b]">GPIO14_IRQHandler</a> from startup_m2sxxx.o(.text) referenced from startup_m2sxxx.o(RESET)
 <LI><a href="#[4c]">GPIO15_IRQHandler</a> from startup_m2sxxx.o(.text) referenced from startup_m2sxxx.o(RESET)
 <LI><a href="#[4d]">GPIO16_IRQHandler</a> from startup_m2sxxx.o(.text) referenced from startup_m2sxxx.o(RESET)
 <LI><a href="#[4e]">GPIO17_IRQHandler</a> from startup_m2sxxx.o(.text) referenced from startup_m2sxxx.o(RESET)
 <LI><a href="#[4f]">GPIO18_IRQHandler</a> from startup_m2sxxx.o(.text) referenced from startup_m2sxxx.o(RESET)
 <LI><a href="#[50]">GPIO19_IRQHandler</a> from startup_m2sxxx.o(.text) referenced from startup_m2sxxx.o(RESET)
 <LI><a href="#[3e]">GPIO1_IRQHandler</a> from startup_m2sxxx.o(.text) referenced from startup_m2sxxx.o(RESET)
 <LI><a href="#[51]">GPIO20_IRQHandler</a> from startup_m2sxxx.o(.text) referenced from startup_m2sxxx.o(RESET)
 <LI><a href="#[52]">GPIO21_IRQHandler</a> from startup_m2sxxx.o(.text) referenced from startup_m2sxxx.o(RESET)
 <LI><a href="#[53]">GPIO22_IRQHandler</a> from startup_m2sxxx.o(.text) referenced from startup_m2sxxx.o(RESET)
 <LI><a href="#[54]">GPIO23_IRQHandler</a> from startup_m2sxxx.o(.text) referenced from startup_m2sxxx.o(RESET)
 <LI><a href="#[55]">GPIO24_IRQHandler</a> from startup_m2sxxx.o(.text) referenced from startup_m2sxxx.o(RESET)
 <LI><a href="#[56]">GPIO25_IRQHandler</a> from startup_m2sxxx.o(.text) referenced from startup_m2sxxx.o(RESET)
 <LI><a href="#[57]">GPIO26_IRQHandler</a> from startup_m2sxxx.o(.text) referenced from startup_m2sxxx.o(RESET)
 <LI><a href="#[58]">GPIO27_IRQHandler</a> from startup_m2sxxx.o(.text) referenced from startup_m2sxxx.o(RESET)
 <LI><a href="#[59]">GPIO28_IRQHandler</a> from startup_m2sxxx.o(.text) referenced from startup_m2sxxx.o(RESET)
 <LI><a href="#[5a]">GPIO29_IRQHandler</a> from startup_m2sxxx.o(.text) referenced from startup_m2sxxx.o(RESET)
 <LI><a href="#[3f]">GPIO2_IRQHandler</a> from startup_m2sxxx.o(.text) referenced from startup_m2sxxx.o(RESET)
 <LI><a href="#[5b]">GPIO30_IRQHandler</a> from startup_m2sxxx.o(.text) referenced from startup_m2sxxx.o(RESET)
 <LI><a href="#[5c]">GPIO31_IRQHandler</a> from startup_m2sxxx.o(.text) referenced from startup_m2sxxx.o(RESET)
 <LI><a href="#[40]">GPIO3_IRQHandler</a> from startup_m2sxxx.o(.text) referenced from startup_m2sxxx.o(RESET)
 <LI><a href="#[41]">GPIO4_IRQHandler</a> from startup_m2sxxx.o(.text) referenced from startup_m2sxxx.o(RESET)
 <LI><a href="#[42]">GPIO5_IRQHandler</a> from startup_m2sxxx.o(.text) referenced from startup_m2sxxx.o(RESET)
 <LI><a href="#[43]">GPIO6_IRQHandler</a> from startup_m2sxxx.o(.text) referenced from startup_m2sxxx.o(RESET)
 <LI><a href="#[44]">GPIO7_IRQHandler</a> from startup_m2sxxx.o(.text) referenced from startup_m2sxxx.o(RESET)
 <LI><a href="#[45]">GPIO8_IRQHandler</a> from startup_m2sxxx.o(.text) referenced from startup_m2sxxx.o(RESET)
 <LI><a href="#[46]">GPIO9_IRQHandler</a> from startup_m2sxxx.o(.text) referenced from startup_m2sxxx.o(RESET)
 <LI><a href="#[26]">HPDMA_Complete_IRQHandler</a> from startup_m2sxxx.o(.text) referenced from startup_m2sxxx.o(RESET)
 <LI><a href="#[27]">HPDMA_Error_IRQHandler</a> from startup_m2sxxx.o(.text) referenced from startup_m2sxxx.o(RESET)
 <LI><a href="#[3]">HardFault_Handler</a> from startup_m2sxxx.o(.text) referenced from startup_m2sxxx.o(RESET)
 <LI><a href="#[f]">I2C0_IRQHandler</a> from startup_m2sxxx.o(.text) referenced from startup_m2sxxx.o(RESET)
 <LI><a href="#[10]">I2C0_SMBAlert_IRQHandler</a> from startup_m2sxxx.o(.text) referenced from startup_m2sxxx.o(RESET)
 <LI><a href="#[11]">I2C0_SMBus_IRQHandler</a> from startup_m2sxxx.o(.text) referenced from startup_m2sxxx.o(RESET)
 <LI><a href="#[12]">I2C1_IRQHandler</a> from startup_m2sxxx.o(.text) referenced from startup_m2sxxx.o(RESET)
 <LI><a href="#[13]">I2C1_SMBAlert_IRQHandler</a> from startup_m2sxxx.o(.text) referenced from startup_m2sxxx.o(RESET)
 <LI><a href="#[14]">I2C1_SMBus_IRQHandler</a> from startup_m2sxxx.o(.text) referenced from startup_m2sxxx.o(RESET)
 <LI><a href="#[29]">MDDR_IOCalib_IRQHandler</a> from startup_m2sxxx.o(.text) referenced from startup_m2sxxx.o(RESET)
 <LI><a href="#[4]">MemManage_Handler</a> from startup_m2sxxx.o(.text) referenced from startup_m2sxxx.o(RESET)
 <LI><a href="#[2]">NMI_Handler</a> from startup_m2sxxx.o(.text) referenced from startup_m2sxxx.o(RESET)
 <LI><a href="#[22]">PLL_LockLost_IRQHandler</a> from startup_m2sxxx.o(.text) referenced from startup_m2sxxx.o(RESET)
 <LI><a href="#[21]">PLL_Lock_IRQHandler</a> from startup_m2sxxx.o(.text) referenced from startup_m2sxxx.o(RESET)
 <LI><a href="#[9]">PendSV_Handler</a> from startup_m2sxxx.o(.text) referenced from startup_m2sxxx.o(RESET)
 <LI><a href="#[c]">RTC_Wakeup_IRQHandler</a> from startup_m2sxxx.o(.text) referenced from startup_m2sxxx.o(RESET)
 <LI><a href="#[1]">Reset_Handler</a> from startup_m2sxxx.o(.text) referenced from startup_m2sxxx.o(RESET)
 <LI><a href="#[d]">SPI0_IRQHandler</a> from startup_m2sxxx.o(.text) referenced from startup_m2sxxx.o(RESET)
 <LI><a href="#[e]">SPI1_IRQHandler</a> from startup_m2sxxx.o(.text) referenced from startup_m2sxxx.o(RESET)
 <LI><a href="#[7]">SVC_Handler</a> from startup_m2sxxx.o(.text) referenced from startup_m2sxxx.o(RESET)
 <LI><a href="#[a]">SysTick_Handler</a> from startup_m2sxxx.o(.text) referenced from startup_m2sxxx.o(RESET)
 <LI><a href="#[5e]">SystemInit</a> from system_m2sxxx.o(.text) referenced from startup_m2sxxx.o(.text)
 <LI><a href="#[19]">Timer1_IRQHandler</a> from startup_m2sxxx.o(.text) referenced from startup_m2sxxx.o(RESET)
 <LI><a href="#[1a]">Timer2_IRQHandler</a> from startup_m2sxxx.o(.text) referenced from startup_m2sxxx.o(RESET)
 <LI><a href="#[15]">UART0_IRQHandler</a> from startup_m2sxxx.o(.text) referenced from startup_m2sxxx.o(RESET)
 <LI><a href="#[16]">UART1_IRQHandler</a> from startup_m2sxxx.o(.text) referenced from startup_m2sxxx.o(RESET)
 <LI><a href="#[20]">USB_DMA_IRQHandler</a> from startup_m2sxxx.o(.text) referenced from startup_m2sxxx.o(RESET)
 <LI><a href="#[1f]">USB_IRQHandler</a> from startup_m2sxxx.o(.text) referenced from startup_m2sxxx.o(RESET)
 <LI><a href="#[6]">UsageFault_Handler</a> from startup_m2sxxx.o(.text) referenced from startup_m2sxxx.o(RESET)
 <LI><a href="#[b]">WdogWakeup_IRQHandler</a> from startup_m2sxxx.o(.text) referenced from startup_m2sxxx.o(RESET)
 <LI><a href="#[60]">__main</a> from entry.o(.ARM.Collect$$$$00000000) referenced from startup_m2sxxx.o(.text)
 <LI><a href="#[5f]">low_level_init</a> from low_level_init.o(.text) referenced from startup_m2sxxx.o(.text)
 <LI><a href="#[5d]">main</a> from main.o(.text) referenced from entry9a.o(.ARM.Collect$$$$0000000B)
</UL>
<P>
<H3>
Global Symbols
</H3>
<P><STRONG><a name="[60]"></a>__main</STRONG> (Thumb, 0 bytes, Stack size unknown bytes, entry.o(.ARM.Collect$$$$00000000))
<BR>[Address Reference Count : 1]<UL><LI> startup_m2sxxx.o(.text)
</UL>
<P><STRONG><a name="[6b]"></a>_main_stk</STRONG> (Thumb, 0 bytes, Stack size unknown bytes, entry2.o(.ARM.Collect$$$$00000001))

<P><STRONG><a name="[61]"></a>_main_scatterload</STRONG> (Thumb, 0 bytes, Stack size unknown bytes, entry5.o(.ARM.Collect$$$$00000004))
<BR><BR>[Calls]<UL><LI><a href="#[62]">&gt;&gt;</a>&nbsp;&nbsp;&nbsp;__scatterload
</UL>

<P><STRONG><a name="[64]"></a>__main_after_scatterload</STRONG> (Thumb, 0 bytes, Stack size unknown bytes, entry5.o(.ARM.Collect$$$$00000004))
<BR><BR>[Called By]<UL><LI><a href="#[62]">&gt;&gt;</a>&nbsp;&nbsp;&nbsp;__scatterload
</UL>

<P><STRONG><a name="[6c]"></a>_main_clock</STRONG> (Thumb, 0 bytes, Stack size unknown bytes, entry7b.o(.ARM.Collect$$$$00000008))

<P><STRONG><a name="[6d]"></a>_main_cpp_init</STRONG> (Thumb, 0 bytes, Stack size unknown bytes, entry8b.o(.ARM.Collect$$$$0000000A))

<P><STRONG><a name="[6e]"></a>_main_init</STRONG> (Thumb, 0 bytes, Stack size unknown bytes, entry9a.o(.ARM.Collect$$$$0000000B))

<P><STRONG><a name="[6f]"></a>__rt_final_cpp</STRONG> (Thumb, 0 bytes, Stack size unknown bytes, entry10a.o(.ARM.Collect$$$$0000000D))

<P><STRONG><a name="[70]"></a>__rt_final_exit</STRONG> (Thumb, 0 bytes, Stack size unknown bytes, entry11a.o(.ARM.Collect$$$$0000000F))

<P><STRONG><a name="[5d]"></a>main</STRONG> (Thumb, 4 bytes, Stack size 0 bytes, main.o(.text))
<BR>[Address Reference Count : 1]<UL><LI> entry9a.o(.ARM.Collect$$$$0000000B)
</UL>
<P><STRONG><a name="[1]"></a>Reset_Handler</STRONG> (Thumb, 112 bytes, Stack size 0 bytes, startup_m2sxxx.o(.text))
<BR><BR>[Calls]<UL><LI><a href="#[63]">&gt;&gt;</a>&nbsp;&nbsp;&nbsp;fill_memory
</UL>
<BR>[Address Reference Count : 1]<UL><LI> startup_m2sxxx.o(RESET)
</UL>
<P><STRONG><a name="[2]"></a>NMI_Handler</STRONG> (Thumb, 2 bytes, Stack size 0 bytes, startup_m2sxxx.o(.text))
<BR><BR>[Calls]<UL><LI><a href="#[2]">&gt;&gt;</a>&nbsp;&nbsp;&nbsp;NMI_Handler
</UL>
<BR>[Called By]<UL><LI><a href="#[2]">&gt;&gt;</a>&nbsp;&nbsp;&nbsp;NMI_Handler
</UL>
<BR>[Address Reference Count : 1]<UL><LI> startup_m2sxxx.o(RESET)
</UL>
<P><STRONG><a name="[3]"></a>HardFault_Handler</STRONG> (Thumb, 2 bytes, Stack size 0 bytes, startup_m2sxxx.o(.text))
<BR><BR>[Calls]<UL><LI><a href="#[3]">&gt;&gt;</a>&nbsp;&nbsp;&nbsp;HardFault_Handler
</UL>
<BR>[Called By]<UL><LI><a href="#[3]">&gt;&gt;</a>&nbsp;&nbsp;&nbsp;HardFault_Handler
</UL>
<BR>[Address Reference Count : 1]<UL><LI> startup_m2sxxx.o(RESET)
</UL>
<P><STRONG><a name="[4]"></a>MemManage_Handler</STRONG> (Thumb, 2 bytes, Stack size 0 bytes, startup_m2sxxx.o(.text))
<BR><BR>[Calls]<UL><LI><a href="#[4]">&gt;&gt;</a>&nbsp;&nbsp;&nbsp;MemManage_Handler
</UL>
<BR>[Called By]<UL><LI><a href="#[4]">&gt;&gt;</a>&nbsp;&nbsp;&nbsp;MemManage_Handler
</UL>
<BR>[Address Reference Count : 1]<UL><LI> startup_m2sxxx.o(RESET)
</UL>
<P><STRONG><a name="[5]"></a>BusFault_Handler</STRONG> (Thumb, 2 bytes, Stack size 0 bytes, startup_m2sxxx.o(.text))
<BR><BR>[Calls]<UL><LI><a href="#[5]">&gt;&gt;</a>&nbsp;&nbsp;&nbsp;BusFault_Handler
</UL>
<BR>[Called By]<UL><LI><a href="#[5]">&gt;&gt;</a>&nbsp;&nbsp;&nbsp;BusFault_Handler
</UL>
<BR>[Address Reference Count : 1]<UL><LI> startup_m2sxxx.o(RESET)
</UL>
<P><STRONG><a name="[6]"></a>UsageFault_Handler</STRONG> (Thumb, 2 bytes, Stack size 0 bytes, startup_m2sxxx.o(.text))
<BR><BR>[Calls]<UL><LI><a href="#[6]">&gt;&gt;</a>&nbsp;&nbsp;&nbsp;UsageFault_Handler
</UL>
<BR>[Called By]<UL><LI><a href="#[6]">&gt;&gt;</a>&nbsp;&nbsp;&nbsp;UsageFault_Handler
</UL>
<BR>[Address Reference Count : 1]<UL><LI> startup_m2sxxx.o(RESET)
</UL>
<P><STRONG><a name="[7]"></a>SVC_Handler</STRONG> (Thumb, 2 bytes, Stack size 0 bytes, startup_m2sxxx.o(.text))
<BR><BR>[Calls]<UL><LI><a href="#[7]">&gt;&gt;</a>&nbsp;&nbsp;&nbsp;SVC_Handler
</UL>
<BR>[Called By]<UL><LI><a href="#[7]">&gt;&gt;</a>&nbsp;&nbsp;&nbsp;SVC_Handler
</UL>
<BR>[Address Reference Count : 1]<UL><LI> startup_m2sxxx.o(RESET)
</UL>
<P><STRONG><a name="[8]"></a>DebugMon_Handler</STRONG> (Thumb, 2 bytes, Stack size 0 bytes, startup_m2sxxx.o(.text))
<BR><BR>[Calls]<UL><LI><a href="#[8]">&gt;&gt;</a>&nbsp;&nbsp;&nbsp;DebugMon_Handler
</UL>
<BR>[Called By]<UL><LI><a href="#[8]">&gt;&gt;</a>&nbsp;&nbsp;&nbsp;DebugMon_Handler
</UL>
<BR>[Address Reference Count : 1]<UL><LI> startup_m2sxxx.o(RESET)
</UL>
<P><STRONG><a name="[9]"></a>PendSV_Handler</STRONG> (Thumb, 2 bytes, Stack size 0 bytes, startup_m2sxxx.o(.text))
<BR><BR>[Calls]<UL><LI><a href="#[9]">&gt;&gt;</a>&nbsp;&nbsp;&nbsp;PendSV_Handler
</UL>
<BR>[Called By]<UL><LI><a href="#[9]">&gt;&gt;</a>&nbsp;&nbsp;&nbsp;PendSV_Handler
</UL>
<BR>[Address Reference Count : 1]<UL><LI> startup_m2sxxx.o(RESET)
</UL>
<P><STRONG><a name="[a]"></a>SysTick_Handler</STRONG> (Thumb, 2 bytes, Stack size 0 bytes, startup_m2sxxx.o(.text))
<BR><BR>[Calls]<UL><LI><a href="#[a]">&gt;&gt;</a>&nbsp;&nbsp;&nbsp;SysTick_Handler
</UL>
<BR>[Called By]<UL><LI><a href="#[a]">&gt;&gt;</a>&nbsp;&nbsp;&nbsp;SysTick_Handler
</UL>
<BR>[Address Reference Count : 1]<UL><LI> startup_m2sxxx.o(RESET)
</UL>
<P><STRONG><a name="[1b]"></a>CAN_IRQHandler</STRONG> (Thumb, 0 bytes, Stack size 0 bytes, startup_m2sxxx.o(.text))
<BR><BR>[Calls]<UL><LI><a href="#[1b]">&gt;&gt;</a>&nbsp;&nbsp;&nbsp;CAN_IRQHandler
</UL>
<BR>[Called By]<UL><LI><a href="#[1b]">&gt;&gt;</a>&nbsp;&nbsp;&nbsp;CAN_IRQHandler
</UL>
<BR>[Address Reference Count : 1]<UL><LI> startup_m2sxxx.o(RESET)
</UL>
<P><STRONG><a name="[24]"></a>CacheError_IRQHandler</STRONG> (Thumb, 0 bytes, Stack size 0 bytes, startup_m2sxxx.o(.text))
<BR>[Address Reference Count : 1]<UL><LI> startup_m2sxxx.o(RESET)
</UL>
<P><STRONG><a name="[1e]"></a>ComBlk_IRQHandler</STRONG> (Thumb, 0 bytes, Stack size 0 bytes, startup_m2sxxx.o(.text))
<BR>[Address Reference Count : 1]<UL><LI> startup_m2sxxx.o(RESET)
</UL>
<P><STRONG><a name="[23]"></a>CommSwitchError_IRQHandler</STRONG> (Thumb, 0 bytes, Stack size 0 bytes, startup_m2sxxx.o(.text))
<BR>[Address Reference Count : 1]<UL><LI> startup_m2sxxx.o(RESET)
</UL>
<P><STRONG><a name="[25]"></a>DDR_IRQHandler</STRONG> (Thumb, 0 bytes, Stack size 0 bytes, startup_m2sxxx.o(.text))
<BR>[Address Reference Count : 1]<UL><LI> startup_m2sxxx.o(RESET)
</UL>
<P><STRONG><a name="[18]"></a>DMA_IRQHandler</STRONG> (Thumb, 0 bytes, Stack size 0 bytes, startup_m2sxxx.o(.text))
<BR>[Address Reference Count : 1]<UL><LI> startup_m2sxxx.o(RESET)
</UL>
<P><STRONG><a name="[28]"></a>ECC_Error_IRQHandler</STRONG> (Thumb, 0 bytes, Stack size 0 bytes, startup_m2sxxx.o(.text))
<BR>[Address Reference Count : 1]<UL><LI> startup_m2sxxx.o(RESET)
</UL>
<P><STRONG><a name="[1c]"></a>ENVM0_IRQHandler</STRONG> (Thumb, 0 bytes, Stack size 0 bytes, startup_m2sxxx.o(.text))
<BR>[Address Reference Count : 1]<UL><LI> startup_m2sxxx.o(RESET)
</UL>
<P><STRONG><a name="[1d]"></a>ENVM1_IRQHandler</STRONG> (Thumb, 0 bytes, Stack size 0 bytes, startup_m2sxxx.o(.text))
<BR>[Address Reference Count : 1]<UL><LI> startup_m2sxxx.o(RESET)
</UL>
<P><STRONG><a name="[17]"></a>EthernetMAC_IRQHandler</STRONG> (Thumb, 0 bytes, Stack size 0 bytes, startup_m2sxxx.o(.text))
<BR>[Address Reference Count : 1]<UL><LI> startup_m2sxxx.o(RESET)
</UL>
<P><STRONG><a name="[2b]"></a>FAB_PLL_LockLost_IRQHandler</STRONG> (Thumb, 0 bytes, Stack size 0 bytes, startup_m2sxxx.o(.text))
<BR>[Address Reference Count : 1]<UL><LI> startup_m2sxxx.o(RESET)
</UL>
<P><STRONG><a name="[2a]"></a>FAB_PLL_Lock_IRQHandler</STRONG> (Thumb, 0 bytes, Stack size 0 bytes, startup_m2sxxx.o(.text))
<BR>[Address Reference Count : 1]<UL><LI> startup_m2sxxx.o(RESET)
</UL>
<P><STRONG><a name="[2c]"></a>FIC64_IRQHandler</STRONG> (Thumb, 0 bytes, Stack size 0 bytes, startup_m2sxxx.o(.text))
<BR>[Address Reference Count : 1]<UL><LI> startup_m2sxxx.o(RESET)
</UL>
<P><STRONG><a name="[2d]"></a>FabricIrq0_IRQHandler</STRONG> (Thumb, 0 bytes, Stack size 0 bytes, startup_m2sxxx.o(.text))
<BR>[Address Reference Count : 1]<UL><LI> startup_m2sxxx.o(RESET)
</UL>
<P><STRONG><a name="[37]"></a>FabricIrq10_IRQHandler</STRONG> (Thumb, 0 bytes, Stack size 0 bytes, startup_m2sxxx.o(.text))
<BR>[Address Reference Count : 1]<UL><LI> startup_m2sxxx.o(RESET)
</UL>
<P><STRONG><a name="[38]"></a>FabricIrq11_IRQHandler</STRONG> (Thumb, 0 bytes, Stack size 0 bytes, startup_m2sxxx.o(.text))
<BR>[Address Reference Count : 1]<UL><LI> startup_m2sxxx.o(RESET)
</UL>
<P><STRONG><a name="[39]"></a>FabricIrq12_IRQHandler</STRONG> (Thumb, 0 bytes, Stack size 0 bytes, startup_m2sxxx.o(.text))
<BR>[Address Reference Count : 1]<UL><LI> startup_m2sxxx.o(RESET)
</UL>
<P><STRONG><a name="[3a]"></a>FabricIrq13_IRQHandler</STRONG> (Thumb, 0 bytes, Stack size 0 bytes, startup_m2sxxx.o(.text))
<BR>[Address Reference Count : 1]<UL><LI> startup_m2sxxx.o(RESET)
</UL>
<P><STRONG><a name="[3b]"></a>FabricIrq14_IRQHandler</STRONG> (Thumb, 0 bytes, Stack size 0 bytes, startup_m2sxxx.o(.text))
<BR>[Address Reference Count : 1]<UL><LI> startup_m2sxxx.o(RESET)
</UL>
<P><STRONG><a name="[3c]"></a>FabricIrq15_IRQHandler</STRONG> (Thumb, 0 bytes, Stack size 0 bytes, startup_m2sxxx.o(.text))
<BR>[Address Reference Count : 1]<UL><LI> startup_m2sxxx.o(RESET)
</UL>
<P><STRONG><a name="[2e]"></a>FabricIrq1_IRQHandler</STRONG> (Thumb, 0 bytes, Stack size 0 bytes, startup_m2sxxx.o(.text))
<BR>[Address Reference Count : 1]<UL><LI> startup_m2sxxx.o(RESET)
</UL>
<P><STRONG><a name="[2f]"></a>FabricIrq2_IRQHandler</STRONG> (Thumb, 0 bytes, Stack size 0 bytes, startup_m2sxxx.o(.text))
<BR>[Address Reference Count : 1]<UL><LI> startup_m2sxxx.o(RESET)
</UL>
<P><STRONG><a name="[30]"></a>FabricIrq3_IRQHandler</STRONG> (Thumb, 0 bytes, Stack size 0 bytes, startup_m2sxxx.o(.text))
<BR>[Address Reference Count : 1]<UL><LI> startup_m2sxxx.o(RESET)
</UL>
<P><STRONG><a name="[31]"></a>FabricIrq4_IRQHandler</STRONG> (Thumb, 0 bytes, Stack size 0 bytes, startup_m2sxxx.o(.text))
<BR>[Address Reference Count : 1]<UL><LI> startup_m2sxxx.o(RESET)
</UL>
<P><STRONG><a name="[32]"></a>FabricIrq5_IRQHandler</STRONG> (Thumb, 0 bytes, Stack size 0 bytes, startup_m2sxxx.o(.text))
<BR>[Address Reference Count : 1]<UL><LI> startup_m2sxxx.o(RESET)
</UL>
<P><STRONG><a name="[33]"></a>FabricIrq6_IRQHandler</STRONG> (Thumb, 0 bytes, Stack size 0 bytes, startup_m2sxxx.o(.text))
<BR>[Address Reference Count : 1]<UL><LI> startup_m2sxxx.o(RESET)
</UL>
<P><STRONG><a name="[34]"></a>FabricIrq7_IRQHandler</STRONG> (Thumb, 0 bytes, Stack size 0 bytes, startup_m2sxxx.o(.text))
<BR>[Address Reference Count : 1]<UL><LI> startup_m2sxxx.o(RESET)
</UL>
<P><STRONG><a name="[35]"></a>FabricIrq8_IRQHandler</STRONG> (Thumb, 0 bytes, Stack size 0 bytes, startup_m2sxxx.o(.text))
<BR>[Address Reference Count : 1]<UL><LI> startup_m2sxxx.o(RESET)
</UL>
<P><STRONG><a name="[36]"></a>FabricIrq9_IRQHandler</STRONG> (Thumb, 0 bytes, Stack size 0 bytes, startup_m2sxxx.o(.text))
<BR>[Address Reference Count : 1]<UL><LI> startup_m2sxxx.o(RESET)
</UL>
<P><STRONG><a name="[3d]"></a>GPIO0_IRQHandler</STRONG> (Thumb, 0 bytes, Stack size 0 bytes, startup_m2sxxx.o(.text))
<BR>[Address Reference Count : 1]<UL><LI> startup_m2sxxx.o(RESET)
</UL>
<P><STRONG><a name="[47]"></a>GPIO10_IRQHandler</STRONG> (Thumb, 0 bytes, Stack size 0 bytes, startup_m2sxxx.o(.text))
<BR>[Address Reference Count : 1]<UL><LI> startup_m2sxxx.o(RESET)
</UL>
<P><STRONG><a name="[48]"></a>GPIO11_IRQHandler</STRONG> (Thumb, 0 bytes, Stack size 0 bytes, startup_m2sxxx.o(.text))
<BR>[Address Reference Count : 1]<UL><LI> startup_m2sxxx.o(RESET)
</UL>
<P><STRONG><a name="[49]"></a>GPIO12_IRQHandler</STRONG> (Thumb, 0 bytes, Stack size 0 bytes, startup_m2sxxx.o(.text))
<BR>[Address Reference Count : 1]<UL><LI> startup_m2sxxx.o(RESET)
</UL>
<P><STRONG><a name="[4a]"></a>GPIO13_IRQHandler</STRONG> (Thumb, 0 bytes, Stack size 0 bytes, startup_m2sxxx.o(.text))
<BR>[Address Reference Count : 1]<UL><LI> startup_m2sxxx.o(RESET)
</UL>
<P><STRONG><a name="[4b]"></a>GPIO14_IRQHandler</STRONG> (Thumb, 0 bytes, Stack size 0 bytes, startup_m2sxxx.o(.text))
<BR>[Address Reference Count : 1]<UL><LI> startup_m2sxxx.o(RESET)
</UL>
<P><STRONG><a name="[4c]"></a>GPIO15_IRQHandler</STRONG> (Thumb, 0 bytes, Stack size 0 bytes, startup_m2sxxx.o(.text))
<BR>[Address Reference Count : 1]<UL><LI> startup_m2sxxx.o(RESET)
</UL>
<P><STRONG><a name="[4d]"></a>GPIO16_IRQHandler</STRONG> (Thumb, 0 bytes, Stack size 0 bytes, startup_m2sxxx.o(.text))
<BR>[Address Reference Count : 1]<UL><LI> startup_m2sxxx.o(RESET)
</UL>
<P><STRONG><a name="[4e]"></a>GPIO17_IRQHandler</STRONG> (Thumb, 0 bytes, Stack size 0 bytes, startup_m2sxxx.o(.text))
<BR>[Address Reference Count : 1]<UL><LI> startup_m2sxxx.o(RESET)
</UL>
<P><STRONG><a name="[4f]"></a>GPIO18_IRQHandler</STRONG> (Thumb, 0 bytes, Stack size 0 bytes, startup_m2sxxx.o(.text))
<BR>[Address Reference Count : 1]<UL><LI> startup_m2sxxx.o(RESET)
</UL>
<P><STRONG><a name="[50]"></a>GPIO19_IRQHandler</STRONG> (Thumb, 0 bytes, Stack size 0 bytes, startup_m2sxxx.o(.text))
<BR>[Address Reference Count : 1]<UL><LI> startup_m2sxxx.o(RESET)
</UL>
<P><STRONG><a name="[3e]"></a>GPIO1_IRQHandler</STRONG> (Thumb, 0 bytes, Stack size 0 bytes, startup_m2sxxx.o(.text))
<BR>[Address Reference Count : 1]<UL><LI> startup_m2sxxx.o(RESET)
</UL>
<P><STRONG><a name="[51]"></a>GPIO20_IRQHandler</STRONG> (Thumb, 0 bytes, Stack size 0 bytes, startup_m2sxxx.o(.text))
<BR>[Address Reference Count : 1]<UL><LI> startup_m2sxxx.o(RESET)
</UL>
<P><STRONG><a name="[52]"></a>GPIO21_IRQHandler</STRONG> (Thumb, 0 bytes, Stack size 0 bytes, startup_m2sxxx.o(.text))
<BR>[Address Reference Count : 1]<UL><LI> startup_m2sxxx.o(RESET)
</UL>
<P><STRONG><a name="[53]"></a>GPIO22_IRQHandler</STRONG> (Thumb, 0 bytes, Stack size 0 bytes, startup_m2sxxx.o(.text))
<BR>[Address Reference Count : 1]<UL><LI> startup_m2sxxx.o(RESET)
</UL>
<P><STRONG><a name="[54]"></a>GPIO23_IRQHandler</STRONG> (Thumb, 0 bytes, Stack size 0 bytes, startup_m2sxxx.o(.text))
<BR>[Address Reference Count : 1]<UL><LI> startup_m2sxxx.o(RESET)
</UL>
<P><STRONG><a name="[55]"></a>GPIO24_IRQHandler</STRONG> (Thumb, 0 bytes, Stack size 0 bytes, startup_m2sxxx.o(.text))
<BR>[Address Reference Count : 1]<UL><LI> startup_m2sxxx.o(RESET)
</UL>
<P><STRONG><a name="[56]"></a>GPIO25_IRQHandler</STRONG> (Thumb, 0 bytes, Stack size 0 bytes, startup_m2sxxx.o(.text))
<BR>[Address Reference Count : 1]<UL><LI> startup_m2sxxx.o(RESET)
</UL>
<P><STRONG><a name="[57]"></a>GPIO26_IRQHandler</STRONG> (Thumb, 0 bytes, Stack size 0 bytes, startup_m2sxxx.o(.text))
<BR>[Address Reference Count : 1]<UL><LI> startup_m2sxxx.o(RESET)
</UL>
<P><STRONG><a name="[58]"></a>GPIO27_IRQHandler</STRONG> (Thumb, 0 bytes, Stack size 0 bytes, startup_m2sxxx.o(.text))
<BR>[Address Reference Count : 1]<UL><LI> startup_m2sxxx.o(RESET)
</UL>
<P><STRONG><a name="[59]"></a>GPIO28_IRQHandler</STRONG> (Thumb, 0 bytes, Stack size 0 bytes, startup_m2sxxx.o(.text))
<BR>[Address Reference Count : 1]<UL><LI> startup_m2sxxx.o(RESET)
</UL>
<P><STRONG><a name="[5a]"></a>GPIO29_IRQHandler</STRONG> (Thumb, 0 bytes, Stack size 0 bytes, startup_m2sxxx.o(.text))
<BR>[Address Reference Count : 1]<UL><LI> startup_m2sxxx.o(RESET)
</UL>
<P><STRONG><a name="[3f]"></a>GPIO2_IRQHandler</STRONG> (Thumb, 0 bytes, Stack size 0 bytes, startup_m2sxxx.o(.text))
<BR>[Address Reference Count : 1]<UL><LI> startup_m2sxxx.o(RESET)
</UL>
<P><STRONG><a name="[5b]"></a>GPIO30_IRQHandler</STRONG> (Thumb, 0 bytes, Stack size 0 bytes, startup_m2sxxx.o(.text))
<BR>[Address Reference Count : 1]<UL><LI> startup_m2sxxx.o(RESET)
</UL>
<P><STRONG><a name="[5c]"></a>GPIO31_IRQHandler</STRONG> (Thumb, 0 bytes, Stack size 0 bytes, startup_m2sxxx.o(.text))
<BR>[Address Reference Count : 1]<UL><LI> startup_m2sxxx.o(RESET)
</UL>
<P><STRONG><a name="[40]"></a>GPIO3_IRQHandler</STRONG> (Thumb, 0 bytes, Stack size 0 bytes, startup_m2sxxx.o(.text))
<BR>[Address Reference Count : 1]<UL><LI> startup_m2sxxx.o(RESET)
</UL>
<P><STRONG><a name="[41]"></a>GPIO4_IRQHandler</STRONG> (Thumb, 0 bytes, Stack size 0 bytes, startup_m2sxxx.o(.text))
<BR>[Address Reference Count : 1]<UL><LI> startup_m2sxxx.o(RESET)
</UL>
<P><STRONG><a name="[42]"></a>GPIO5_IRQHandler</STRONG> (Thumb, 0 bytes, Stack size 0 bytes, startup_m2sxxx.o(.text))
<BR>[Address Reference Count : 1]<UL><LI> startup_m2sxxx.o(RESET)
</UL>
<P><STRONG><a name="[43]"></a>GPIO6_IRQHandler</STRONG> (Thumb, 0 bytes, Stack size 0 bytes, startup_m2sxxx.o(.text))
<BR>[Address Reference Count : 1]<UL><LI> startup_m2sxxx.o(RESET)
</UL>
<P><STRONG><a name="[44]"></a>GPIO7_IRQHandler</STRONG> (Thumb, 0 bytes, Stack size 0 bytes, startup_m2sxxx.o(.text))
<BR>[Address Reference Count : 1]<UL><LI> startup_m2sxxx.o(RESET)
</UL>
<P><STRONG><a name="[45]"></a>GPIO8_IRQHandler</STRONG> (Thumb, 0 bytes, Stack size 0 bytes, startup_m2sxxx.o(.text))
<BR>[Address Reference Count : 1]<UL><LI> startup_m2sxxx.o(RESET)
</UL>
<P><STRONG><a name="[46]"></a>GPIO9_IRQHandler</STRONG> (Thumb, 0 bytes, Stack size 0 bytes, startup_m2sxxx.o(.text))
<BR>[Address Reference Count : 1]<UL><LI> startup_m2sxxx.o(RESET)
</UL>
<P><STRONG><a name="[26]"></a>HPDMA_Complete_IRQHandler</STRONG> (Thumb, 0 bytes, Stack size 0 bytes, startup_m2sxxx.o(.text))
<BR>[Address Reference Count : 1]<UL><LI> startup_m2sxxx.o(RESET)
</UL>
<P><STRONG><a name="[27]"></a>HPDMA_Error_IRQHandler</STRONG> (Thumb, 0 bytes, Stack size 0 bytes, startup_m2sxxx.o(.text))
<BR>[Address Reference Count : 1]<UL><LI> startup_m2sxxx.o(RESET)
</UL>
<P><STRONG><a name="[f]"></a>I2C0_IRQHandler</STRONG> (Thumb, 0 bytes, Stack size 0 bytes, startup_m2sxxx.o(.text))
<BR>[Address Reference Count : 1]<UL><LI> startup_m2sxxx.o(RESET)
</UL>
<P><STRONG><a name="[10]"></a>I2C0_SMBAlert_IRQHandler</STRONG> (Thumb, 0 bytes, Stack size 0 bytes, startup_m2sxxx.o(.text))
<BR>[Address Reference Count : 1]<UL><LI> startup_m2sxxx.o(RESET)
</UL>
<P><STRONG><a name="[11]"></a>I2C0_SMBus_IRQHandler</STRONG> (Thumb, 0 bytes, Stack size 0 bytes, startup_m2sxxx.o(.text))
<BR>[Address Reference Count : 1]<UL><LI> startup_m2sxxx.o(RESET)
</UL>
<P><STRONG><a name="[12]"></a>I2C1_IRQHandler</STRONG> (Thumb, 0 bytes, Stack size 0 bytes, startup_m2sxxx.o(.text))
<BR>[Address Reference Count : 1]<UL><LI> startup_m2sxxx.o(RESET)
</UL>
<P><STRONG><a name="[13]"></a>I2C1_SMBAlert_IRQHandler</STRONG> (Thumb, 0 bytes, Stack size 0 bytes, startup_m2sxxx.o(.text))
<BR>[Address Reference Count : 1]<UL><LI> startup_m2sxxx.o(RESET)
</UL>
<P><STRONG><a name="[14]"></a>I2C1_SMBus_IRQHandler</STRONG> (Thumb, 0 bytes, Stack size 0 bytes, startup_m2sxxx.o(.text))
<BR>[Address Reference Count : 1]<UL><LI> startup_m2sxxx.o(RESET)
</UL>
<P><STRONG><a name="[29]"></a>MDDR_IOCalib_IRQHandler</STRONG> (Thumb, 0 bytes, Stack size 0 bytes, startup_m2sxxx.o(.text))
<BR>[Address Reference Count : 1]<UL><LI> startup_m2sxxx.o(RESET)
</UL>
<P><STRONG><a name="[22]"></a>PLL_LockLost_IRQHandler</STRONG> (Thumb, 0 bytes, Stack size 0 bytes, startup_m2sxxx.o(.text))
<BR>[Address Reference Count : 1]<UL><LI> startup_m2sxxx.o(RESET)
</UL>
<P><STRONG><a name="[21]"></a>PLL_Lock_IRQHandler</STRONG> (Thumb, 0 bytes, Stack size 0 bytes, startup_m2sxxx.o(.text))
<BR>[Address Reference Count : 1]<UL><LI> startup_m2sxxx.o(RESET)
</UL>
<P><STRONG><a name="[c]"></a>RTC_Wakeup_IRQHandler</STRONG> (Thumb, 0 bytes, Stack size 0 bytes, startup_m2sxxx.o(.text))
<BR>[Address Reference Count : 1]<UL><LI> startup_m2sxxx.o(RESET)
</UL>
<P><STRONG><a name="[d]"></a>SPI0_IRQHandler</STRONG> (Thumb, 0 bytes, Stack size 0 bytes, startup_m2sxxx.o(.text))
<BR>[Address Reference Count : 1]<UL><LI> startup_m2sxxx.o(RESET)
</UL>
<P><STRONG><a name="[e]"></a>SPI1_IRQHandler</STRONG> (Thumb, 0 bytes, Stack size 0 bytes, startup_m2sxxx.o(.text))
<BR>[Address Reference Count : 1]<UL><LI> startup_m2sxxx.o(RESET)
</UL>
<P><STRONG><a name="[19]"></a>Timer1_IRQHandler</STRONG> (Thumb, 0 bytes, Stack size 0 bytes, startup_m2sxxx.o(.text))
<BR>[Address Reference Count : 1]<UL><LI> startup_m2sxxx.o(RESET)
</UL>
<P><STRONG><a name="[1a]"></a>Timer2_IRQHandler</STRONG> (Thumb, 0 bytes, Stack size 0 bytes, startup_m2sxxx.o(.text))
<BR>[Address Reference Count : 1]<UL><LI> startup_m2sxxx.o(RESET)
</UL>
<P><STRONG><a name="[15]"></a>UART0_IRQHandler</STRONG> (Thumb, 0 bytes, Stack size 0 bytes, startup_m2sxxx.o(.text))
<BR>[Address Reference Count : 1]<UL><LI> startup_m2sxxx.o(RESET)
</UL>
<P><STRONG><a name="[16]"></a>UART1_IRQHandler</STRONG> (Thumb, 0 bytes, Stack size 0 bytes, startup_m2sxxx.o(.text))
<BR>[Address Reference Count : 1]<UL><LI> startup_m2sxxx.o(RESET)
</UL>
<P><STRONG><a name="[20]"></a>USB_DMA_IRQHandler</STRONG> (Thumb, 0 bytes, Stack size 0 bytes, startup_m2sxxx.o(.text))
<BR>[Address Reference Count : 1]<UL><LI> startup_m2sxxx.o(RESET)
</UL>
<P><STRONG><a name="[1f]"></a>USB_IRQHandler</STRONG> (Thumb, 0 bytes, Stack size 0 bytes, startup_m2sxxx.o(.text))
<BR>[Address Reference Count : 1]<UL><LI> startup_m2sxxx.o(RESET)
</UL>
<P><STRONG><a name="[b]"></a>WdogWakeup_IRQHandler</STRONG> (Thumb, 0 bytes, Stack size 0 bytes, startup_m2sxxx.o(.text))
<BR>[Address Reference Count : 1]<UL><LI> startup_m2sxxx.o(RESET)
</UL>
<P><STRONG><a name="[0]"></a>mscc_post_hw_cfg_init</STRONG> (Thumb, 2 bytes, Stack size 0 bytes, startup_m2sxxx.o(.text), UNUSED)

<P><STRONG><a name="[62]"></a>__scatterload</STRONG> (Thumb, 28 bytes, Stack size 0 bytes, init.o(.text))
<BR><BR>[Calls]<UL><LI><a href="#[64]">&gt;&gt;</a>&nbsp;&nbsp;&nbsp;__main_after_scatterload
</UL>
<BR>[Called By]<UL><LI><a href="#[61]">&gt;&gt;</a>&nbsp;&nbsp;&nbsp;_main_scatterload
</UL>

<P><STRONG><a name="[71]"></a>__scatterload_rt2</STRONG> (Thumb, 0 bytes, Stack size 0 bytes, init.o(.text), UNUSED)

<P><STRONG><a name="[5f]"></a>low_level_init</STRONG> (Thumb, 38 bytes, Stack size 12 bytes, low_level_init.o(.text))
<BR><BR>[Stack]<UL><LI>Max Depth = 12<LI>Call Chain = low_level_init
</UL>
<BR>[Address Reference Count : 1]<UL><LI> startup_m2sxxx.o(.text)
</UL>
<P><STRONG><a name="[5e]"></a>SystemInit</STRONG> (Thumb, 24 bytes, Stack size 8 bytes, system_m2sxxx.o(.text))
<BR><BR>[Stack]<UL><LI>Max Depth = 16<LI>Call Chain = SystemInit &rArr; silicon_workarounds
</UL>
<BR>[Calls]<UL><LI><a href="#[65]">&gt;&gt;</a>&nbsp;&nbsp;&nbsp;silicon_workarounds
</UL>
<BR>[Address Reference Count : 1]<UL><LI> startup_m2sxxx.o(.text)
</UL>
<P><STRONG><a name="[68]"></a>SystemCoreClockUpdate</STRONG> (Thumb, 164 bytes, Stack size 32 bytes, system_m2sxxx.o(.text), UNUSED)
<BR><BR>[Calls]<UL><LI><a href="#[69]">&gt;&gt;</a>&nbsp;&nbsp;&nbsp;get_rcosc_25_50mhz_frequency
<LI><a href="#[6a]">&gt;&gt;</a>&nbsp;&nbsp;&nbsp;set_clock_frequency_globals
</UL>

<P><STRONG><a name="[72]"></a>__scatterload_copy</STRONG> (Thumb, 14 bytes, Stack size unknown bytes, handlers.o(i.__scatterload_copy), UNUSED)

<P><STRONG><a name="[73]"></a>__scatterload_null</STRONG> (Thumb, 2 bytes, Stack size unknown bytes, handlers.o(i.__scatterload_null), UNUSED)

<P><STRONG><a name="[74]"></a>__scatterload_zeroinit</STRONG> (Thumb, 14 bytes, Stack size unknown bytes, handlers.o(i.__scatterload_zeroinit), UNUSED)
<P>
<H3>
Local Symbols
</H3>
<P><STRONG><a name="[63]"></a>fill_memory</STRONG> (Thumb, 118 bytes, Stack size 0 bytes, startup_m2sxxx.o(.text))
<BR><BR>[Called By]<UL><LI><a href="#[1]">&gt;&gt;</a>&nbsp;&nbsp;&nbsp;Reset_Handler
</UL>

<P><STRONG><a name="[67]"></a>m2s050_rev_a_workarounds</STRONG> (Thumb, 32 bytes, Stack size 0 bytes, system_m2sxxx.o(.text))
<BR><BR>[Called By]<UL><LI><a href="#[65]">&gt;&gt;</a>&nbsp;&nbsp;&nbsp;silicon_workarounds
</UL>

<P><STRONG><a name="[66]"></a>get_silicon_revision</STRONG> (Thumb, 38 bytes, Stack size 0 bytes, system_m2sxxx.o(.text))
<BR><BR>[Called By]<UL><LI><a href="#[65]">&gt;&gt;</a>&nbsp;&nbsp;&nbsp;silicon_workarounds
</UL>

<P><STRONG><a name="[65]"></a>silicon_workarounds</STRONG> (Thumb, 36 bytes, Stack size 8 bytes, system_m2sxxx.o(.text))
<BR><BR>[Stack]<UL><LI>Max Depth = 8<LI>Call Chain = silicon_workarounds
</UL>
<BR>[Calls]<UL><LI><a href="#[66]">&gt;&gt;</a>&nbsp;&nbsp;&nbsp;get_silicon_revision
<LI><a href="#[67]">&gt;&gt;</a>&nbsp;&nbsp;&nbsp;m2s050_rev_a_workarounds
</UL>
<BR>[Called By]<UL><LI><a href="#[5e]">&gt;&gt;</a>&nbsp;&nbsp;&nbsp;SystemInit
</UL>

<P><STRONG><a name="[6a]"></a>set_clock_frequency_globals</STRONG> (Thumb, 32 bytes, Stack size 0 bytes, system_m2sxxx.o(.text), UNUSED)
<BR><BR>[Called By]<UL><LI><a href="#[68]">&gt;&gt;</a>&nbsp;&nbsp;&nbsp;SystemCoreClockUpdate
</UL>

<P><STRONG><a name="[69]"></a>get_rcosc_25_50mhz_frequency</STRONG> (Thumb, 20 bytes, Stack size 0 bytes, system_m2sxxx.o(.text), UNUSED)
<BR><BR>[Called By]<UL><LI><a href="#[68]">&gt;&gt;</a>&nbsp;&nbsp;&nbsp;SystemCoreClockUpdate
</UL>
<P>
<H3>
Undefined Global Symbols
</H3><HR></body></html>
