<html>
<body>
<pre>
<h1>µVision Build Log</h1>
<h2>Tool Versions:</h2>
IDE-Version: ¦ÌVision V5.18.0.0
Copyright (C) 2016 ARM Ltd and ARM Germany GmbH. All rights reserved.
License Information: a Microsoft, Microsoft, LIC=9WS63-AKX11-5TA3W-QC6FA-IYFSW-GUV21
 
Tool Versions:
Toolchain:       MDK-ARM Standard  Version: 5.18
Toolchain Path:  C:\Keil_v5\ARM\ARMCC\Bin
C Compiler:      Armcc.exe V5.06 update 1 (build 61)
Assembler:       Armasm.exe V5.06 update 1 (build 61)
Linker/Locator:  ArmLink.exe V5.06 update 1 (build 61)
Library Manager: ArmAr.exe V5.06 update 1 (build 61)
Hex Converter:   FromElf.exe V5.06 update 1 (build 61)
CPU DLL:         SARMCM3.DLL V5.18
Dialog DLL:      DLM.DLL V1.24.0.0
Target DLL:      UL2CM3.DLL V1.157.5.0
Dialog DLL:      TLM.DLL V1.22.0.2
 
<h2>Project:</h2>
C:\Users\AndersonHan\Desktop\BentoBox\CoreBoardExt\Keil\M2sExt_sb_MSS_CM3_app.uvproj
Project File Date:  08/28/2016

<h2>Output:</h2>
*** Using Compiler 'V5.06 update 1 (build 61)', folder: 'C:\Keil_v5\ARM\ARMCC\Bin'
Build Project 'M2sExt_sb_MSS_CM3_app' - Target 'Cortex-M3 Flash'
compiling main.c...
linking...
Program Size: Code=860 RO-data=424 RW-data=28 ZI-data=4100  
".\obj\M2sExt_sb_MSS_CM3_app.axf" - 0 Error(s), 0 Warning(s).
Build Time Elapsed:  00:00:01
</pre>
</body>
</html>
