Component: ARM Compiler 5.06 update 1 (build 61) Tool: armlink [4d35a8]

==============================================================================

Section Cross References

    entry.o(.ARM.Collect$$$$00000000) refers (Special) to entry10a.o(.ARM.Collect$$$$0000000D) for __rt_final_cpp
    entry.o(.ARM.Collect$$$$00000000) refers (Special) to entry11a.o(.ARM.Collect$$$$0000000F) for __rt_final_exit
    entry.o(.ARM.Collect$$$$00000000) refers (Special) to entry7b.o(.ARM.Collect$$$$00000008) for _main_clock
    entry.o(.ARM.Collect$$$$00000000) refers (Special) to entry8b.o(.ARM.Collect$$$$0000000A) for _main_cpp_init
    entry.o(.ARM.Collect$$$$00000000) refers (Special) to entry9a.o(.ARM.Collect$$$$0000000B) for _main_init
    entry.o(.ARM.Collect$$$$00000000) refers (Special) to entry5.o(.ARM.Collect$$$$00000004) for _main_scatterload
    entry.o(.ARM.Collect$$$$00000000) refers (Special) to entry2.o(.ARM.Collect$$$$00000001) for _main_stk
    entry2.o(.ARM.Collect$$$$00000001) refers to entry2.o(.ARM.Collect$$$$00002712) for __lit__00000000
    entry2.o(.ARM.Collect$$$$00002712) refers to startup_m2sxxx.o(STACK) for __initial_sp
    entry2.o(__vectab_stack_and_reset_area) refers to startup_m2sxxx.o(STACK) for __initial_sp
    entry2.o(__vectab_stack_and_reset_area) refers to entry.o(.ARM.Collect$$$$00000000) for __main
    entry5.o(.ARM.Collect$$$$00000004) refers to init.o(.text) for __scatterload
    entry9a.o(.ARM.Collect$$$$0000000B) refers to main.o(.text) for main
    entry9b.o(.ARM.Collect$$$$0000000C) refers to main.o(.text) for main
    startup_m2sxxx.o(RESET) refers to startup_m2sxxx.o(STACK) for __initial_sp
    startup_m2sxxx.o(RESET) refers to startup_m2sxxx.o(.text) for Reset_Handler
    startup_m2sxxx.o(.text) refers to startup_m2sxxx.o(STACK) for stack_start
    startup_m2sxxx.o(.text) refers to system_m2sxxx.o(.text) for SystemInit
    startup_m2sxxx.o(.text) refers to low_level_init.o(.text) for low_level_init
    startup_m2sxxx.o(.text) refers to startup_m2sxxx.o(HEAP) for __heap_base
    startup_m2sxxx.o(.text) refers to entry.o(.ARM.Collect$$$$00000000) for __main
    init.o(.text) refers to entry5.o(.ARM.Collect$$$$00000004) for __main_after_scatterload
    system_m2sxxx.o(.text) refers to system_m2sxxx.o(.data) for SystemCoreClock


==============================================================================

Removing Unused input sections from the image.

    Removing low_level_init.o(.rev16_text), (4 bytes).
    Removing low_level_init.o(.revsh_text), (4 bytes).
    Removing system_m2sxxx.o(.rev16_text), (4 bytes).
    Removing system_m2sxxx.o(.revsh_text), (4 bytes).

4 unused section(s) (total 16 bytes) removed from the image.

==============================================================================

Image Symbol Table

    Local Symbols

    Symbol Name                              Value     Ov Type        Size  Object(Section)

    RESET                                    0x00000000   Section      392  startup_m2sxxx.o(RESET)
    ../clib/microlib/init/entry.s            0x00000000   Number         0  entry7b.o ABSOLUTE
    ../clib/microlib/init/entry.s            0x00000000   Number         0  entry10b.o ABSOLUTE
    ../clib/microlib/init/entry.s            0x00000000   Number         0  entry.o ABSOLUTE
    ../clib/microlib/init/entry.s            0x00000000   Number         0  entry11a.o ABSOLUTE
    ../clib/microlib/init/entry.s            0x00000000   Number         0  entry2.o ABSOLUTE
    ../clib/microlib/init/entry.s            0x00000000   Number         0  entry11b.o ABSOLUTE
    ../clib/microlib/init/entry.s            0x00000000   Number         0  entry5.o ABSOLUTE
    ../clib/microlib/init/entry.s            0x00000000   Number         0  entry7a.o ABSOLUTE
    ../clib/microlib/init/entry.s            0x00000000   Number         0  entry8a.o ABSOLUTE
    ../clib/microlib/init/entry.s            0x00000000   Number         0  entry8b.o ABSOLUTE
    ../clib/microlib/init/entry.s            0x00000000   Number         0  entry9a.o ABSOLUTE
    ../clib/microlib/init/entry.s            0x00000000   Number         0  entry9b.o ABSOLUTE
    ../clib/microlib/init/entry.s            0x00000000   Number         0  entry10a.o ABSOLUTE
    CMSIS/startup_arm/low_level_init.c       0x00000000   Number         0  low_level_init.o ABSOLUTE
    CMSIS/startup_arm/startup_m2sxxx.s       0x00000000   Number         0  startup_m2sxxx.o ABSOLUTE
    CMSIS/system_m2sxxx.c                    0x00000000   Number         0  system_m2sxxx.o ABSOLUTE
    CMSIS\startup_arm\low_level_init.c       0x00000000   Number         0  low_level_init.o ABSOLUTE
    CMSIS\system_m2sxxx.c                    0x00000000   Number         0  system_m2sxxx.o ABSOLUTE
    dc.s                                     0x00000000   Number         0  dc.o ABSOLUTE
    handlers.s                               0x00000000   Number         0  handlers.o ABSOLUTE
    init.s                                   0x00000000   Number         0  init.o ABSOLUTE
    main.c                                   0x00000000   Number         0  main.o ABSOLUTE
    .ARM.Collect$$$$00000000                 0x00000188   Section        0  entry.o(.ARM.Collect$$$$00000000)
    .ARM.Collect$$$$00000001                 0x00000188   Section        4  entry2.o(.ARM.Collect$$$$00000001)
    .ARM.Collect$$$$00000004                 0x0000018c   Section        4  entry5.o(.ARM.Collect$$$$00000004)
    .ARM.Collect$$$$00000008                 0x00000190   Section        0  entry7b.o(.ARM.Collect$$$$00000008)
    .ARM.Collect$$$$0000000A                 0x00000190   Section        0  entry8b.o(.ARM.Collect$$$$0000000A)
    .ARM.Collect$$$$0000000B                 0x00000190   Section        8  entry9a.o(.ARM.Collect$$$$0000000B)
    .ARM.Collect$$$$0000000D                 0x00000198   Section        0  entry10a.o(.ARM.Collect$$$$0000000D)
    .ARM.Collect$$$$0000000F                 0x00000198   Section        0  entry11a.o(.ARM.Collect$$$$0000000F)
    .ARM.Collect$$$$00002712                 0x00000198   Section        4  entry2.o(.ARM.Collect$$$$00002712)
    __lit__00000000                          0x00000198   Data           4  entry2.o(.ARM.Collect$$$$00002712)
    .text                                    0x0000019c   Section        0  main.o(.text)
    .text                                    0x000001a0   Section      304  startup_m2sxxx.o(.text)
    fill_memory                              0x00000229   Thumb Code   118  startup_m2sxxx.o(.text)
    .text                                    0x000002d0   Section       36  init.o(.text)
    .text                                    0x000002f4   Section        0  low_level_init.o(.text)
    .text                                    0x0000032c   Section        0  system_m2sxxx.o(.text)
    m2s050_rev_a_workarounds                 0x0000032d   Thumb Code    32  system_m2sxxx.o(.text)
    get_silicon_revision                     0x0000034d   Thumb Code    38  system_m2sxxx.o(.text)
    silicon_workarounds                      0x00000373   Thumb Code    36  system_m2sxxx.o(.text)
    set_clock_frequency_globals              0x000003af   Thumb Code    32  system_m2sxxx.o(.text)
    get_rcosc_25_50mhz_frequency             0x000003cf   Thumb Code    20  system_m2sxxx.o(.text)
    i.__scatterload_copy                     0x000004c4   Section       14  handlers.o(i.__scatterload_copy)
    i.__scatterload_null                     0x000004d2   Section        2  handlers.o(i.__scatterload_null)
    i.__scatterload_zeroinit                 0x000004d4   Section       14  handlers.o(i.__scatterload_zeroinit)
    .data                                    0x20000000   Section       28  system_m2sxxx.o(.data)
    HEAP                                     0x20000020   Section        0  startup_m2sxxx.o(HEAP)
    STACK                                    0x20000020   Section     4096  startup_m2sxxx.o(STACK)
    stack_start                              0x20000020   Data           0  startup_m2sxxx.o(STACK)
    stack_end                                0x20001020   Data           0  startup_m2sxxx.o(STACK)

    Global Symbols

    Symbol Name                              Value     Ov Type        Size  Object(Section)

    BuildAttributes$$THM_ISAv4$P$D$K$B$S$PE$A:L22UL41UL21$X:L11$S22US41US21$IEEE1$IW$USESV6$~STKCKD$USESV7$~SHL$OSPACE$EBA8$MICROLIB$REQ8$PRES8$EABIv2 0x00000000   Number         0  anon$$obj.o ABSOLUTE
    Image$$ER_RO$$Base                       0x00000000   Number         0  anon$$obj.o ABSOLUTE
    __ARM_use_no_argv                        0x00000000   Number         0  main.o ABSOLUTE
    __Vectors                                0x00000000   Data           4  startup_m2sxxx.o(RESET)
    __cpp_initialize__aeabi_                  - Undefined Weak Reference
    __cxa_finalize                            - Undefined Weak Reference
    __decompress                              - Undefined Weak Reference
    _clock_init                               - Undefined Weak Reference
    _microlib_exit                            - Undefined Weak Reference
    __Vectors_End                            0x00000188   Data           0  startup_m2sxxx.o(RESET)
    __Vectors_Size                           0x00000188   Number         0  startup_m2sxxx.o ABSOLUTE
    __main                                   0x00000189   Thumb Code     0  entry.o(.ARM.Collect$$$$00000000)
    _main_stk                                0x00000189   Thumb Code     0  entry2.o(.ARM.Collect$$$$00000001)
    _main_scatterload                        0x0000018d   Thumb Code     0  entry5.o(.ARM.Collect$$$$00000004)
    __main_after_scatterload                 0x00000191   Thumb Code     0  entry5.o(.ARM.Collect$$$$00000004)
    _main_clock                              0x00000191   Thumb Code     0  entry7b.o(.ARM.Collect$$$$00000008)
    _main_cpp_init                           0x00000191   Thumb Code     0  entry8b.o(.ARM.Collect$$$$0000000A)
    _main_init                               0x00000191   Thumb Code     0  entry9a.o(.ARM.Collect$$$$0000000B)
    __rt_final_cpp                           0x00000199   Thumb Code     0  entry10a.o(.ARM.Collect$$$$0000000D)
    __rt_final_exit                          0x00000199   Thumb Code     0  entry11a.o(.ARM.Collect$$$$0000000F)
    main                                     0x0000019d   Thumb Code     4  main.o(.text)
    Reset_Handler                            0x000001a1   Thumb Code   112  startup_m2sxxx.o(.text)
    NMI_Handler                              0x0000029f   Thumb Code     2  startup_m2sxxx.o(.text)
    HardFault_Handler                        0x000002a1   Thumb Code     2  startup_m2sxxx.o(.text)
    MemManage_Handler                        0x000002a3   Thumb Code     2  startup_m2sxxx.o(.text)
    BusFault_Handler                         0x000002a5   Thumb Code     2  startup_m2sxxx.o(.text)
    UsageFault_Handler                       0x000002a7   Thumb Code     2  startup_m2sxxx.o(.text)
    SVC_Handler                              0x000002a9   Thumb Code     2  startup_m2sxxx.o(.text)
    DebugMon_Handler                         0x000002ab   Thumb Code     2  startup_m2sxxx.o(.text)
    PendSV_Handler                           0x000002ad   Thumb Code     2  startup_m2sxxx.o(.text)
    SysTick_Handler                          0x000002af   Thumb Code     2  startup_m2sxxx.o(.text)
    CAN_IRQHandler                           0x000002b1   Thumb Code     0  startup_m2sxxx.o(.text)
    CacheError_IRQHandler                    0x000002b1   Thumb Code     0  startup_m2sxxx.o(.text)
    ComBlk_IRQHandler                        0x000002b1   Thumb Code     0  startup_m2sxxx.o(.text)
    CommSwitchError_IRQHandler               0x000002b1   Thumb Code     0  startup_m2sxxx.o(.text)
    DDR_IRQHandler                           0x000002b1   Thumb Code     0  startup_m2sxxx.o(.text)
    DMA_IRQHandler                           0x000002b1   Thumb Code     0  startup_m2sxxx.o(.text)
    ECC_Error_IRQHandler                     0x000002b1   Thumb Code     0  startup_m2sxxx.o(.text)
    ENVM0_IRQHandler                         0x000002b1   Thumb Code     0  startup_m2sxxx.o(.text)
    ENVM1_IRQHandler                         0x000002b1   Thumb Code     0  startup_m2sxxx.o(.text)
    EthernetMAC_IRQHandler                   0x000002b1   Thumb Code     0  startup_m2sxxx.o(.text)
    FAB_PLL_LockLost_IRQHandler              0x000002b1   Thumb Code     0  startup_m2sxxx.o(.text)
    FAB_PLL_Lock_IRQHandler                  0x000002b1   Thumb Code     0  startup_m2sxxx.o(.text)
    FIC64_IRQHandler                         0x000002b1   Thumb Code     0  startup_m2sxxx.o(.text)
    FabricIrq0_IRQHandler                    0x000002b1   Thumb Code     0  startup_m2sxxx.o(.text)
    FabricIrq10_IRQHandler                   0x000002b1   Thumb Code     0  startup_m2sxxx.o(.text)
    FabricIrq11_IRQHandler                   0x000002b1   Thumb Code     0  startup_m2sxxx.o(.text)
    FabricIrq12_IRQHandler                   0x000002b1   Thumb Code     0  startup_m2sxxx.o(.text)
    FabricIrq13_IRQHandler                   0x000002b1   Thumb Code     0  startup_m2sxxx.o(.text)
    FabricIrq14_IRQHandler                   0x000002b1   Thumb Code     0  startup_m2sxxx.o(.text)
    FabricIrq15_IRQHandler                   0x000002b1   Thumb Code     0  startup_m2sxxx.o(.text)
    FabricIrq1_IRQHandler                    0x000002b1   Thumb Code     0  startup_m2sxxx.o(.text)
    FabricIrq2_IRQHandler                    0x000002b1   Thumb Code     0  startup_m2sxxx.o(.text)
    FabricIrq3_IRQHandler                    0x000002b1   Thumb Code     0  startup_m2sxxx.o(.text)
    FabricIrq4_IRQHandler                    0x000002b1   Thumb Code     0  startup_m2sxxx.o(.text)
    FabricIrq5_IRQHandler                    0x000002b1   Thumb Code     0  startup_m2sxxx.o(.text)
    FabricIrq6_IRQHandler                    0x000002b1   Thumb Code     0  startup_m2sxxx.o(.text)
    FabricIrq7_IRQHandler                    0x000002b1   Thumb Code     0  startup_m2sxxx.o(.text)
    FabricIrq8_IRQHandler                    0x000002b1   Thumb Code     0  startup_m2sxxx.o(.text)
    FabricIrq9_IRQHandler                    0x000002b1   Thumb Code     0  startup_m2sxxx.o(.text)
    GPIO0_IRQHandler                         0x000002b1   Thumb Code     0  startup_m2sxxx.o(.text)
    GPIO10_IRQHandler                        0x000002b1   Thumb Code     0  startup_m2sxxx.o(.text)
    GPIO11_IRQHandler                        0x000002b1   Thumb Code     0  startup_m2sxxx.o(.text)
    GPIO12_IRQHandler                        0x000002b1   Thumb Code     0  startup_m2sxxx.o(.text)
    GPIO13_IRQHandler                        0x000002b1   Thumb Code     0  startup_m2sxxx.o(.text)
    GPIO14_IRQHandler                        0x000002b1   Thumb Code     0  startup_m2sxxx.o(.text)
    GPIO15_IRQHandler                        0x000002b1   Thumb Code     0  startup_m2sxxx.o(.text)
    GPIO16_IRQHandler                        0x000002b1   Thumb Code     0  startup_m2sxxx.o(.text)
    GPIO17_IRQHandler                        0x000002b1   Thumb Code     0  startup_m2sxxx.o(.text)
    GPIO18_IRQHandler                        0x000002b1   Thumb Code     0  startup_m2sxxx.o(.text)
    GPIO19_IRQHandler                        0x000002b1   Thumb Code     0  startup_m2sxxx.o(.text)
    GPIO1_IRQHandler                         0x000002b1   Thumb Code     0  startup_m2sxxx.o(.text)
    GPIO20_IRQHandler                        0x000002b1   Thumb Code     0  startup_m2sxxx.o(.text)
    GPIO21_IRQHandler                        0x000002b1   Thumb Code     0  startup_m2sxxx.o(.text)
    GPIO22_IRQHandler                        0x000002b1   Thumb Code     0  startup_m2sxxx.o(.text)
    GPIO23_IRQHandler                        0x000002b1   Thumb Code     0  startup_m2sxxx.o(.text)
    GPIO24_IRQHandler                        0x000002b1   Thumb Code     0  startup_m2sxxx.o(.text)
    GPIO25_IRQHandler                        0x000002b1   Thumb Code     0  startup_m2sxxx.o(.text)
    GPIO26_IRQHandler                        0x000002b1   Thumb Code     0  startup_m2sxxx.o(.text)
    GPIO27_IRQHandler                        0x000002b1   Thumb Code     0  startup_m2sxxx.o(.text)
    GPIO28_IRQHandler                        0x000002b1   Thumb Code     0  startup_m2sxxx.o(.text)
    GPIO29_IRQHandler                        0x000002b1   Thumb Code     0  startup_m2sxxx.o(.text)
    GPIO2_IRQHandler                         0x000002b1   Thumb Code     0  startup_m2sxxx.o(.text)
    GPIO30_IRQHandler                        0x000002b1   Thumb Code     0  startup_m2sxxx.o(.text)
    GPIO31_IRQHandler                        0x000002b1   Thumb Code     0  startup_m2sxxx.o(.text)
    GPIO3_IRQHandler                         0x000002b1   Thumb Code     0  startup_m2sxxx.o(.text)
    GPIO4_IRQHandler                         0x000002b1   Thumb Code     0  startup_m2sxxx.o(.text)
    GPIO5_IRQHandler                         0x000002b1   Thumb Code     0  startup_m2sxxx.o(.text)
    GPIO6_IRQHandler                         0x000002b1   Thumb Code     0  startup_m2sxxx.o(.text)
    GPIO7_IRQHandler                         0x000002b1   Thumb Code     0  startup_m2sxxx.o(.text)
    GPIO8_IRQHandler                         0x000002b1   Thumb Code     0  startup_m2sxxx.o(.text)
    GPIO9_IRQHandler                         0x000002b1   Thumb Code     0  startup_m2sxxx.o(.text)
    HPDMA_Complete_IRQHandler                0x000002b1   Thumb Code     0  startup_m2sxxx.o(.text)
    HPDMA_Error_IRQHandler                   0x000002b1   Thumb Code     0  startup_m2sxxx.o(.text)
    I2C0_IRQHandler                          0x000002b1   Thumb Code     0  startup_m2sxxx.o(.text)
    I2C0_SMBAlert_IRQHandler                 0x000002b1   Thumb Code     0  startup_m2sxxx.o(.text)
    I2C0_SMBus_IRQHandler                    0x000002b1   Thumb Code     0  startup_m2sxxx.o(.text)
    I2C1_IRQHandler                          0x000002b1   Thumb Code     0  startup_m2sxxx.o(.text)
    I2C1_SMBAlert_IRQHandler                 0x000002b1   Thumb Code     0  startup_m2sxxx.o(.text)
    I2C1_SMBus_IRQHandler                    0x000002b1   Thumb Code     0  startup_m2sxxx.o(.text)
    MDDR_IOCalib_IRQHandler                  0x000002b1   Thumb Code     0  startup_m2sxxx.o(.text)
    PLL_LockLost_IRQHandler                  0x000002b1   Thumb Code     0  startup_m2sxxx.o(.text)
    PLL_Lock_IRQHandler                      0x000002b1   Thumb Code     0  startup_m2sxxx.o(.text)
    RTC_Wakeup_IRQHandler                    0x000002b1   Thumb Code     0  startup_m2sxxx.o(.text)
    SPI0_IRQHandler                          0x000002b1   Thumb Code     0  startup_m2sxxx.o(.text)
    SPI1_IRQHandler                          0x000002b1   Thumb Code     0  startup_m2sxxx.o(.text)
    Timer1_IRQHandler                        0x000002b1   Thumb Code     0  startup_m2sxxx.o(.text)
    Timer2_IRQHandler                        0x000002b1   Thumb Code     0  startup_m2sxxx.o(.text)
    UART0_IRQHandler                         0x000002b1   Thumb Code     0  startup_m2sxxx.o(.text)
    UART1_IRQHandler                         0x000002b1   Thumb Code     0  startup_m2sxxx.o(.text)
    USB_DMA_IRQHandler                       0x000002b1   Thumb Code     0  startup_m2sxxx.o(.text)
    USB_IRQHandler                           0x000002b1   Thumb Code     0  startup_m2sxxx.o(.text)
    WdogWakeup_IRQHandler                    0x000002b1   Thumb Code     0  startup_m2sxxx.o(.text)
    mscc_post_hw_cfg_init                    0x000002b3   Thumb Code     2  startup_m2sxxx.o(.text)
    __scatterload                            0x000002d1   Thumb Code    28  init.o(.text)
    __scatterload_rt2                        0x000002d1   Thumb Code     0  init.o(.text)
    low_level_init                           0x000002f5   Thumb Code    38  low_level_init.o(.text)
    SystemInit                               0x00000397   Thumb Code    24  system_m2sxxx.o(.text)
    SystemCoreClockUpdate                    0x000003e3   Thumb Code   164  system_m2sxxx.o(.text)
    __scatterload_copy                       0x000004c5   Thumb Code    14  handlers.o(i.__scatterload_copy)
    __scatterload_null                       0x000004d3   Thumb Code     2  handlers.o(i.__scatterload_null)
    __scatterload_zeroinit                   0x000004d5   Thumb Code    14  handlers.o(i.__scatterload_zeroinit)
    Region$$Table$$Base                      0x000004e4   Number         0  anon$$obj.o(Region$$Table)
    Region$$Table$$Limit                     0x00000504   Number         0  anon$$obj.o(Region$$Table)
    Image$$ER_RW$$Base                       0x20000000   Number         0  anon$$obj.o ABSOLUTE
    SystemCoreClock                          0x20000000   Data           4  system_m2sxxx.o(.data)
    g_FrequencyPCLK0                         0x20000004   Data           4  system_m2sxxx.o(.data)
    g_FrequencyPCLK1                         0x20000008   Data           4  system_m2sxxx.o(.data)
    g_FrequencyPCLK2                         0x2000000c   Data           4  system_m2sxxx.o(.data)
    g_FrequencyFIC0                          0x20000010   Data           4  system_m2sxxx.o(.data)
    g_FrequencyFIC1                          0x20000014   Data           4  system_m2sxxx.o(.data)
    g_FrequencyFIC64                         0x20000018   Data           4  system_m2sxxx.o(.data)
    __heap_base                              0x20000020   Data           0  startup_m2sxxx.o(HEAP)
    __heap_limit                             0x20000020   Data           0  startup_m2sxxx.o(HEAP)
    __initial_sp                             0x20001020   Data           0  startup_m2sxxx.o(STACK)



==============================================================================

Memory Map of the image

  Image Entry point : 0x00000189

  Load Region FLASH_LOAD (Base: 0x00000000, Size: 0x00000520, Max: 0x00040000, ABSOLUTE)

    Execution Region ER_RO (Base: 0x00000000, Size: 0x00000504, Max: 0x00040000, ABSOLUTE)

    Base Addr    Size         Type   Attr      Idx    E Section Name        Object

    0x00000000   0x00000188   Data   RO           31    RESET               M2sExt_sb_MSS_CM3_hw_platform.lib(startup_m2sxxx.o)
    0x00000188   0x00000000   Code   RO           12  * .ARM.Collect$$$$00000000  mc_w.l(entry.o)
    0x00000188   0x00000004   Code   RO           15    .ARM.Collect$$$$00000001  mc_w.l(entry2.o)
    0x0000018c   0x00000004   Code   RO           18    .ARM.Collect$$$$00000004  mc_w.l(entry5.o)
    0x00000190   0x00000000   Code   RO           20    .ARM.Collect$$$$00000008  mc_w.l(entry7b.o)
    0x00000190   0x00000000   Code   RO           22    .ARM.Collect$$$$0000000A  mc_w.l(entry8b.o)
    0x00000190   0x00000008   Code   RO           23    .ARM.Collect$$$$0000000B  mc_w.l(entry9a.o)
    0x00000198   0x00000000   Code   RO           25    .ARM.Collect$$$$0000000D  mc_w.l(entry10a.o)
    0x00000198   0x00000000   Code   RO           27    .ARM.Collect$$$$0000000F  mc_w.l(entry11a.o)
    0x00000198   0x00000004   Code   RO           16    .ARM.Collect$$$$00002712  mc_w.l(entry2.o)
    0x0000019c   0x00000004   Code   RO            1    .text               main.o
    0x000001a0   0x00000130   Code   RO           32    .text               M2sExt_sb_MSS_CM3_hw_platform.lib(startup_m2sxxx.o)
    0x000002d0   0x00000024   Code   RO           37    .text               mc_w.l(init.o)
    0x000002f4   0x00000038   Code   RO           41    .text               M2sExt_sb_MSS_CM3_hw_platform.lib(low_level_init.o)
    0x0000032c   0x00000198   Code   RO           78    .text               M2sExt_sb_MSS_CM3_hw_platform.lib(system_m2sxxx.o)
    0x000004c4   0x0000000e   Code   RO          117    i.__scatterload_copy  mc_w.l(handlers.o)
    0x000004d2   0x00000002   Code   RO          118    i.__scatterload_null  mc_w.l(handlers.o)
    0x000004d4   0x0000000e   Code   RO          119    i.__scatterload_zeroinit  mc_w.l(handlers.o)
    0x000004e2   0x00000002   PAD
    0x000004e4   0x00000020   Data   RO          115    Region$$Table       anon$$obj.o


    Execution Region ER_RW (Base: 0x20000000, Size: 0x00001020, Max: 0x00010000, ABSOLUTE)

    Base Addr    Size         Type   Attr      Idx    E Section Name        Object

    0x20000000   0x0000001c   Data   RW           79    .data               M2sExt_sb_MSS_CM3_hw_platform.lib(system_m2sxxx.o)
    0x2000001c   0x00000004   PAD
    0x20000020   0x00000000   Zero   RW           30    HEAP                M2sExt_sb_MSS_CM3_hw_platform.lib(startup_m2sxxx.o)
    0x20000020   0x00001000   Zero   RW           29    STACK               M2sExt_sb_MSS_CM3_hw_platform.lib(startup_m2sxxx.o)


==============================================================================

Image component sizes


      Code (inc. data)   RO Data    RW Data    ZI Data      Debug   Object Name

         4          0          0          0          0       1831   main.o

    ----------------------------------------------------------------------
         4          0         32          0          0       1831   Object Totals
         0          0         32          0          0          0   (incl. Generated)
         0          0          0          0          0          0   (incl. Padding)

    ----------------------------------------------------------------------

      Code (inc. data)   RO Data    RW Data    ZI Data      Debug   Library Member Name

        56         18          0          0          0       3617   low_level_init.o
       304         52        392          0       4096       1020   startup_m2sxxx.o
       408         62          0         28          0       3637   system_m2sxxx.o
         0          0          0          0          0          0   entry.o
         0          0          0          0          0          0   entry10a.o
         0          0          0          0          0          0   entry11a.o
         8          4          0          0          0          0   entry2.o
         4          0          0          0          0          0   entry5.o
         0          0          0          0          0          0   entry7b.o
         0          0          0          0          0          0   entry8b.o
         8          4          0          0          0          0   entry9a.o
        30          0          0          0          0          0   handlers.o
        36          8          0          0          0         68   init.o

    ----------------------------------------------------------------------
       856        148        392         28       4100       8342   Library Totals
         2          0          0          0          4          0   (incl. Padding)

    ----------------------------------------------------------------------

      Code (inc. data)   RO Data    RW Data    ZI Data      Debug   Library Name

       768        132        392         28       4096       8274   M2sExt_sb_MSS_CM3_hw_platform.lib
        86         16          0          0          0         68   mc_w.l

    ----------------------------------------------------------------------
       856        148        392         28       4100       8342   Library Totals

    ----------------------------------------------------------------------

==============================================================================


      Code (inc. data)   RO Data    RW Data    ZI Data      Debug   

       860        148        424         28       4100      10273   Grand Totals
       860        148        424         28       4100      10273   ELF Image Totals
       860        148        424         28          0          0   ROM Totals

==============================================================================

    Total RO  Size (Code + RO Data)                 1284 (   1.25kB)
    Total RW  Size (RW Data + ZI Data)              4128 (   4.03kB)
    Total ROM Size (Code + RO Data + RW Data)       1312 (   1.28kB)

==============================================================================

