Component: ARM Compiler 5.06 update 1 (build 61) Tool: armlink [4d35a8]

==============================================================================

Section Cross References

    app.o(i.AppTaskCreate) refers to os_task.o(i.OSTaskCreate) for OSTaskCreate
    app.o(i.AppTaskCreate) refers to app.o(.bss) for AppTaskUSBStk
    app.o(i.AppTaskCreate) refers to app.o(i.AppTaskUSB) for AppTaskUSB
    app.o(i.AppTaskCreate) refers to app.o(i.AppTaskI2C0) for AppTaskI2C0
    app.o(i.AppTaskCreate) refers to app.o(i.AppTaskI2C1) for AppTaskI2C1
    app.o(i.AppTaskCreate) refers to app.o(i.AppTaskI2C2) for AppTaskI2C2
    app.o(i.AppTaskCreate) refers to app.o(i.AppTaskI2C3) for AppTaskI2C3
    app.o(i.AppTaskCreate) refers to app.o(i.AppTaskI2C4) for AppTaskI2C4
    app.o(i.AppTaskCreate) refers to app.o(i.AppTaskI2C5) for AppTaskI2C5
    app.o(i.AppTaskCreate) refers to app.o(i.AppTaskI2C6) for AppTaskI2C6
    app.o(i.AppTaskCreate) refers to app.o(i.AppTaskI2C7) for AppTaskI2C7
    app.o(i.AppTaskCreate) refers to app.o(i.AppTaskI2C8) for AppTaskI2C8
    app.o(i.AppTaskCreate) refers to app.o(i.AppTaskI2C9) for AppTaskI2C9
    app.o(i.AppTaskI2C0) refers to core_i2c.o(.text) for I2C_init
    app.o(i.AppTaskI2C0) refers to os_task.o(i.OSTaskSemPend) for OSTaskSemPend
    app.o(i.AppTaskI2C0) refers to strcat.o(.text) for strcat
    app.o(i.AppTaskI2C0) refers to app.o(i.String2Char) for String2Char
    app.o(i.AppTaskI2C0) refers to busapis.o(i.CoreI2cxInit) for CoreI2cxInit
    app.o(i.AppTaskI2C0) refers to busapis.o(i.CoreI2cxWrite) for CoreI2cxWrite
    app.o(i.AppTaskI2C0) refers to memseta.o(.text) for __aeabi_memclr4
    app.o(i.AppTaskI2C0) refers to busapis.o(i.CoreI2cxRead) for CoreI2cxRead
    app.o(i.AppTaskI2C0) refers to app.o(i.Char2String) for Char2String
    app.o(i.AppTaskI2C0) refers to strncat.o(.text) for strncat
    app.o(i.AppTaskI2C0) refers to app.o(.bss) for g_core_i2c
    app.o(i.AppTaskI2C0) refers to app.o(.data) for g_StringTaseDone
    app.o(i.AppTaskI2C1) refers to core_i2c.o(.text) for I2C_init
    app.o(i.AppTaskI2C1) refers to os_task.o(i.OSTaskSemPend) for OSTaskSemPend
    app.o(i.AppTaskI2C1) refers to strcat.o(.text) for strcat
    app.o(i.AppTaskI2C1) refers to app.o(i.String2Char) for String2Char
    app.o(i.AppTaskI2C1) refers to busapis.o(i.CoreI2cxInit) for CoreI2cxInit
    app.o(i.AppTaskI2C1) refers to busapis.o(i.CoreI2cxWrite) for CoreI2cxWrite
    app.o(i.AppTaskI2C1) refers to memseta.o(.text) for __aeabi_memclr4
    app.o(i.AppTaskI2C1) refers to busapis.o(i.CoreI2cxRead) for CoreI2cxRead
    app.o(i.AppTaskI2C1) refers to app.o(i.Char2String) for Char2String
    app.o(i.AppTaskI2C1) refers to strncat.o(.text) for strncat
    app.o(i.AppTaskI2C1) refers to app.o(.bss) for g_core_i2c
    app.o(i.AppTaskI2C1) refers to app.o(.data) for g_StringTaseDone
    app.o(i.AppTaskI2C2) refers to core_i2c.o(.text) for I2C_init
    app.o(i.AppTaskI2C2) refers to os_task.o(i.OSTaskSemPend) for OSTaskSemPend
    app.o(i.AppTaskI2C2) refers to strcat.o(.text) for strcat
    app.o(i.AppTaskI2C2) refers to app.o(i.String2Char) for String2Char
    app.o(i.AppTaskI2C2) refers to busapis.o(i.CoreI2cxInit) for CoreI2cxInit
    app.o(i.AppTaskI2C2) refers to busapis.o(i.CoreI2cxWrite) for CoreI2cxWrite
    app.o(i.AppTaskI2C2) refers to memseta.o(.text) for __aeabi_memclr4
    app.o(i.AppTaskI2C2) refers to busapis.o(i.CoreI2cxRead) for CoreI2cxRead
    app.o(i.AppTaskI2C2) refers to app.o(i.Char2String) for Char2String
    app.o(i.AppTaskI2C2) refers to strncat.o(.text) for strncat
    app.o(i.AppTaskI2C2) refers to app.o(.bss) for g_core_i2c
    app.o(i.AppTaskI2C2) refers to app.o(.data) for g_StringTaseDone
    app.o(i.AppTaskI2C3) refers to core_i2c.o(.text) for I2C_init
    app.o(i.AppTaskI2C3) refers to os_task.o(i.OSTaskSemPend) for OSTaskSemPend
    app.o(i.AppTaskI2C3) refers to strcat.o(.text) for strcat
    app.o(i.AppTaskI2C3) refers to app.o(i.String2Char) for String2Char
    app.o(i.AppTaskI2C3) refers to busapis.o(i.CoreI2cxInit) for CoreI2cxInit
    app.o(i.AppTaskI2C3) refers to busapis.o(i.CoreI2cxWrite) for CoreI2cxWrite
    app.o(i.AppTaskI2C3) refers to memseta.o(.text) for __aeabi_memclr4
    app.o(i.AppTaskI2C3) refers to busapis.o(i.CoreI2cxRead) for CoreI2cxRead
    app.o(i.AppTaskI2C3) refers to app.o(i.Char2String) for Char2String
    app.o(i.AppTaskI2C3) refers to strncat.o(.text) for strncat
    app.o(i.AppTaskI2C3) refers to app.o(.bss) for g_core_i2c
    app.o(i.AppTaskI2C3) refers to app.o(.data) for g_StringTaseDone
    app.o(i.AppTaskI2C4) refers to core_i2c.o(.text) for I2C_init
    app.o(i.AppTaskI2C4) refers to os_task.o(i.OSTaskSemPend) for OSTaskSemPend
    app.o(i.AppTaskI2C4) refers to strcat.o(.text) for strcat
    app.o(i.AppTaskI2C4) refers to app.o(i.String2Char) for String2Char
    app.o(i.AppTaskI2C4) refers to busapis.o(i.CoreI2cxInit) for CoreI2cxInit
[...]
    _main_clock                              0x00000191   Thumb Code     0  entry7b.o(.ARM.Collect$$$$00000008)
    _main_cpp_init                           0x00000191   Thumb Code     0  entry8b.o(.ARM.Collect$$$$0000000A)
    _main_init                               0x00000191   Thumb Code     0  entry9a.o(.ARM.Collect$$$$0000000B)
    __rt_final_cpp                           0x00000199   Thumb Code     0  entry10a.o(.ARM.Collect$$$$0000000D)
    __rt_final_exit                          0x00000199   Thumb Code     0  entry11a.o(.ARM.Collect$$$$0000000F)
    CPU_IntDis                               0x0000019d   Thumb Code     0  cpu_a.o(.text)
    CPU_IntEn                                0x000001a1   Thumb Code     0  cpu_a.o(.text)
    CPU_SR_Save                              0x000001a5   Thumb Code     0  cpu_a.o(.text)
    CPU_SR_Restore                           0x000001ad   Thumb Code     0  cpu_a.o(.text)
    CPU_WaitForInt                           0x000001b3   Thumb Code     0  cpu_a.o(.text)
    CPU_WaitForExcept                        0x000001b7   Thumb Code     0  cpu_a.o(.text)
    CPU_CntLeadZeros                         0x000001bb   Thumb Code     0  cpu_a.o(.text)
    CPU_CntTrailZeros                        0x000001c1   Thumb Code     0  cpu_a.o(.text)
    CPU_RevBits                              0x000001cb   Thumb Code     0  cpu_a.o(.text)
    GPIO_init                                0x000001d1   Thumb Code   166  core_gpio.o(.text)
    GPIO_config                              0x00000277   Thumb Code    34  core_gpio.o(.text)
    GPIO_set_outputs                         0x00000299   Thumb Code   118  core_gpio.o(.text)
    GPIO_get_inputs                          0x0000030f   Thumb Code   124  core_gpio.o(.text)
    GPIO_get_outputs                         0x0000038b   Thumb Code   124  core_gpio.o(.text)
    GPIO_set_output                          0x00000407   Thumb Code   182  core_gpio.o(.text)
    GPIO_drive_inout                         0x000004bd   Thumb Code   138  core_gpio.o(.text)
    GPIO_enable_irq                          0x00000547   Thumb Code    42  core_gpio.o(.text)
    GPIO_disable_irq                         0x00000571   Thumb Code    42  core_gpio.o(.text)
    GPIO_clear_irq                           0x0000059b   Thumb Code   120  core_gpio.o(.text)
    I2C_init                                 0x00000613   Thumb Code   136  core_i2c.o(.text)
    I2C_channel_init                         0x0000069b   Thumb Code   126  core_i2c.o(.text)
    I2C_write                                0x00000719   Thumb Code   138  core_i2c.o(.text)
    I2C_read                                 0x000007a3   Thumb Code   140  core_i2c.o(.text)
    I2C_write_read                           0x0000082f   Thumb Code   170  core_i2c.o(.text)
    I2C_get_status                           0x000008d9   Thumb Code     8  core_i2c.o(.text)
    I2C_wait_complete                        0x000008e1   Thumb Code    38  core_i2c.o(.text)
    I2C_system_tick                          0x00000907   Thumb Code    58  core_i2c.o(.text)
    I2C_set_slave_tx_buffer                  0x00000941   Thumb Code    34  core_i2c.o(.text)
    I2C_set_slave_rx_buffer                  0x00000963   Thumb Code    34  core_i2c.o(.text)
    I2C_set_slave_mem_offset_length          0x00000985   Thumb Code    14  core_i2c.o(.text)
    I2C_register_write_handler               0x00000993   Thumb Code    22  core_i2c.o(.text)
    I2C_enable_slave                         0x000009a9   Thumb Code    42  core_i2c.o(.text)
    I2C_disable_slave                        0x000009d3   Thumb Code    36  core_i2c.o(.text)
    I2C_set_slave_second_addr                0x00000a0f   Thumb Code    26  core_i2c.o(.text)
    I2C_disable_slave_second_addr            0x00000a29   Thumb Code    18  core_i2c.o(.text)
    I2C_set_gca                              0x00000a3b   Thumb Code    22  core_i2c.o(.text)
    I2C_clear_gca                            0x00000a51   Thumb Code    22  core_i2c.o(.text)
    I2C_isr                                  0x00000a67   Thumb Code  1170  core_i2c.o(.text)
    I2C_smbus_init                           0x00000ef9   Thumb Code    18  core_i2c.o(.text)
    I2C_enable_smbus_irq                     0x00000f0b   Thumb Code    64  core_i2c.o(.text)
    I2C_disable_smbus_irq                    0x00000f4b   Thumb Code    64  core_i2c.o(.text)
    I2C_suspend_smbus_slave                  0x00000f8b   Thumb Code    34  core_i2c.o(.text)
    I2C_resume_smbus_slave                   0x00000fad   Thumb Code    34  core_i2c.o(.text)
    I2C_reset_smbus                          0x00000fcf   Thumb Code    34  core_i2c.o(.text)
    I2C_set_smbus_alert                      0x00000ff1   Thumb Code    34  core_i2c.o(.text)
    I2C_clear_smbus_alert                    0x00001013   Thumb Code    34  core_i2c.o(.text)
    I2C_get_irq_status                       0x00001035   Thumb Code    60  core_i2c.o(.text)
    I2C_set_user_data                        0x00001071   Thumb Code     4  core_i2c.o(.text)
    I2C_get_user_data                        0x00001075   Thumb Code     6  core_i2c.o(.text)
    CIC_init                                 0x0000107d   Thumb Code    56  core_irq_ctrl.o(.text)
    CIC_set_irq_handler                      0x000010b5   Thumb Code     8  core_irq_ctrl.o(.text)
    CIC_get_irq_status                       0x000010bd   Thumb Code    20  core_irq_ctrl.o(.text)
    CIC_enable_irq                           0x000010d1   Thumb Code    36  core_irq_ctrl.o(.text)
    CIC_disable_irq                          0x000010f5   Thumb Code    24  core_irq_ctrl.o(.text)
    CIC_irq_handler                          0x0000110d   Thumb Code    62  core_irq_ctrl.o(.text)
    MSS_USBD_init                            0x00001201   Thumb Code    66  mss_usb_device.o(.text)
    MSS_USBD_set_descr_cb_handler            0x00001243   Thumb Code     6  mss_usb_device.o(.text)
    MSS_USBD_set_class_cb_handler            0x00001249   Thumb Code     6  mss_usb_device.o(.text)
    MSS_USBD_tx_ep_stall                     0x0000124f   Thumb Code    30  mss_usb_device.o(.text)
    MSS_USBD_tx_ep_clr_stall                 0x0000126d   Thumb Code    12  mss_usb_device.o(.text)
    MSS_USBD_tx_ep_flush_fifo                0x00001279   Thumb Code    30  mss_usb_device.o(.text)
    MSS_USBD_rx_ep_stall                     0x00001297   Thumb Code    30  mss_usb_device.o(.text)
    MSS_USBD_rx_ep_clr_stall                 0x000012b5   Thumb Code    12  mss_usb_device.o(.text)
    MSS_USBD_rx_ep_flush_fifo                0x000012c1   Thumb Code    30  mss_usb_device.o(.text)
    MSS_USBD_cep_flush_fifo                  0x000012df   Thumb Code    22  mss_usb_device.o(.text)
    MSS_USBD_cep_configure                   0x000012f5   Thumb Code    34  mss_usb_device.o(.text)
    MSS_USBD_cep_read_prepare                0x00001317   Thumb Code    42  mss_usb_device.o(.text)
    MSS_USBD_cep_write                       0x00001341   Thumb Code    42  mss_usb_device.o(.text)
    MSS_USBD_tx_ep_configure                 0x0000136b   Thumb Code   242  mss_usb_device.o(.text)
    MSS_USBD_rx_ep_configure                 0x0000145d   Thumb Code   272  mss_usb_device.o(.text)
    MSS_USBD_rx_ep_read_prepare              0x0000156d   Thumb Code    74  mss_usb_device.o(.text)
    MSS_USBD_tx_ep_write                     0x000015b7   Thumb Code   158  mss_usb_device.o(.text)
    MSS_USBD_get_hwcore_info                 0x00001655   Thumb Code    12  mss_usb_device.o(.text)
    MSS_USBD_get_dev_address                 0x00001661   Thumb Code     8  mss_usb_device.o(.text)
    MSS_USBD_set_isoupdate                   0x00001669   Thumb Code    18  mss_usb_device.o(.text)
    MSS_USBD_clr_isoupdate                   0x0000167b   Thumb Code    18  mss_usb_device.o(.text)
    MSS_USBD_tx_ep_is_fifo_notempty          0x0000168d   Thumb Code    12  mss_usb_device.o(.text)
    MSS_USBD_rx_ep_is_fifo_full              0x00001699   Thumb Code    18  mss_usb_device.o(.text)
    MSS_USBD_tx_ep_disable_irq               0x000016ab   Thumb Code    20  mss_usb_device.o(.text)
    MSS_USBD_rx_ep_disable_irq               0x000016bf   Thumb Code    20  mss_usb_device.o(.text)
    MSS_USBD_tx_ep_enable_irq                0x000016d3   Thumb Code    22  mss_usb_device.o(.text)
    MSS_USBD_rx_ep_enable_irq                0x000016e9   Thumb Code    22  mss_usb_device.o(.text)
    MSS_USBD_cep_enable_irq                  0x000016ff   Thumb Code    18  mss_usb_device.o(.text)
    MSS_USBD_cep_disable_irq                 0x00001711   Thumb Code    20  mss_usb_device.o(.text)
    MSS_USBD_CDC_init                        0x00002605   Thumb Code    22  mss_usb_device_cdc.o(.text)
    MSS_USBD_CDC_tx                          0x0000261b   Thumb Code    18  mss_usb_device_cdc.o(.text)
    MSS_USBD_CDC_rx_prepare                  0x0000262d   Thumb Code    18  mss_usb_device_cdc.o(.text)
    MSS_USBD_CDC_get_state                   0x0000263f   Thumb Code     6  mss_usb_device_cdc.o(.text)
    NVIC_init                                0x00002895   Thumb Code     2  cortex_nvic.o(.text)
    NVIC_set_handler                         0x00002897   Thumb Code     2  cortex_nvic.o(.text)
    NVIC_set_priority                        0x00002899   Thumb Code     2  cortex_nvic.o(.text)
    NVIC_enable_interrupt                    0x0000289b   Thumb Code     2  cortex_nvic.o(.text)
    NVIC_disable_interrupt                   0x0000289d   Thumb Code     2  cortex_nvic.o(.text)
    NVIC_clear_interrupt                     0x0000289f   Thumb Code     2  cortex_nvic.o(.text)
    I2C_enable_irq                           0x000028a1   Thumb Code   138  i2c_interrupt.o(.text)
    I2C_disable_irq                          0x0000292b   Thumb Code   138  i2c_interrupt.o(.text)
    USB_IRQHandler                           0x00002c63   Thumb Code   230  mss_usb_common_cif.o(.text)
    USB_DMA_IRQHandler                       0x00002d49   Thumb Code   234  mss_usb_common_cif.o(.text)
    MSS_USB_CIF_rx_ep_read_prepare           0x00002e33   Thumb Code   128  mss_usb_common_cif.o(.text)
    MSS_USB_CIF_ep_write_pkt                 0x00002eb3   Thumb Code   120  mss_usb_common_cif.o(.text)
    MSS_USB_CIF_configure_ep_dma             0x00002f2b   Thumb Code   158  mss_usb_common_cif.o(.text)
    MSS_USB_CIF_tx_ep_configure              0x00002fc9   Thumb Code   306  mss_usb_common_cif.o(.text)
    MSS_USB_CIF_rx_ep_configure              0x000030fb   Thumb Code   318  mss_usb_common_cif.o(.text)
    MSS_USB_CIF_start_testpacket             0x00003239   Thumb Code    70  mss_usb_common_cif.o(.text)
    MSS_USBD_CIF_init                        0x0000349d   Thumb Code   126  mss_usb_device_cif.o(.text)
    MSS_USBD_CIF_get_hwcore_info             0x0000351b   Thumb Code   126  mss_usb_device_cif.o(.text)
    MSS_USBD_CIF_tx_ep_configure             0x00003599   Thumb Code   224  mss_usb_device_cif.o(.text)
    MSS_USBD_CIF_rx_ep_configure             0x00003679   Thumb Code   234  mss_usb_device_cif.o(.text)
    MSS_USBD_CIF_cep_configure               0x00003763   Thumb Code    38  mss_usb_device_cif.o(.text)
    MSS_USBD_CIF_cep_rx_prepare              0x00003789   Thumb Code    34  mss_usb_device_cif.o(.text)
    MSS_USBD_CIF_rx_ep_read_prepare          0x000037ab   Thumb Code   238  mss_usb_device_cif.o(.text)
    MSS_USBD_CIF_cep_write_pkt               0x00003899   Thumb Code    98  mss_usb_device_cif.o(.text)
    MSS_USBD_CIF_cep_read_pkt                0x000038fb   Thumb Code    62  mss_usb_device_cif.o(.text)
    HAL_disable_interrupts                   0x00003a89   Thumb Code     8  hal.o(.text)
    HAL_restore_interrupts                   0x00003a91   Thumb Code     6  hal.o(.text)
    HW_set_32bit_reg                         0x00003a99   Thumb Code     4  hw_reg_access.o(.text)
    HW_get_32bit_reg                         0x00003a9d   Thumb Code     4  hw_reg_access.o(.text)
    HW_set_32bit_reg_field                   0x00003aa1   Thumb Code    28  hw_reg_access.o(.text)
    HW_get_32bit_reg_field                   0x00003abd   Thumb Code    12  hw_reg_access.o(.text)
    HW_set_16bit_reg                         0x00003ac9   Thumb Code     4  hw_reg_access.o(.text)
    HW_get_16bit_reg                         0x00003acd   Thumb Code     4  hw_reg_access.o(.text)
    HW_set_16bit_reg_field                   0x00003ad1   Thumb Code    28  hw_reg_access.o(.text)
    HW_get_16bit_reg_field                   0x00003aed   Thumb Code    12  hw_reg_access.o(.text)
    HW_set_8bit_reg                          0x00003af9   Thumb Code     4  hw_reg_access.o(.text)
    HW_get_8bit_reg                          0x00003afd   Thumb Code     4  hw_reg_access.o(.text)
    HW_set_8bit_reg_field                    0x00003b01   Thumb Code    28  hw_reg_access.o(.text)
    HW_get_8bit_reg_field                    0x00003b1d   Thumb Code    12  hw_reg_access.o(.text)
    __aeabi_memcpy                           0x00003b29   Thumb Code    36  memcpya.o(.text)
    __aeabi_memcpy4                          0x00003b29   Thumb Code     0  memcpya.o(.text)
    __aeabi_memcpy8                          0x00003b29   Thumb Code     0  memcpya.o(.text)
    __aeabi_memset                           0x00003b4d   Thumb Code    14  memseta.o(.text)
    __aeabi_memset4                          0x00003b4d   Thumb Code     0  memseta.o(.text)
    __aeabi_memset8                          0x00003b4d   Thumb Code     0  memseta.o(.text)
    __aeabi_memclr                           0x00003b5b   Thumb Code     4  memseta.o(.text)
    __aeabi_memclr4                          0x00003b5b   Thumb Code     0  memseta.o(.text)
    __aeabi_memclr8                          0x00003b5b   Thumb Code     0  memseta.o(.text)
    _memset$wrapper                          0x00003b5f   Thumb Code    18  memseta.o(.text)
    strcat                                   0x00003b71   Thumb Code    24  strcat.o(.text)
    strchr                                   0x00003b89   Thumb Code    20  strchr.o(.text)
    strlen                                   0x00003b9d   Thumb Code    14  strlen.o(.text)
    strcmp                                   0x00003bab   Thumb Code    28  strcmp.o(.text)
    strncat                                  0x00003bc7   Thumb Code    40  strncat.o(.text)
    strtok                                   0x00003bf1   Thumb Code    62  strtok.o(.text)
    Reset_Handler                            0x00003c35   Thumb Code   112  startup_m2sxxx.o(.text)
    NMI_Handler                              0x00003d33   Thumb Code     2  startup_m2sxxx.o(.text)
    HardFault_Handler                        0x00003d35   Thumb Code     2  startup_m2sxxx.o(.text)
    MemManage_Handler                        0x00003d37   Thumb Code     2  startup_m2sxxx.o(.text)
    BusFault_Handler                         0x00003d39   Thumb Code     2  startup_m2sxxx.o(.text)
    UsageFault_Handler                       0x00003d3b   Thumb Code     2  startup_m2sxxx.o(.text)
    SVC_Handler                              0x00003d3d   Thumb Code     2  startup_m2sxxx.o(.text)
    DebugMon_Handler                         0x00003d3f   Thumb Code     2  startup_m2sxxx.o(.text)
    CAN_IRQHandler                           0x00003d45   Thumb Code     0  startup_m2sxxx.o(.text)
    CacheError_IRQHandler                    0x00003d45   Thumb Code     0  startup_m2sxxx.o(.text)
    ComBlk_IRQHandler                        0x00003d45   Thumb Code     0  startup_m2sxxx.o(.text)
    CommSwitchError_IRQHandler               0x00003d45   Thumb Code     0  startup_m2sxxx.o(.text)
    DDR_IRQHandler                           0x00003d45   Thumb Code     0  startup_m2sxxx.o(.text)
    DMA_IRQHandler                           0x00003d45   Thumb Code     0  startup_m2sxxx.o(.text)
    ECC_Error_IRQHandler                     0x00003d45   Thumb Code     0  startup_m2sxxx.o(.text)
    ENVM0_IRQHandler                         0x00003d45   Thumb Code     0  startup_m2sxxx.o(.text)
    ENVM1_IRQHandler                         0x00003d45   Thumb Code     0  startup_m2sxxx.o(.text)
    EthernetMAC_IRQHandler                   0x00003d45   Thumb Code     0  startup_m2sxxx.o(.text)
    FAB_PLL_LockLost_IRQHandler              0x00003d45   Thumb Code     0  startup_m2sxxx.o(.text)
    FAB_PLL_Lock_IRQHandler                  0x00003d45   Thumb Code     0  startup_m2sxxx.o(.text)
    GPIO0_IRQHandler                         0x00003d45   Thumb Code     0  startup_m2sxxx.o(.text)
    GPIO10_IRQHandler                        0x00003d45   Thumb Code     0  startup_m2sxxx.o(.text)
    GPIO11_IRQHandler                        0x00003d45   Thumb Code     0  startup_m2sxxx.o(.text)
    GPIO12_IRQHandler                        0x00003d45   Thumb Code     0  startup_m2sxxx.o(.text)
    GPIO13_IRQHandler                        0x00003d45   Thumb Code     0  startup_m2sxxx.o(.text)
    GPIO14_IRQHandler                        0x00003d45   Thumb Code     0  startup_m2sxxx.o(.text)
    GPIO15_IRQHandler                        0x00003d45   Thumb Code     0  startup_m2sxxx.o(.text)
    GPIO16_IRQHandler                        0x00003d45   Thumb Code     0  startup_m2sxxx.o(.text)
    GPIO17_IRQHandler                        0x00003d45   Thumb Code     0  startup_m2sxxx.o(.text)
    GPIO18_IRQHandler                        0x00003d45   Thumb Code     0  startup_m2sxxx.o(.text)
    GPIO19_IRQHandler                        0x00003d45   Thumb Code     0  startup_m2sxxx.o(.text)
    GPIO1_IRQHandler                         0x00003d45   Thumb Code     0  startup_m2sxxx.o(.text)
    GPIO20_IRQHandler                        0x00003d45   Thumb Code     0  startup_m2sxxx.o(.text)
    GPIO21_IRQHandler                        0x00003d45   Thumb Code     0  startup_m2sxxx.o(.text)
    GPIO22_IRQHandler                        0x00003d45   Thumb Code     0  startup_m2sxxx.o(.text)
    GPIO23_IRQHandler                        0x00003d45   Thumb Code     0  startup_m2sxxx.o(.text)
    GPIO24_IRQHandler                        0x00003d45   Thumb Code     0  startup_m2sxxx.o(.text)
    GPIO25_IRQHandler                        0x00003d45   Thumb Code     0  startup_m2sxxx.o(.text)
    GPIO26_IRQHandler                        0x00003d45   Thumb Code     0  startup_m2sxxx.o(.text)
    GPIO27_IRQHandler                        0x00003d45   Thumb Code     0  startup_m2sxxx.o(.text)
    GPIO28_IRQHandler                        0x00003d45   Thumb Code     0  startup_m2sxxx.o(.text)
    GPIO29_IRQHandler                        0x00003d45   Thumb Code     0  startup_m2sxxx.o(.text)
    GPIO2_IRQHandler                         0x00003d45   Thumb Code     0  startup_m2sxxx.o(.text)
    GPIO30_IRQHandler                        0x00003d45   Thumb Code     0  startup_m2sxxx.o(.text)
    GPIO31_IRQHandler                        0x00003d45   Thumb Code     0  startup_m2sxxx.o(.text)
    GPIO3_IRQHandler                         0x00003d45   Thumb Code     0  startup_m2sxxx.o(.text)
    GPIO4_IRQHandler                         0x00003d45   Thumb Code     0  startup_m2sxxx.o(.text)
    GPIO5_IRQHandler                         0x00003d45   Thumb Code     0  startup_m2sxxx.o(.text)
    GPIO6_IRQHandler                         0x00003d45   Thumb Code     0  startup_m2sxxx.o(.text)
    GPIO7_IRQHandler                         0x00003d45   Thumb Code     0  startup_m2sxxx.o(.text)
    GPIO8_IRQHandler                         0x00003d45   Thumb Code     0  startup_m2sxxx.o(.text)
    GPIO9_IRQHandler                         0x00003d45   Thumb Code     0  startup_m2sxxx.o(.text)
    HPDMA_Complete_IRQHandler                0x00003d45   Thumb Code     0  startup_m2sxxx.o(.text)
    HPDMA_Error_IRQHandler                   0x00003d45   Thumb Code     0  startup_m2sxxx.o(.text)
    I2C0_IRQHandler                          0x00003d45   Thumb Code     0  startup_m2sxxx.o(.text)
    I2C0_SMBAlert_IRQHandler                 0x00003d45   Thumb Code     0  startup_m2sxxx.o(.text)
    I2C0_SMBus_IRQHandler                    0x00003d45   Thumb Code     0  startup_m2sxxx.o(.text)
    I2C1_IRQHandler                          0x00003d45   Thumb Code     0  startup_m2sxxx.o(.text)
    I2C1_SMBAlert_IRQHandler                 0x00003d45   Thumb Code     0  startup_m2sxxx.o(.text)
    I2C1_SMBus_IRQHandler                    0x00003d45   Thumb Code     0  startup_m2sxxx.o(.text)
    MDDR_IOCalib_IRQHandler                  0x00003d45   Thumb Code     0  startup_m2sxxx.o(.text)
    PLL_LockLost_IRQHandler                  0x00003d45   Thumb Code     0  startup_m2sxxx.o(.text)
    PLL_Lock_IRQHandler                      0x00003d45   Thumb Code     0  startup_m2sxxx.o(.text)
    RTC_Wakeup_IRQHandler                    0x00003d45   Thumb Code     0  startup_m2sxxx.o(.text)
    SPI0_IRQHandler                          0x00003d45   Thumb Code     0  startup_m2sxxx.o(.text)
    SPI1_IRQHandler                          0x00003d45   Thumb Code     0  startup_m2sxxx.o(.text)
    Timer1_IRQHandler                        0x00003d45   Thumb Code     0  startup_m2sxxx.o(.text)
    Timer2_IRQHandler                        0x00003d45   Thumb Code     0  startup_m2sxxx.o(.text)
    UART0_IRQHandler                         0x00003d45   Thumb Code     0  startup_m2sxxx.o(.text)
    UART1_IRQHandler                         0x00003d45   Thumb Code     0  startup_m2sxxx.o(.text)
    WdogWakeup_IRQHandler                    0x00003d45   Thumb Code     0  startup_m2sxxx.o(.text)
    mscc_post_hw_cfg_init                    0x00003d47   Thumb Code     2  startup_m2sxxx.o(.text)
    __scatterload                            0x00003d65   Thumb Code    28  init.o(.text)
    __scatterload_rt2                        0x00003d65   Thumb Code     0  init.o(.text)
    low_level_init                           0x00003d89   Thumb Code    38  low_level_init.o(.text)
    SystemInit                               0x00003e2b   Thumb Code    24  system_m2sxxx.o(.text)
    SystemCoreClockUpdate                    0x00003e77   Thumb Code   164  system_m2sxxx.o(.text)
    __decompress                             0x00003f59   Thumb Code     0  __dczerorl2.o(.text)
    __decompress1                            0x00003f59   Thumb Code    86  __dczerorl2.o(.text)
    OSStartHighRdy                           0x00003fb1   Thumb Code     0  os_cpu_a.o(CODE)
    OS_CPU_PendSVHandler                     0x00003fd3   Thumb Code     0  os_cpu_a.o(CODE)
    App_OS_IdleTaskHook                      0x00005455   Thumb Code     2  os_app_hooks.o(i.App_OS_IdleTaskHook)
    App_OS_SetAllHooks                       0x00005459   Thumb Code    76  os_app_hooks.o(i.App_OS_SetAllHooks)
    App_OS_StatTaskHook                      0x000054dd   Thumb Code     2  os_app_hooks.o(i.App_OS_StatTaskHook)
    App_OS_TaskCreateHook                    0x000054df   Thumb Code     2  os_app_hooks.o(i.App_OS_TaskCreateHook)
    App_OS_TaskDelHook                       0x000054e1   Thumb Code     2  os_app_hooks.o(i.App_OS_TaskDelHook)
    App_OS_TaskReturnHook                    0x000054e3   Thumb Code     2  os_app_hooks.o(i.App_OS_TaskReturnHook)
    App_OS_TaskSwHook                        0x000054e5   Thumb Code     2  os_app_hooks.o(i.App_OS_TaskSwHook)
    App_OS_TimeTickHook                      0x000054e9   Thumb Code    96  os_app_hooks.o(i.App_OS_TimeTickHook)
    BSP_CPU_TickInit                         0x00005559   Thumb Code    82  bsp.o(i.BSP_CPU_TickInit)
    BSP_Init                                 0x000055bd   Thumb Code   100  bsp.o(i.BSP_Init)
    CPU_Init                                 0x00005621   Thumb Code    12  cpu_core.o(i.CPU_Init)
    CPU_NameClr                              0x0000562d   Thumb Code    42  cpu_core.o(i.CPU_NameClr)
    CPU_TS_TmrInit                           0x00005679   Thumb Code     2  bsp.o(i.CPU_TS_TmrInit)
    CPU_TS_TmrRd                             0x0000567b   Thumb Code     4  bsp.o(i.CPU_TS_TmrRd)
    Char2String                              0x00005681   Thumb Code    98  app.o(i.Char2String)
    CoreI2cxInit                             0x000056e9   Thumb Code    56  busapis.o(i.CoreI2cxInit)
    CoreI2cxRead                             0x00005725   Thumb Code   154  busapis.o(i.CoreI2cxRead)
    CoreI2cxWrite                            0x000057c5   Thumb Code   108  busapis.o(i.CoreI2cxWrite)
    FIC64_IRQHandler                         0x00005835   Thumb Code     2  isr.o(i.FIC64_IRQHandler)
    FabricIrq0_IRQHandler                    0x00005839   Thumb Code    10  isr.o(i.FabricIrq0_IRQHandler)
    FabricIrq10_IRQHandler                   0x00005849   Thumb Code     2  isr.o(i.FabricIrq10_IRQHandler)
    FabricIrq11_IRQHandler                   0x0000584b   Thumb Code     2  isr.o(i.FabricIrq11_IRQHandler)
    FabricIrq12_IRQHandler                   0x0000584d   Thumb Code     2  isr.o(i.FabricIrq12_IRQHandler)
    FabricIrq13_IRQHandler                   0x0000584f   Thumb Code     2  isr.o(i.FabricIrq13_IRQHandler)
    FabricIrq14_IRQHandler                   0x00005851   Thumb Code     2  isr.o(i.FabricIrq14_IRQHandler)
    FabricIrq15_IRQHandler                   0x00005853   Thumb Code     2  isr.o(i.FabricIrq15_IRQHandler)
    FabricIrq1_IRQHandler                    0x00005855   Thumb Code    10  isr.o(i.FabricIrq1_IRQHandler)
    FabricIrq2_IRQHandler                    0x00005865   Thumb Code    10  isr.o(i.FabricIrq2_IRQHandler)
    FabricIrq3_IRQHandler                    0x00005875   Thumb Code    10  isr.o(i.FabricIrq3_IRQHandler)
    FabricIrq4_IRQHandler                    0x00005885   Thumb Code    10  isr.o(i.FabricIrq4_IRQHandler)
    FabricIrq5_IRQHandler                    0x00005895   Thumb Code    10  isr.o(i.FabricIrq5_IRQHandler)
    FabricIrq6_IRQHandler                    0x000058a5   Thumb Code    10  isr.o(i.FabricIrq6_IRQHandler)
    FabricIrq7_IRQHandler                    0x000058b5   Thumb Code    10  isr.o(i.FabricIrq7_IRQHandler)
    FabricIrq8_IRQHandler                    0x000058c5   Thumb Code    10  isr.o(i.FabricIrq8_IRQHandler)
    FabricIrq9_IRQHandler                    0x000058d5   Thumb Code    10  isr.o(i.FabricIrq9_IRQHandler)
    Mem_Clr                                  0x000058e5   Thumb Code    18  lib_mem.o(i.Mem_Clr)
    Mem_Init                                 0x000058f9   Thumb Code    54  lib_mem.o(i.Mem_Init)
    Mem_Set                                  0x00005941   Thumb Code    98  lib_mem.o(i.Mem_Set)
    OSCfg_Init                               0x000059a3   Thumb Code     2  os_cfg_app.o(i.OSCfg_Init)
    OSIdleTaskHook                           0x000059a5   Thumb Code    16  os_cpu_c.o(i.OSIdleTaskHook)
    OSInit                                   0x000059b9   Thumb Code   300  os_core.o(i.OSInit)
    OSInitHook                               0x00005b45   Thumb Code    42  os_cpu_c.o(i.OSInitHook)
    OSIntExit                                0x00005b7d   Thumb Code   192  os_core.o(i.OSIntExit)
    OSSched                                  0x00005c61   Thumb Code   134  os_core.o(i.OSSched)
    OSSchedLock                              0x00005d09   Thumb Code   104  os_core.o(i.OSSchedLock)
    OSSchedUnlock                            0x00005d7d   Thumb Code   136  os_core.o(i.OSSchedUnlock)
    OSStart                                  0x00005e11   Thumb Code    78  os_core.o(i.OSStart)
    OSStatReset                              0x00005e79   Thumb Code   270  os_stat.o(i.OSStatReset)
    OSStatTaskHook                           0x00005fb1   Thumb Code    16  os_cpu_c.o(i.OSStatTaskHook)
    OSTaskCreate                             0x00005fc5   Thumb Code   566  os_task.o(i.OSTaskCreate)
    OSTaskCreateHook                         0x00006221   Thumb Code    20  os_cpu_c.o(i.OSTaskCreateHook)
    OSTaskReturnHook                         0x00006239   Thumb Code    20  os_cpu_c.o(i.OSTaskReturnHook)
    OSTaskSemPend                            0x00006251   Thumb Code   520  os_task.o(i.OSTaskSemPend)
    OSTaskSemPost                            0x00006465   Thumb Code    98  os_task.o(i.OSTaskSemPost)
    OSTaskStkChk                             0x000064d1   Thumb Code   204  os_task.o(i.OSTaskStkChk)
    OSTaskStkInit                            0x000065a5   Thumb Code   188  os_cpu_c.o(i.OSTaskStkInit)
    OSTaskSwHook                             0x00006665   Thumb Code   120  os_cpu_c.o(i.OSTaskSwHook)
    OSTimeDly                                0x000066ed   Thumb Code   266  os_time.o(i.OSTimeDly)
    OSTimeDlyHMSM                            0x00006805   Thumb Code   480  os_time.o(i.OSTimeDlyHMSM)
    OSTimeTick                               0x000069f5   Thumb Code    54  os_time.o(i.OSTimeTick)
    OSTimeTickHook                           0x00006a39   Thumb Code    16  os_cpu_c.o(i.OSTimeTickHook)
    OS_CPU_SysTickHandler                    0x00006a4d   Thumb Code    52  os_cpu_c.o(i.OS_CPU_SysTickHandler)
    OS_Dbg_Init                              0x00006a85   Thumb Code   150  os_dbg.o(i.OS_Dbg_Init)
    OS_FlagInit                              0x00006c39   Thumb Code    14  os_flag.o(i.OS_FlagInit)
    OS_FlagPost                              0x00006c51   Thumb Code   482  os_flag.o(i.OS_FlagPost)
    OS_FlagTaskRdy                           0x00006e3d   Thumb Code    86  os_flag.o(i.OS_FlagTaskRdy)
    OS_IdleTask                              0x00006e95   Thumb Code    60  os_core.o(i.OS_IdleTask)
    OS_IdleTaskInit                          0x00006ed9   Thumb Code    66  os_core.o(i.OS_IdleTaskInit)
    OS_IntQPost                              0x00006f49   Thumb Code   216  os_int.o(i.OS_IntQPost)
    OS_IntQRePost                            0x00007045   Thumb Code   360  os_int.o(i.OS_IntQRePost)
    OS_IntQTask                              0x000071e9   Thumb Code   162  os_int.o(i.OS_IntQTask)
    OS_IntQTaskInit                          0x0000729d   Thumb Code   206  os_int.o(i.OS_IntQTaskInit)
    OS_MemInit                               0x000073c5   Thumb Code    14  os_mem.o(i.OS_MemInit)
    OS_MsgPoolInit                           0x000073dd   Thumb Code   110  os_msg.o(i.OS_MsgPoolInit)
    OS_MsgQInit                              0x00007459   Thumb Code    14  os_msg.o(i.OS_MsgQInit)
    OS_MsgQPut                               0x00007469   Thumb Code   254  os_msg.o(i.OS_MsgQPut)
    OS_MutexInit                             0x0000756d   Thumb Code    14  os_mutex.o(i.OS_MutexInit)
    OS_Pend                                  0x00007585   Thumb Code    98  os_core.o(i.OS_Pend)
    OS_PendDataInit                          0x000075ed   Thumb Code    38  os_core.o(i.OS_PendDataInit)
    OS_PendDbgNameAdd                        0x00007615   Thumb Code    66  os_core.o(i.OS_PendDbgNameAdd)
    OS_PendDbgNameRemove                     0x00007671   Thumb Code    30  os_core.o(i.OS_PendDbgNameRemove)
    OS_PendListInsertPrio                    0x00007695   Thumb Code   102  os_core.o(i.OS_PendListInsertPrio)
    OS_PendListRemove                        0x000076fb   Thumb Code    48  os_core.o(i.OS_PendListRemove)
    OS_PendListRemove1                       0x0000772b   Thumb Code    66  os_core.o(i.OS_PendListRemove1)
    OS_Post                                  0x0000776d   Thumb Code   192  os_core.o(i.OS_Post)
    OS_Post1                                 0x0000782d   Thumb Code    42  os_core.o(i.OS_Post1)
    OS_PrioGetHighest                        0x00007859   Thumb Code    36  os_prio.o(i.OS_PrioGetHighest)
    OS_PrioInit                              0x00007881   Thumb Code    20  os_prio.o(i.OS_PrioInit)
    OS_PrioInsert                            0x00007899   Thumb Code    32  os_prio.o(i.OS_PrioInsert)
    OS_PrioRemove                            0x000078bd   Thumb Code    32  os_prio.o(i.OS_PrioRemove)
    OS_QInit                                 0x000078e1   Thumb Code    14  os_q.o(i.OS_QInit)
    OS_QPost                                 0x000078f9   Thumb Code   324  os_q.o(i.OS_QPost)
    OS_RdyListInit                           0x00007a45   Thumb Code    32  os_core.o(i.OS_RdyListInit)
    OS_RdyListInsert                         0x00007a69   Thumb Code    40  os_core.o(i.OS_RdyListInsert)
    OS_RdyListInsertHead                     0x00007a95   Thumb Code    58  os_core.o(i.OS_RdyListInsertHead)
    OS_RdyListInsertTail                     0x00007ad5   Thumb Code    56  os_core.o(i.OS_RdyListInsertTail)
    OS_RdyListMoveHeadToTail                 0x00007b11   Thumb Code    68  os_core.o(i.OS_RdyListMoveHeadToTail)
    OS_RdyListRemove                         0x00007b55   Thumb Code    86  os_core.o(i.OS_RdyListRemove)
    OS_Sched0                                0x00007bb1   Thumb Code    72  os_core.o(i.OS_Sched0)
    OS_SchedLockTimeMeasStart                0x00007c0d   Thumb Code    20  os_core.o(i.OS_SchedLockTimeMeasStart)
    OS_SchedLockTimeMeasStop                 0x00007c29   Thumb Code    44  os_core.o(i.OS_SchedLockTimeMeasStop)
    OS_SchedRoundRobin                       0x00007c65   Thumb Code   190  os_core.o(i.OS_SchedRoundRobin)
    OS_SemInit                               0x00007d35   Thumb Code    14  os_sem.o(i.OS_SemInit)
    OS_SemPost                               0x00007d4d   Thumb Code   350  os_sem.o(i.OS_SemPost)
    OS_StatTask                              0x00007eb1   Thumb Code   790  os_stat.o(i.OS_StatTask)
    OS_StatTaskInit                          0x0000820d   Thumb Code   136  os_stat.o(i.OS_StatTaskInit)
    OS_TaskBlock                             0x000082d9   Thumb Code    56  os_core.o(i.OS_TaskBlock)
    OS_TaskDbgListAdd                        0x00008311   Thumb Code    42  os_task.o(i.OS_TaskDbgListAdd)
    OS_TaskInit                              0x00008341   Thumb Code    18  os_task.o(i.OS_TaskInit)
    OS_TaskInitTCB                           0x00008361   Thumb Code   190  os_task.o(i.OS_TaskInitTCB)
    OS_TaskQPost                             0x0000842d   Thumb Code   510  os_task.o(i.OS_TaskQPost)
    OS_TaskRdy                               0x00008639   Thumb Code    28  os_core.o(i.OS_TaskRdy)
    OS_TaskResume                            0x00008655   Thumb Code   314  os_task.o(i.OS_TaskResume)
    OS_TaskReturn                            0x00008795   Thumb Code    26  os_task.o(i.OS_TaskReturn)
    OS_TaskSemPost                           0x000087b9   Thumb Code  1210  os_task.o(i.OS_TaskSemPost)
    OS_TaskSuspend                           0x00008c7d   Thumb Code   328  os_task.o(i.OS_TaskSuspend)
    OS_TickListInit                          0x00008dcd   Thumb Code    32  os_tick.o(i.OS_TickListInit)
    OS_TickListInsert                        0x00008df5   Thumb Code   430  os_tick.o(i.OS_TickListInsert)
    OS_TickListRemove                        0x00008fb1   Thumb Code    56  os_tick.o(i.OS_TickListRemove)
    OS_TickListResetPeak                     0x00008fe9   Thumb Code    28  os_tick.o(i.OS_TickListResetPeak)
    OS_TickListUpdate                        0x0000900d   Thumb Code   480  os_tick.o(i.OS_TickListUpdate)
    OS_TickTask                              0x00009205   Thumb Code    38  os_tick.o(i.OS_TickTask)
    OS_TickTaskInit                          0x00009231   Thumb Code   128  os_tick.o(i.OS_TickTaskInit)
    OS_TmrInit                               0x000092e9   Thumb Code   206  os_tmr.o(i.OS_TmrInit)
    OS_TmrLink                               0x00009411   Thumb Code   196  os_tmr.o(i.OS_TmrLink)
    OS_TmrResetPeak                          0x000094e1   Thumb Code    28  os_tmr.o(i.OS_TmrResetPeak)
    OS_TmrTask                               0x00009505   Thumb Code   176  os_tmr.o(i.OS_TmrTask)
    OS_TmrUnlink                             0x000095c5   Thumb Code    72  os_tmr.o(i.OS_TmrUnlink)
    String2Char                              0x00009615   Thumb Code    56  app.o(i.String2Char)
    StringCmp                                0x00009651   Thumb Code   168  app.o(i.StringCmp)
    UART0_Irq                                0x00009715   Thumb Code     2  isr.o(i.UART0_Irq)
    UART1_Irq                                0x00009717   Thumb Code     2  isr.o(i.UART1_Irq)
    UART2_Irq                                0x00009719   Thumb Code     2  isr.o(i.UART2_Irq)
    UART3_Irq                                0x0000971b   Thumb Code     2  isr.o(i.UART3_Irq)
    UART4_Irq                                0x0000971d   Thumb Code     2  isr.o(i.UART4_Irq)
    UART5_Irq                                0x0000971f   Thumb Code     2  isr.o(i.UART5_Irq)
    UART6_Irq                                0x00009721   Thumb Code     2  isr.o(i.UART6_Irq)
    UART7_Irq                                0x00009723   Thumb Code     2  isr.o(i.UART7_Irq)
    UART8_Irq                                0x00009725   Thumb Code     2  isr.o(i.UART8_Irq)
    UART9_Irq                                0x00009727   Thumb Code     2  isr.o(i.UART9_Irq)
    VCP_cep_rx_cb                            0x00009729   Thumb Code    26  vcp_app.o(i.VCP_cep_rx_cb)
    VCP_cep_tx_cb                            0x0000974d   Thumb Code     6  vcp_app.o(i.VCP_cep_tx_cb)
    VCP_configuration_state                  0x00009755   Thumb Code     6  vcp_app.o(i.VCP_configuration_state)
    VCP_default_rx_complete_handler          0x00009761   Thumb Code     2  vcp_app.o(i.VCP_default_rx_complete_handler)
    VCP_init                                 0x00009765   Thumb Code    52  vcp_app.o(i.VCP_init)
    VCP_init_cb                              0x000097a9   Thumb Code    16  vcp_app.o(i.VCP_init_cb)
    VCP_notification_cb                      0x000097c5   Thumb Code     8  vcp_app.o(i.VCP_notification_cb)
    VCP_process_request_cb                   0x000097cd   Thumb Code   124  vcp_app.o(i.VCP_process_request_cb)
    VCP_release_cb                           0x00009855   Thumb Code     8  vcp_app.o(i.VCP_release_cb)
    VCP_rx_cb                                0x00009861   Thumb Code    26  vcp_app.o(i.VCP_rx_cb)
    VCP_rx_prepare                           0x00009885   Thumb Code    46  vcp_app.o(i.VCP_rx_prepare)
    VCP_tx                                   0x000098c1   Thumb Code    38  vcp_app.o(i.VCP_tx)
    VCP_tx_cb                                0x000098f1   Thumb Code    16  vcp_app.o(i.VCP_tx_cb)
    VCP_tx_done                              0x00009905   Thumb Code     6  vcp_app.o(i.VCP_tx_done)
    __scatterload_copy                       0x00009911   Thumb Code    14  handlers.o(i.__scatterload_copy)
    __scatterload_null                       0x0000991f   Thumb Code     2  handlers.o(i.__scatterload_null)
    __scatterload_zeroinit                   0x00009921   Thumb Code    14  handlers.o(i.__scatterload_zeroinit)
    atox                                     0x0000992f   Thumb Code   214  app.o(i.atox)
    main                                     0x00009a05   Thumb Code    76  app.o(i.main)
    receive_data_handler                     0x00009a6d   Thumb Code    46  app.o(i.receive_data_handler)
    vcp_device_descriptor                    0x00009aa9   Thumb Code    10  usb_user_descriptors.o(i.vcp_device_descriptor)
    vcp_device_qual_descriptor               0x00009ab9   Thumb Code    20  usb_user_descriptors.o(i.vcp_device_qual_descriptor)
    vcp_get_string                           0x00009ad5   Thumb Code    60  usb_user_descriptors.o(i.vcp_get_string)
    vcp_string_descriptor                    0x00009b11   Thumb Code   104  usb_user_descriptors.o(i.vcp_string_descriptor)
    ConvTable                                0x00009bc4   Data          16  app.o(.constdata)
    OSCfg_IdleTaskStkBasePtr                 0x00009bd4   Data           4  os_cfg_app.o(.constdata)
    OSCfg_IdleTaskStkLimit                   0x00009bd8   Data           4  os_cfg_app.o(.constdata)
    OSCfg_IdleTaskStkSize                    0x00009bdc   Data           4  os_cfg_app.o(.constdata)
    OSCfg_IdleTaskStkSizeRAM                 0x00009be0   Data           4  os_cfg_app.o(.constdata)
    OSCfg_IntQBasePtr                        0x00009be4   Data           4  os_cfg_app.o(.constdata)
    OSCfg_IntQSize                           0x00009be8   Data           2  os_cfg_app.o(.constdata)
    OSCfg_IntQSizeRAM                        0x00009bec   Data           4  os_cfg_app.o(.constdata)
    OSCfg_IntQTaskStkBasePtr                 0x00009bf0   Data           4  os_cfg_app.o(.constdata)
    OSCfg_IntQTaskStkLimit                   0x00009bf4   Data           4  os_cfg_app.o(.constdata)
    OSCfg_IntQTaskStkSize                    0x00009bf8   Data           4  os_cfg_app.o(.constdata)
    OSCfg_IntQTaskStkSizeRAM                 0x00009bfc   Data           4  os_cfg_app.o(.constdata)
    OSCfg_ISRStkBasePtr                      0x00009c00   Data           4  os_cfg_app.o(.constdata)
    OSCfg_ISRStkSize                         0x00009c04   Data           4  os_cfg_app.o(.constdata)
    OSCfg_ISRStkSizeRAM                      0x00009c08   Data           4  os_cfg_app.o(.constdata)
    OSCfg_MsgPoolSize                        0x00009c0c   Data           2  os_cfg_app.o(.constdata)
    OSCfg_MsgPoolSizeRAM                     0x00009c10   Data           4  os_cfg_app.o(.constdata)
    OSCfg_MsgPoolBasePtr                     0x00009c14   Data           4  os_cfg_app.o(.constdata)
    OSCfg_StatTaskPrio                       0x00009c18   Data           1  os_cfg_app.o(.constdata)
    OSCfg_StatTaskRate_Hz                    0x00009c1c   Data           4  os_cfg_app.o(.constdata)
    OSCfg_StatTaskStkBasePtr                 0x00009c20   Data           4  os_cfg_app.o(.constdata)
    OSCfg_StatTaskStkLimit                   0x00009c24   Data           4  os_cfg_app.o(.constdata)
    OSCfg_StatTaskStkSize                    0x00009c28   Data           4  os_cfg_app.o(.constdata)
    OSCfg_StatTaskStkSizeRAM                 0x00009c2c   Data           4  os_cfg_app.o(.constdata)
    OSCfg_StkSizeMin                         0x00009c30   Data           4  os_cfg_app.o(.constdata)
    OSCfg_TickRate_Hz                        0x00009c34   Data           4  os_cfg_app.o(.constdata)
    OSCfg_TickTaskPrio                       0x00009c38   Data           1  os_cfg_app.o(.constdata)
    OSCfg_TickTaskStkBasePtr                 0x00009c3c   Data           4  os_cfg_app.o(.constdata)
    OSCfg_TickTaskStkLimit                   0x00009c40   Data           4  os_cfg_app.o(.constdata)
    OSCfg_TickTaskStkSize                    0x00009c44   Data           4  os_cfg_app.o(.constdata)
    OSCfg_TickTaskStkSizeRAM                 0x00009c48   Data           4  os_cfg_app.o(.constdata)
    OSCfg_TickWheelSize                      0x00009c4c   Data           2  os_cfg_app.o(.constdata)
    OSCfg_TickWheelSizeRAM                   0x00009c50   Data           4  os_cfg_app.o(.constdata)
    OSCfg_TmrTaskPrio                        0x00009c54   Data           1  os_cfg_app.o(.constdata)
    OSCfg_TmrTaskRate_Hz                     0x00009c58   Data           4  os_cfg_app.o(.constdata)
    OSCfg_TmrTaskStkBasePtr                  0x00009c5c   Data           4  os_cfg_app.o(.constdata)
    OSCfg_TmrTaskStkLimit                    0x00009c60   Data           4  os_cfg_app.o(.constdata)
    OSCfg_TmrTaskStkSize                     0x00009c64   Data           4  os_cfg_app.o(.constdata)
    OSCfg_TmrTaskStkSizeRAM                  0x00009c68   Data           4  os_cfg_app.o(.constdata)
    OSCfg_TmrWheelSize                       0x00009c6c   Data           2  os_cfg_app.o(.constdata)
    OSCfg_TmrWheelSizeRAM                    0x00009c70   Data           4  os_cfg_app.o(.constdata)
    OSCfg_DataSizeRAM                        0x00009c74   Data           4  os_cfg_app.o(.constdata)
    OSDbg_DbgEn                              0x00009c78   Data           1  os_dbg.o(.constdata)
    OSDbg_ArgChkEn                           0x00009c79   Data           1  os_dbg.o(.constdata)
    OSDbg_AppHooksEn                         0x00009c7a   Data           1  os_dbg.o(.constdata)
    OSDbg_EndiannessTest                     0x00009c7c   Data           4  os_dbg.o(.constdata)
    OSDbg_CalledFromISRChkEn                 0x00009c80   Data           1  os_dbg.o(.constdata)
    OSDbg_FlagEn                             0x00009c81   Data           1  os_dbg.o(.constdata)
    OSDbg_FlagGrp                            0x00009c84   Data          40  os_dbg.o(.constdata)
    OSDbg_FlagDelEn                          0x00009cac   Data           1  os_dbg.o(.constdata)
    OSDbg_FlagModeClrEn                      0x00009cad   Data           1  os_dbg.o(.constdata)
    OSDbg_FlagPendAbortEn                    0x00009cae   Data           1  os_dbg.o(.constdata)
    OSDbg_FlagGrpSize                        0x00009cb0   Data           2  os_dbg.o(.constdata)
    OSDbg_FlagWidth                          0x00009cb2   Data           2  os_dbg.o(.constdata)
    OSDbg_IntQ                               0x00009cb4   Data           2  os_dbg.o(.constdata)
    OSDbg_ISRPostDeferredEn                  0x00009cb6   Data           1  os_dbg.o(.constdata)
    OSDbg_Mem                                0x00009cb8   Data          32  os_dbg.o(.constdata)
    OSDbg_MemEn                              0x00009cd8   Data           1  os_dbg.o(.constdata)
    OSDbg_MemSize                            0x00009cda   Data           2  os_dbg.o(.constdata)
    OSDbg_MsgEn                              0x00009cdc   Data           1  os_dbg.o(.constdata)
    OSDbg_MsgSize                            0x00009cde   Data           2  os_dbg.o(.constdata)
    OSDbg_MsgPoolSize                        0x00009ce0   Data           2  os_dbg.o(.constdata)
    OSDbg_MsgQSize                           0x00009ce2   Data           2  os_dbg.o(.constdata)
    OSDbg_Mutex                              0x00009ce4   Data          44  os_dbg.o(.constdata)
    OSDbg_MutexEn                            0x00009d10   Data           1  os_dbg.o(.constdata)
    OSDbg_MutexDelEn                         0x00009d11   Data           1  os_dbg.o(.constdata)
    OSDbg_MutexPendAbortEn                   0x00009d12   Data           1  os_dbg.o(.constdata)
    OSDbg_MutexSize                          0x00009d14   Data           2  os_dbg.o(.constdata)
    OSDbg_ObjTypeChkEn                       0x00009d16   Data           1  os_dbg.o(.constdata)
    OSDbg_PendMultiEn                        0x00009d17   Data           1  os_dbg.o(.constdata)
    OSDbg_PendDataSize                       0x00009d18   Data           2  os_dbg.o(.constdata)
    OSDbg_PendListSize                       0x00009d1a   Data           2  os_dbg.o(.constdata)
    OSDbg_PendObjSize                        0x00009d1c   Data           2  os_dbg.o(.constdata)
    OSDbg_PrioMax                            0x00009d1e   Data           2  os_dbg.o(.constdata)
    OSDbg_PrioTblSize                        0x00009d20   Data           2  os_dbg.o(.constdata)
    OSDbg_PtrSize                            0x00009d22   Data           2  os_dbg.o(.constdata)
    OSDbg_Q                                  0x00009d24   Data          48  os_dbg.o(.constdata)
    OSDbg_QEn                                0x00009d54   Data           1  os_dbg.o(.constdata)
    OSDbg_QDelEn                             0x00009d55   Data           1  os_dbg.o(.constdata)
    OSDbg_QFlushEn                           0x00009d56   Data           1  os_dbg.o(.constdata)
    OSDbg_QPendAbortEn                       0x00009d57   Data           1  os_dbg.o(.constdata)
    OSDbg_QSize                              0x00009d58   Data           2  os_dbg.o(.constdata)
    OSDbg_SchedRoundRobinEn                  0x00009d5a   Data           1  os_dbg.o(.constdata)
    OSDbg_Sem                                0x00009d5c   Data          40  os_dbg.o(.constdata)
    OSDbg_SemEn                              0x00009d84   Data           1  os_dbg.o(.constdata)
    OSDbg_SemDelEn                           0x00009d85   Data           1  os_dbg.o(.constdata)
    OSDbg_SemPendAbortEn                     0x00009d86   Data           1  os_dbg.o(.constdata)
    OSDbg_SemSetEn                           0x00009d87   Data           1  os_dbg.o(.constdata)
    OSDbg_SemSize                            0x00009d88   Data           2  os_dbg.o(.constdata)
    OSDbg_RdyList                            0x00009d8a   Data           2  os_dbg.o(.constdata)
    OSDbg_RdyListSize                        0x00009d8c   Data           4  os_dbg.o(.constdata)
    OSDbg_StkWidth                           0x00009d90   Data           1  os_dbg.o(.constdata)
    OSDbg_StatTaskEn                         0x00009d91   Data           1  os_dbg.o(.constdata)
    OSDbg_StatTaskStkChkEn                   0x00009d92   Data           1  os_dbg.o(.constdata)
    OSDbg_TaskChangePrioEn                   0x00009d93   Data           1  os_dbg.o(.constdata)
    OSDbg_TaskDelEn                          0x00009d94   Data           1  os_dbg.o(.constdata)
    OSDbg_TaskQEn                            0x00009d95   Data           1  os_dbg.o(.constdata)
    OSDbg_TaskQPendAbortEn                   0x00009d96   Data           1  os_dbg.o(.constdata)
    OSDbg_TaskProfileEn                      0x00009d97   Data           1  os_dbg.o(.constdata)
    OSDbg_TaskRegTblSize                     0x00009d98   Data           2  os_dbg.o(.constdata)
    OSDbg_TaskSemPendAbortEn                 0x00009d9a   Data           1  os_dbg.o(.constdata)
    OSDbg_TaskSuspendEn                      0x00009d9b   Data           1  os_dbg.o(.constdata)
    OSDbg_TCBSize                            0x00009d9c   Data           2  os_dbg.o(.constdata)
    OSDbg_TickSpokeSize                      0x00009d9e   Data           2  os_dbg.o(.constdata)
    OSDbg_TimeDlyHMSMEn                      0x00009da0   Data           1  os_dbg.o(.constdata)
    OSDbg_TimeDlyResumeEn                    0x00009da1   Data           1  os_dbg.o(.constdata)
    OSDbg_TLS_TblSize                        0x00009da2   Data           2  os_dbg.o(.constdata)
    OSDbg_Tmr                                0x00009da4   Data          52  os_dbg.o(.constdata)
    OSDbg_TmrEn                              0x00009dd8   Data           1  os_dbg.o(.constdata)
    OSDbg_TmrDelEn                           0x00009dd9   Data           1  os_dbg.o(.constdata)
    OSDbg_TmrSize                            0x00009dda   Data           2  os_dbg.o(.constdata)
    OSDbg_TmrSpokeSize                       0x00009ddc   Data           2  os_dbg.o(.constdata)
    OSDbg_VersionNbr                         0x00009dde   Data           2  os_dbg.o(.constdata)
    OSDbg_DataSize                           0x00009de0   Data           4  os_dbg.o(.constdata)
    Region$$Table$$Base                      0x00009de4   Number         0  anon$$obj.o(Region$$Table)
    Region$$Table$$Limit                     0x00009e04   Number         0  anon$$obj.o(Region$$Table)
    Image$$ER_RW$$Base                       0x20000000   Number         0  anon$$obj.o ABSOLUTE
    g_StringTaskBusy                         0x20000000   Data          22  app.o(.data)
    g_StringParError                         0x20000016   Data          24  app.o(.data)
    g_StringDeviceError                      0x2000002e   Data          25  app.o(.data)
    g_StringTaseDone                         0x20000047   Data          22  app.o(.data)
    gDataNotComplete                         0x2000005d   Data          35  app.o(.data)
    g_rx_count                               0x20000080   Data           2  app.o(.data)
    g_rx2_count                              0x20000082   Data           2  app.o(.data)
    g_gpio                                   0x20000084   Data           8  app.o(.data)
    g_linecoding_params                      0x2000008c   Data           8  vcp_app.o(.data)
    g_not_buf                                0x20000094   Data          10  vcp_app.o(.data)
    g_vcp_serial_state                       0x2000009e   Data           1  vcp_app.o(.data)
    g_vcprx_complete_status                  0x2000009f   Data           1  vcp_app.o(.data)
    g_vcptx_complete_status                  0x200000a0   Data           1  vcp_app.o(.data)
    g_rx_complete_handler                    0x200000a4   Data           4  vcp_app.o(.data)
    g_vcp_config_state                       0x200000a8   Data           1  vcp_app.o(.data)
    g_vcp_app_cb                             0x200000ac   Data          32  vcp_app.o(.data)
    device_descriptor                        0x200000cc   Data          18  usb_user_descriptors.o(.data)
    hs_dev_qualifier_descriptor              0x200000de   Data          10  usb_user_descriptors.o(.data)
    fs_dev_qualifier_descriptor              0x200000e8   Data          10  usb_user_descriptors.o(.data)
    lang_string_descriptor                   0x200000f2   Data           4  usb_user_descriptors.o(.data)
    vcp_descriptors_cb                       0x200000f8   Data          12  usb_user_descriptors.o(.data)
    Mem_PoolTbl                              0x20000104   Data           4  lib_mem.o(.data)
    CPU_TS_TmrFreq_Hz                        0x20000108   Data           4  cpu_core.o(.data)
    OS_CPU_ExceptStkBase                     0x2000010c   Data           4  os_cpu_c.o(.data)
    OSPrioTbl                                0x20000110   Data           8  os_prio.o(.data)
    OS_AppTaskCreateHookPtr                  0x20000118   Data           4  os_var.o(.data)
    OS_AppTaskDelHookPtr                     0x2000011c   Data           4  os_var.o(.data)
    OS_AppTaskReturnHookPtr                  0x20000120   Data           4  os_var.o(.data)
    OS_AppIdleTaskHookPtr                    0x20000124   Data           4  os_var.o(.data)
    OS_AppStatTaskHookPtr                    0x20000128   Data           4  os_var.o(.data)
    OS_AppTaskSwHookPtr                      0x2000012c   Data           4  os_var.o(.data)
    OS_AppTimeTickHookPtr                    0x20000130   Data           4  os_var.o(.data)
    OSIdleTaskCtr                            0x20000134   Data           4  os_var.o(.data)
    OSIntNestingCtr                          0x20000138   Data           1  os_var.o(.data)
    OSRunning                                0x20000139   Data           1  os_var.o(.data)
    OSIntQInPtr                              0x2000013c   Data           4  os_var.o(.data)
    OSIntQOutPtr                             0x20000140   Data           4  os_var.o(.data)
    OSIntQNbrEntries                         0x20000144   Data           2  os_var.o(.data)
    OSIntQNbrEntriesMax                      0x20000146   Data           2  os_var.o(.data)
    OSIntQOvfCtr                             0x20000148   Data           2  os_var.o(.data)
    OSIntQTaskTimeMax                        0x2000014c   Data           4  os_var.o(.data)
    OSFlagDbgListPtr                         0x20000150   Data           4  os_var.o(.data)
    OSFlagQty                                0x20000154   Data           2  os_var.o(.data)
    OSMemDbgListPtr                          0x20000158   Data           4  os_var.o(.data)
    OSMemQty                                 0x2000015c   Data           2  os_var.o(.data)
    OSMutexDbgListPtr                        0x20000160   Data           4  os_var.o(.data)
    OSMutexQty                               0x20000164   Data           2  os_var.o(.data)
    OSPrioCur                                0x20000166   Data           1  os_var.o(.data)
    OSPrioHighRdy                            0x20000167   Data           1  os_var.o(.data)
    OSPrioSaved                              0x20000168   Data           1  os_var.o(.data)
    OSQDbgListPtr                            0x2000016c   Data           4  os_var.o(.data)
    OSQQty                                   0x20000170   Data           2  os_var.o(.data)
    OSSchedLockTimeBegin                     0x20000174   Data           4  os_var.o(.data)
    OSSchedLockTimeMax                       0x20000178   Data           4  os_var.o(.data)
    OSSchedLockTimeMaxCur                    0x2000017c   Data           4  os_var.o(.data)
    OSSchedLockNestingCtr                    0x20000180   Data           1  os_var.o(.data)
    OSSchedRoundRobinDfltTimeQuanta          0x20000184   Data           4  os_var.o(.data)
    OSSchedRoundRobinEn                      0x20000188   Data           1  os_var.o(.data)
    OSSemDbgListPtr                          0x2000018c   Data           4  os_var.o(.data)
    OSSemQty                                 0x20000190   Data           2  os_var.o(.data)
    OSStatResetFlag                          0x20000192   Data           1  os_var.o(.data)
    OSStatTaskCPUUsage                       0x20000194   Data           2  os_var.o(.data)
    OSStatTaskCPUUsageMax                    0x20000196   Data           2  os_var.o(.data)
    OSStatTaskCtr                            0x20000198   Data           4  os_var.o(.data)
    OSStatTaskCtrMax                         0x2000019c   Data           4  os_var.o(.data)
    OSStatTaskCtrRun                         0x200001a0   Data           4  os_var.o(.data)
    OSStatTaskRdy                            0x200001a4   Data           1  os_var.o(.data)
    OSStatTaskTimeMax                        0x200001a8   Data           4  os_var.o(.data)
    OSTaskCtxSwCtr                           0x200001ac   Data           4  os_var.o(.data)
    OSTaskDbgListPtr                         0x200001b0   Data           4  os_var.o(.data)
    OSTaskQty                                0x200001b4   Data           2  os_var.o(.data)
    OSTaskRegNextAvailID                     0x200001b6   Data           1  os_var.o(.data)
    OSTickCtr                                0x200001b8   Data           4  os_var.o(.data)
    OSTickTaskTimeMax                        0x200001bc   Data           4  os_var.o(.data)
    OSTmrDbgListPtr                          0x200001c0   Data           4  os_var.o(.data)
    OSTmrQty                                 0x200001c4   Data           2  os_var.o(.data)
    OSTmrTaskTimeMax                         0x200001c8   Data           4  os_var.o(.data)
    OSTmrTickCtr                             0x200001cc   Data           4  os_var.o(.data)
    OSTmrUpdateCnt                           0x200001d0   Data           4  os_var.o(.data)
    OSTmrUpdateCtr                           0x200001d4   Data           4  os_var.o(.data)
    OSTCBCurPtr                              0x200001d8   Data           4  os_var.o(.data)
    OSTCBHighRdyPtr                          0x200001dc   Data           4  os_var.o(.data)
    g_usbd_user_descr_cb                     0x200001e4   Data           4  mss_usb_device.o(.data)
    g_usbd_class_cb                          0x200001e8   Data           4  mss_usb_device.o(.data)
    g_mss_usbd_cb                            0x200001f8   Data          44  mss_usb_device.o(.data)
    usbd_cdc_class_cb                        0x20000228   Data          32  mss_usb_device_cdc.o(.data)
    usbd_cdc_vcp_ops                         0x20000248   Data           4  mss_usb_device_cdc.o(.data)
    g_usbd_cdc_user_speed                    0x2000024c   Data           1  mss_usb_device_cdc.o(.data)
    cdc_conf_descr                           0x2000024d   Data          75  mss_usb_device_cdc.o(.data)
    cep_state                                0x20000298   Data           1  mss_usb_device_cif.o(.data)
    SystemCoreClock                          0x200002a0   Data           4  system_m2sxxx.o(.data)
    g_FrequencyPCLK0                         0x200002a4   Data           4  system_m2sxxx.o(.data)
    g_FrequencyPCLK1                         0x200002a8   Data           4  system_m2sxxx.o(.data)
    g_FrequencyPCLK2                         0x200002ac   Data           4  system_m2sxxx.o(.data)
    g_FrequencyFIC0                          0x200002b0   Data           4  system_m2sxxx.o(.data)
    g_FrequencyFIC1                          0x200002b4   Data           4  system_m2sxxx.o(.data)
    g_FrequencyFIC64                         0x200002b8   Data           4  system_m2sxxx.o(.data)
    gRev1_Buffer                             0x200002bc   Data        2048  app.o(.bss)
    gRev2_Buffer                             0x20000abc   Data        8192  app.o(.bss)
    gRx_Buffer                               0x20002abc   Data        8192  app.o(.bss)
    gTx_Buffer                               0x20004abc   Data        8192  app.o(.bss)
    gI2C_Buffer                              0x20006abc   Data        2560  app.o(.bss)
    g_core_i2c                               0x200074bc   Data        1080  app.o(.bss)
    gUART_Buffer                             0x200078f4   Data        2560  app.o(.bss)
    g_core_uart                              0x200082f4   Data          80  app.o(.bss)
    g_string_descriptor                      0x2000a474   Data          64  usb_user_descriptors.o(.bss)
    Mem_PoolHeap                             0x2000a4b4   Data          72  lib_mem.o(.bss)
    Mem_Heap                                 0x2000a4fc   Data        9216  lib_mem.o(.bss)
    CPU_Name                                 0x2000c8fc   Data          16  cpu_core.o(.bss)
    OSCfg_IdleTaskStk                        0x2000c90c   Data         512  os_cfg_app.o(.bss)
    OSCfg_IntQ                               0x2000cb0c   Data         320  os_cfg_app.o(.bss)
    OSCfg_IntQTaskStk                        0x2000cc4c   Data         512  os_cfg_app.o(.bss)
    OSCfg_ISRStk                             0x2000ce4c   Data        1024  os_cfg_app.o(.bss)
    OSCfg_MsgPool                            0x2000d24c   Data         800  os_cfg_app.o(.bss)
    OSCfg_StatTaskStk                        0x2000d56c   Data         512  os_cfg_app.o(.bss)
    OSCfg_TickTaskStk                        0x2000d76c   Data         512  os_cfg_app.o(.bss)
    OSCfg_TickWheel                          0x2000d96c   Data         128  os_cfg_app.o(.bss)
    OSCfg_TmrTaskStk                         0x2000d9ec   Data         512  os_cfg_app.o(.bss)
    OSCfg_TmrWheel                           0x2000dbec   Data         128  os_cfg_app.o(.bss)
    OSIdleTaskTCB                            0x2000dc6c   Data         196  os_var.o(.bss)
    OSIntQTaskTCB                            0x2000dd30   Data         196  os_var.o(.bss)
    OSMsgPool                                0x2000ddf4   Data          12  os_var.o(.bss)
    OSRdyList                                0x2000de00   Data         768  os_var.o(.bss)
    OSStatTaskTCB                            0x2000e100   Data         196  os_var.o(.bss)
    OSTickTaskTCB                            0x2000e1c4   Data         196  os_var.o(.bss)
    OSTmrTaskTCB                             0x2000e288   Data         196  os_var.o(.bss)
    __heap_base                              0x2000e598   Data           0  startup_m2sxxx.o(HEAP)
    __heap_limit                             0x2000e598   Data           0  startup_m2sxxx.o(HEAP)
    __initial_sp                             0x2000f598   Data           0  startup_m2sxxx.o(STACK)



==============================================================================

Memory Map of the image

  Image Entry point : 0x00000189

  Load Region FLASH_LOAD (Base: 0x00000000, Size: 0x0000a0c0, Max: 0x00040000, ABSOLUTE, COMPRESSED[0x00009f34])

    Execution Region ER_RO (Base: 0x00000000, Size: 0x00009e04, Max: 0x00040000, ABSOLUTE)

    Base Addr    Size         Type   Attr      Idx    E Section Name        Object

    0x00000000   0x00000188   Data   RO         3115    RESET               M2sExt_sb_MSS_CM3_hw_platform.lib(startup_m2sxxx.o)
    0x00000188   0x00000000   Code   RO         3074  * .ARM.Collect$$$$00000000  mc_w.l(entry.o)
    0x00000188   0x00000004   Code   RO         3099    .ARM.Collect$$$$00000001  mc_w.l(entry2.o)
    0x0000018c   0x00000004   Code   RO         3102    .ARM.Collect$$$$00000004  mc_w.l(entry5.o)
    0x00000190   0x00000000   Code   RO         3104    .ARM.Collect$$$$00000008  mc_w.l(entry7b.o)
    0x00000190   0x00000000   Code   RO         3106    .ARM.Collect$$$$0000000A  mc_w.l(entry8b.o)
    0x00000190   0x00000008   Code   RO         3107    .ARM.Collect$$$$0000000B  mc_w.l(entry9a.o)
    0x00000198   0x00000000   Code   RO         3109    .ARM.Collect$$$$0000000D  mc_w.l(entry10a.o)
    0x00000198   0x00000000   Code   RO         3111    .ARM.Collect$$$$0000000F  mc_w.l(entry11a.o)
    0x00000198   0x00000004   Code   RO         3100    .ARM.Collect$$$$00002712  mc_w.l(entry2.o)
    0x0000019c   0x00000034   Code   RO         1547    .text               cpu_a.o
    0x000001d0   0x00000442   Code   RO         2746    .text               M2sExt_sb_MSS_CM3_hw_platform.lib(core_gpio.o)
    0x00000612   0x00000a68   Code   RO         2779    .text               M2sExt_sb_MSS_CM3_hw_platform.lib(core_i2c.o)
    0x0000107a   0x00000002   PAD
    0x0000107c   0x000000d8   Code   RO         2815    .text               M2sExt_sb_MSS_CM3_hw_platform.lib(core_irq_ctrl.o)
    0x00001154   0x000014b0   Code   RO         2856    .text               M2sExt_sb_MSS_CM3_hw_platform.lib(mss_usb_device.o)
    0x00002604   0x00000290   Code   RO         2914    .text               M2sExt_sb_MSS_CM3_hw_platform.lib(mss_usb_device_cdc.o)
    0x00002894   0x0000000c   Code   RO         2954    .text               M2sExt_sb_MSS_CM3_hw_platform.lib(cortex_nvic.o)
    0x000028a0   0x00000150   Code   RO         2974    .text               M2sExt_sb_MSS_CM3_hw_platform.lib(i2c_interrupt.o)
    0x000029f0   0x00000aac   Code   RO         3005    .text               M2sExt_sb_MSS_CM3_hw_platform.lib(mss_usb_common_cif.o)
    0x0000349c   0x000005ec   Code   RO         3032    .text               M2sExt_sb_MSS_CM3_hw_platform.lib(mss_usb_device_cif.o)
    0x00003a88   0x0000000e   Code   RO         3066    .text               M2sExt_sb_MSS_CM3_hw_platform.lib(hal.o)
    0x00003a96   0x00000002   PAD
    0x00003a98   0x00000090   Code   RO         3070    .text               M2sExt_sb_MSS_CM3_hw_platform.lib(hw_reg_access.o)
    0x00003b28   0x00000024   Code   RO         3077    .text               mc_w.l(memcpya.o)
    0x00003b4c   0x00000024   Code   RO         3079    .text               mc_w.l(memseta.o)
    0x00003b70   0x00000018   Code   RO         3081    .text               mc_w.l(strcat.o)
    0x00003b88   0x00000014   Code   RO         3083    .text               mc_w.l(strchr.o)
    0x00003b9c   0x0000000e   Code   RO         3085    .text               mc_w.l(strlen.o)
    0x00003baa   0x0000001c   Code   RO         3087    .text               mc_w.l(strcmp.o)
    0x00003bc6   0x00000028   Code   RO         3089    .text               mc_w.l(strncat.o)
    0x00003bee   0x00000002   PAD
    0x00003bf0   0x00000044   Code   RO         3091    .text               mc_w.l(strtok.o)
    0x00003c34   0x00000130   Code   RO         3116    .text               M2sExt_sb_MSS_CM3_hw_platform.lib(startup_m2sxxx.o)
    0x00003d64   0x00000024   Code   RO         3120    .text               mc_w.l(init.o)
    0x00003d88   0x00000038   Code   RO         3124    .text               M2sExt_sb_MSS_CM3_hw_platform.lib(low_level_init.o)
    0x00003dc0   0x00000198   Code   RO         3152    .text               M2sExt_sb_MSS_CM3_hw_platform.lib(system_m2sxxx.o)
    0x00003f58   0x00000056   Code   RO         3197    .text               mc_w.l(__dczerorl2.o)
    0x00003fae   0x00000002   PAD
    0x00003fb0   0x00000084   Code   RO         1598    CODE                os_cpu_a.o
    0x00004034   0x00000002   Code   RO            3    i.AppObjCreate      app.o
    0x00004036   0x00000002   PAD
    0x00004038   0x00000314   Code   RO            4    i.AppTaskCreate     app.o
    0x0000434c   0x0000013c   Code   RO            5    i.AppTaskI2C0       app.o
    0x00004488   0x00000160   Code   RO            6    i.AppTaskI2C1       app.o
    0x000045e8   0x00000160   Code   RO            7    i.AppTaskI2C2       app.o
    0x00004748   0x00000160   Code   RO            8    i.AppTaskI2C3       app.o
    0x000048a8   0x00000154   Code   RO            9    i.AppTaskI2C4       app.o
    0x000049fc   0x00000160   Code   RO           10    i.AppTaskI2C5       app.o
    0x00004b5c   0x00000160   Code   RO           11    i.AppTaskI2C6       app.o
    0x00004cbc   0x00000160   Code   RO           12    i.AppTaskI2C7       app.o
    0x00004e1c   0x000001b4   Code   RO           13    i.AppTaskI2C8       app.o
    0x00004fd0   0x00000160   Code   RO           14    i.AppTaskI2C9       app.o
    0x00005130   0x00000164   Code   RO           23    i.AppTaskStart      app.o
    0x00005294   0x000001c0   Code   RO           32    i.AppTaskUSB        app.o
    0x00005454   0x00000002   Code   RO          348    i.App_OS_IdleTaskHook  os_app_hooks.o
    0x00005456   0x00000002   PAD
    0x00005458   0x00000084   Code   RO          350    i.App_OS_SetAllHooks  os_app_hooks.o
    0x000054dc   0x00000002   Code   RO          351    i.App_OS_StatTaskHook  os_app_hooks.o
    0x000054de   0x00000002   Code   RO          352    i.App_OS_TaskCreateHook  os_app_hooks.o
    0x000054e0   0x00000002   Code   RO          353    i.App_OS_TaskDelHook  os_app_hooks.o
    0x000054e2   0x00000002   Code   RO          354    i.App_OS_TaskReturnHook  os_app_hooks.o
    0x000054e4   0x00000002   Code   RO          355    i.App_OS_TaskSwHook  os_app_hooks.o
    0x000054e6   0x00000002   PAD
    0x000054e8   0x00000070   Code   RO          356    i.App_OS_TimeTickHook  os_app_hooks.o
    0x00005558   0x00000064   Code   RO          430    i.BSP_CPU_TickInit  bsp.o
    0x000055bc   0x00000064   Code   RO          431    i.BSP_Init          bsp.o
    0x00005620   0x0000000c   Code   RO         1423    i.CPU_Init          cpu_core.o
    0x0000562c   0x00000030   Code   RO         1424    i.CPU_NameClr       cpu_core.o
    0x0000565c   0x00000008   Code   RO         1426    i.CPU_NameInit      cpu_core.o
    0x00005664   0x00000014   Code   RO         1430    i.CPU_TS_Init       cpu_core.o
    0x00005678   0x00000002   Code   RO          438    i.CPU_TS_TmrInit    bsp.o
    0x0000567a   0x00000004   Code   RO          439    i.CPU_TS_TmrRd      bsp.o
    0x0000567e   0x00000002   PAD
    0x00005680   0x00000068   Code   RO           33    i.Char2String       app.o
    0x000056e8   0x0000003c   Code   RO          906    i.CoreI2cxInit      busapis.o
    0x00005724   0x000000a0   Code   RO          907    i.CoreI2cxRead      busapis.o
    0x000057c4   0x00000070   Code   RO          908    i.CoreI2cxWrite     busapis.o
    0x00005834   0x00000002   Code   RO          696    i.FIC64_IRQHandler  isr.o
    0x00005836   0x00000002   PAD
    0x00005838   0x00000010   Code   RO          697    i.FabricIrq0_IRQHandler  isr.o
    0x00005848   0x00000002   Code   RO          698    i.FabricIrq10_IRQHandler  isr.o
    0x0000584a   0x00000002   Code   RO          699    i.FabricIrq11_IRQHandler  isr.o
    0x0000584c   0x00000002   Code   RO          700    i.FabricIrq12_IRQHandler  isr.o
    0x0000584e   0x00000002   Code   RO          701    i.FabricIrq13_IRQHandler  isr.o
    0x00005850   0x00000002   Code   RO          702    i.FabricIrq14_IRQHandler  isr.o
    0x00005852   0x00000002   Code   RO          703    i.FabricIrq15_IRQHandler  isr.o
    0x00005854   0x00000010   Code   RO          704    i.FabricIrq1_IRQHandler  isr.o
    0x00005864   0x00000010   Code   RO          705    i.FabricIrq2_IRQHandler  isr.o
    0x00005874   0x00000010   Code   RO          706    i.FabricIrq3_IRQHandler  isr.o
    0x00005884   0x00000010   Code   RO          707    i.FabricIrq4_IRQHandler  isr.o
    0x00005894   0x00000010   Code   RO          708    i.FabricIrq5_IRQHandler  isr.o
    0x000058a4   0x00000010   Code   RO          709    i.FabricIrq6_IRQHandler  isr.o
    0x000058b4   0x00000010   Code   RO          710    i.FabricIrq7_IRQHandler  isr.o
    0x000058c4   0x00000010   Code   RO          711    i.FabricIrq8_IRQHandler  isr.o
    0x000058d4   0x00000010   Code   RO          712    i.FabricIrq9_IRQHandler  isr.o
    0x000058e4   0x00000012   Code   RO         1141    i.Mem_Clr           lib_mem.o
    0x000058f6   0x00000002   PAD
    0x000058f8   0x00000048   Code   RO         1145    i.Mem_Init          lib_mem.o
    0x00005940   0x00000062   Code   RO         1158    i.Mem_Set           lib_mem.o
    0x000059a2   0x00000002   Code   RO         1679    i.OSCfg_Init        os_cfg_app.o
    0x000059a4   0x00000014   Code   RO         1601    i.OSIdleTaskHook    os_cpu_c.o
    0x000059b8   0x0000018c   Code   RO         1702    i.OSInit            os_core.o
    0x00005b44   0x00000038   Code   RO         1602    i.OSInitHook        os_cpu_c.o
    0x00005b7c   0x000000e4   Code   RO         1704    i.OSIntExit         os_core.o
    0x00005c60   0x000000a8   Code   RO         1705    i.OSSched           os_core.o
    0x00005d08   0x00000074   Code   RO         1706    i.OSSchedLock       os_core.o
    0x00005d7c   0x00000094   Code   RO         1709    i.OSSchedUnlock     os_core.o
    0x00005e10   0x00000068   Code   RO         1710    i.OSStart           os_core.o
    0x00005e78   0x00000138   Code   RO         2378    i.OSStatReset       os_stat.o
    0x00005fb0   0x00000014   Code   RO         1603    i.OSStatTaskHook    os_cpu_c.o
    0x00005fc4   0x0000025c   Code   RO         2409    i.OSTaskCreate      os_task.o
    0x00006220   0x00000018   Code   RO         1604    i.OSTaskCreateHook  os_cpu_c.o
    0x00006238   0x00000018   Code   RO         1606    i.OSTaskReturnHook  os_cpu_c.o
    0x00006250   0x00000214   Code   RO         2417    i.OSTaskSemPend     os_task.o
    0x00006464   0x0000006c   Code   RO         2419    i.OSTaskSemPost     os_task.o
    0x000064d0   0x000000d4   Code   RO         2421    i.OSTaskStkChk      os_task.o
    0x000065a4   0x000000c0   Code   RO         1607    i.OSTaskStkInit     os_cpu_c.o
    0x00006664   0x00000088   Code   RO         1608    i.OSTaskSwHook      os_cpu_c.o
    0x000066ec   0x00000118   Code   RO         2612    i.OSTimeDly         os_time.o
    0x00006804   0x000001f0   Code   RO         2613    i.OSTimeDlyHMSM     os_time.o
    0x000069f4   0x00000044   Code   RO         2616    i.OSTimeTick        os_time.o
    0x00006a38   0x00000014   Code   RO         1609    i.OSTimeTickHook    os_cpu_c.o
    0x00006a4c   0x00000038   Code   RO         1610    i.OS_CPU_SysTickHandler  os_cpu_c.o
    0x00006a84   0x000001b4   Code   RO         1948    i.OS_Dbg_Init       os_dbg.o
    0x00006c38   0x00000018   Code   RO         1971    i.OS_FlagInit       os_flag.o
    0x00006c50   0x000001ec   Code   RO         1972    i.OS_FlagPost       os_flag.o
    0x00006e3c   0x00000056   Code   RO         1973    i.OS_FlagTaskRdy    os_flag.o
    0x00006e92   0x00000002   PAD
    0x00006e94   0x00000044   Code   RO         1712    i.OS_IdleTask       os_core.o
    0x00006ed8   0x00000070   Code   RO         1713    i.OS_IdleTaskInit   os_core.o
    0x00006f48   0x000000fc   Code   RO         2035    i.OS_IntQPost       os_int.o
    0x00007044   0x000001a4   Code   RO         2036    i.OS_IntQRePost     os_int.o
    0x000071e8   0x000000b4   Code   RO         2037    i.OS_IntQTask       os_int.o
    0x0000729c   0x00000128   Code   RO         2038    i.OS_IntQTaskInit   os_int.o
    0x000073c4   0x00000018   Code   RO         2069    i.OS_MemInit        os_mem.o
    0x000073dc   0x0000007c   Code   RO         2101    i.OS_MsgPoolInit    os_msg.o
    0x00007458   0x0000000e   Code   RO         2104    i.OS_MsgQInit       os_msg.o
    0x00007466   0x00000002   PAD
    0x00007468   0x00000104   Code   RO         2105    i.OS_MsgQPut        os_msg.o
    0x0000756c   0x00000018   Code   RO         2143    i.OS_MutexInit      os_mutex.o
    0x00007584   0x00000068   Code   RO         1714    i.OS_Pend           os_core.o
    0x000075ec   0x00000026   Code   RO         1717    i.OS_PendDataInit   os_core.o
    0x00007612   0x00000002   PAD
    0x00007614   0x0000005c   Code   RO         1718    i.OS_PendDbgNameAdd  os_core.o
    0x00007670   0x00000024   Code   RO         1719    i.OS_PendDbgNameRemove  os_core.o
    0x00007694   0x00000066   Code   RO         1723    i.OS_PendListInsertPrio  os_core.o
    0x000076fa   0x00000030   Code   RO         1724    i.OS_PendListRemove  os_core.o
    0x0000772a   0x00000042   Code   RO         1725    i.OS_PendListRemove1  os_core.o
    0x0000776c   0x000000c0   Code   RO         1728    i.OS_Post           os_core.o
    0x0000782c   0x0000002a   Code   RO         1729    i.OS_Post1          os_core.o
    0x00007856   0x00000002   PAD
    0x00007858   0x00000028   Code   RO         2215    i.OS_PrioGetHighest  os_prio.o
    0x00007880   0x00000018   Code   RO         2216    i.OS_PrioInit       os_prio.o
    0x00007898   0x00000024   Code   RO         2217    i.OS_PrioInsert     os_prio.o
    0x000078bc   0x00000024   Code   RO         2218    i.OS_PrioRemove     os_prio.o
    0x000078e0   0x00000018   Code   RO         2259    i.OS_QInit          os_q.o
    0x000078f8   0x0000014c   Code   RO         2260    i.OS_QPost          os_q.o
    0x00007a44   0x00000024   Code   RO         1730    i.OS_RdyListInit    os_core.o
    0x00007a68   0x0000002c   Code   RO         1731    i.OS_RdyListInsert  os_core.o
    0x00007a94   0x00000040   Code   RO         1732    i.OS_RdyListInsertHead  os_core.o
    0x00007ad4   0x0000003c   Code   RO         1733    i.OS_RdyListInsertTail  os_core.o
    0x00007b10   0x00000044   Code   RO         1734    i.OS_RdyListMoveHeadToTail  os_core.o
    0x00007b54   0x0000005c   Code   RO         1735    i.OS_RdyListRemove  os_core.o
    0x00007bb0   0x0000005c   Code   RO         1736    i.OS_Sched0         os_core.o
    0x00007c0c   0x0000001c   Code   RO         1737    i.OS_SchedLockTimeMeasStart  os_core.o
    0x00007c28   0x0000003c   Code   RO         1738    i.OS_SchedLockTimeMeasStop  os_core.o
    0x00007c64   0x000000d0   Code   RO         1739    i.OS_SchedRoundRobin  os_core.o
    0x00007d34   0x00000018   Code   RO         2320    i.OS_SemInit        os_sem.o
    0x00007d4c   0x00000164   Code   RO         2321    i.OS_SemPost        os_sem.o
    0x00007eb0   0x0000035c   Code   RO         2380    i.OS_StatTask       os_stat.o
    0x0000820c   0x000000cc   Code   RO         2381    i.OS_StatTaskInit   os_stat.o
    0x000082d8   0x00000038   Code   RO         1740    i.OS_TaskBlock      os_core.o
    0x00008310   0x00000030   Code   RO         2424    i.OS_TaskDbgListAdd  os_task.o
    0x00008340   0x00000020   Code   RO         2426    i.OS_TaskInit       os_task.o
    0x00008360   0x000000cc   Code   RO         2427    i.OS_TaskInitTCB    os_task.o
    0x0000842c   0x0000020c   Code   RO         2428    i.OS_TaskQPost      os_task.o
    0x00008638   0x0000001c   Code   RO         1741    i.OS_TaskRdy        os_core.o
    0x00008654   0x00000140   Code   RO         2429    i.OS_TaskResume     os_task.o
    0x00008794   0x00000024   Code   RO         2430    i.OS_TaskReturn     os_task.o
    0x000087b8   0x000004c4   Code   RO         2431    i.OS_TaskSemPost    os_task.o
    0x00008c7c   0x00000150   Code   RO         2432    i.OS_TaskSuspend    os_task.o
    0x00008dcc   0x00000028   Code   RO         2564    i.OS_TickListInit   os_tick.o
    0x00008df4   0x000001bc   Code   RO         2565    i.OS_TickListInsert  os_tick.o
    0x00008fb0   0x00000038   Code   RO         2566    i.OS_TickListRemove  os_tick.o
    0x00008fe8   0x00000024   Code   RO         2567    i.OS_TickListResetPeak  os_tick.o
    0x0000900c   0x000001f8   Code   RO         2568    i.OS_TickListUpdate  os_tick.o
    0x00009204   0x0000002c   Code   RO         2569    i.OS_TickTask       os_tick.o
    0x00009230   0x000000b8   Code   RO         2570    i.OS_TickTaskInit   os_tick.o
    0x000092e8   0x00000128   Code   RO         2656    i.OS_TmrInit        os_tmr.o
    0x00009410   0x000000d0   Code   RO         2657    i.OS_TmrLink        os_tmr.o
    0x000094e0   0x00000024   Code   RO         2658    i.OS_TmrResetPeak   os_tmr.o
    0x00009504   0x000000c0   Code   RO         2659    i.OS_TmrTask        os_tmr.o
    0x000095c4   0x00000050   Code   RO         2660    i.OS_TmrUnlink      os_tmr.o
    0x00009614   0x0000003c   Code   RO           34    i.String2Char       app.o
    0x00009650   0x000000c4   Code   RO           35    i.StringCmp         app.o
    0x00009714   0x00000002   Code   RO          718    i.UART0_Irq         isr.o
    0x00009716   0x00000002   Code   RO          719    i.UART1_Irq         isr.o
    0x00009718   0x00000002   Code   RO          720    i.UART2_Irq         isr.o
    0x0000971a   0x00000002   Code   RO          721    i.UART3_Irq         isr.o
    0x0000971c   0x00000002   Code   RO          722    i.UART4_Irq         isr.o
    0x0000971e   0x00000002   Code   RO          723    i.UART5_Irq         isr.o
    0x00009720   0x00000002   Code   RO          724    i.UART6_Irq         isr.o
    0x00009722   0x00000002   Code   RO          725    i.UART7_Irq         isr.o
    0x00009724   0x00000002   Code   RO          726    i.UART8_Irq         isr.o
    0x00009726   0x00000002   Code   RO          727    i.UART9_Irq         isr.o
    0x00009728   0x00000024   Code   RO          516    i.VCP_cep_rx_cb     vcp_app.o
    0x0000974c   0x00000006   Code   RO          517    i.VCP_cep_tx_cb     vcp_app.o
    0x00009752   0x00000002   PAD
    0x00009754   0x0000000c   Code   RO          518    i.VCP_configuration_state  vcp_app.o
    0x00009760   0x00000002   Code   RO          519    i.VCP_default_rx_complete_handler  vcp_app.o
    0x00009762   0x00000002   PAD
    0x00009764   0x00000044   Code   RO          520    i.VCP_init          vcp_app.o
    0x000097a8   0x0000001c   Code   RO          521    i.VCP_init_cb       vcp_app.o
    0x000097c4   0x00000008   Code   RO          522    i.VCP_notification_cb  vcp_app.o
    0x000097cc   0x00000088   Code   RO          523    i.VCP_process_request_cb  vcp_app.o
    0x00009854   0x0000000c   Code   RO          524    i.VCP_release_cb    vcp_app.o
    0x00009860   0x00000024   Code   RO          525    i.VCP_rx_cb         vcp_app.o
    0x00009884   0x0000003c   Code   RO          526    i.VCP_rx_prepare    vcp_app.o
    0x000098c0   0x00000030   Code   RO          527    i.VCP_tx            vcp_app.o
    0x000098f0   0x00000014   Code   RO          528    i.VCP_tx_cb         vcp_app.o
    0x00009904   0x0000000c   Code   RO          529    i.VCP_tx_done       vcp_app.o
    0x00009910   0x0000000e   Code   RO         3191    i.__scatterload_copy  mc_w.l(handlers.o)
    0x0000991e   0x00000002   Code   RO         3192    i.__scatterload_null  mc_w.l(handlers.o)
    0x00009920   0x0000000e   Code   RO         3193    i.__scatterload_zeroinit  mc_w.l(handlers.o)
    0x0000992e   0x000000d6   Code   RO           37    i.atox              app.o
    0x00009a04   0x00000068   Code   RO           38    i.main              app.o
    0x00009a6c   0x0000003c   Code   RO           39    i.receive_data_handler  app.o
    0x00009aa8   0x00000010   Code   RO          654    i.vcp_device_descriptor  usb_user_descriptors.o
    0x00009ab8   0x0000001c   Code   RO          655    i.vcp_device_qual_descriptor  usb_user_descriptors.o
    0x00009ad4   0x0000003c   Code   RO          656    i.vcp_get_string    usb_user_descriptors.o
    0x00009b10   0x000000b4   Code   RO          657    i.vcp_string_descriptor  usb_user_descriptors.o
    0x00009bc4   0x00000010   Data   RO           41    .constdata          app.o
    0x00009bd4   0x000000a4   Data   RO         1681    .constdata          os_cfg_app.o
    0x00009c78   0x0000016c   Data   RO         1949    .constdata          os_dbg.o
    0x00009de4   0x00000020   Data   RO         3189    Region$$Table       anon$$obj.o


    Execution Region ER_RW (Base: 0x20000000, Size: 0x0000f598, Max: 0x00010000, ABSOLUTE, COMPRESSED[0x00000130])

    Base Addr    Size         Type   Attr      Idx    E Section Name        Object

    0x20000000   0x0000008c   Data   RW           42    .data               app.o
    0x2000008c   0x00000040   Data   RW          531    .data               vcp_app.o
    0x200000cc   0x00000038   Data   RW          659    .data               usb_user_descriptors.o
    0x20000104   0x00000004   Data   RW         1160    .data               lib_mem.o
    0x20000108   0x00000004   Data   RW         1436    .data               cpu_core.o
    0x2000010c   0x00000004   Data   RW         1612    .data               os_cpu_c.o
    0x20000110   0x00000008   Data   RW         2219    .data               os_prio.o
    0x20000118   0x000000c8   Data   RW         2733    .data               os_var.o
    0x200001e0   0x00000004   Data   RW         2817    .data               M2sExt_sb_MSS_CM3_hw_platform.lib(core_irq_ctrl.o)
    0x200001e4   0x00000040   Data   RW         2858    .data               M2sExt_sb_MSS_CM3_hw_platform.lib(mss_usb_device.o)
    0x20000224   0x00000074   Data   RW         2915    .data               M2sExt_sb_MSS_CM3_hw_platform.lib(mss_usb_device_cdc.o)
    0x20000298   0x00000001   Data   RW         3033    .data               M2sExt_sb_MSS_CM3_hw_platform.lib(mss_usb_device_cif.o)
    0x20000299   0x00000003   PAD
    0x2000029c   0x00000004   Data   RW         3092    .data               mc_w.l(strtok.o)
    0x200002a0   0x0000001c   Data   RW         3153    .data               M2sExt_sb_MSS_CM3_hw_platform.lib(system_m2sxxx.o)
    0x200002bc   0x0000a1b8   Zero   RW           40    .bss                app.o
    0x2000a474   0x00000040   Zero   RW          658    .bss                usb_user_descriptors.o
    0x2000a4b4   0x00002448   Zero   RW         1159    .bss                lib_mem.o
    0x2000c8fc   0x00000010   Zero   RW         1434    .bss                cpu_core.o
    0x2000c90c   0x00001360   Zero   RW         1680    .bss                os_cfg_app.o
    0x2000dc6c   0x000006e0   Zero   RW         2732    .bss                os_var.o
    0x2000e34c   0x00000080   Zero   RW         2816    .bss                M2sExt_sb_MSS_CM3_hw_platform.lib(core_irq_ctrl.o)
    0x2000e3cc   0x000001c8   Zero   RW         2857    .bss                M2sExt_sb_MSS_CM3_hw_platform.lib(mss_usb_device.o)
    0x2000e594   0x00000004   PAD
    0x2000e598   0x00000000   Zero   RW         3114    HEAP                M2sExt_sb_MSS_CM3_hw_platform.lib(startup_m2sxxx.o)
    0x2000e598   0x00001000   Zero   RW         3113    STACK               M2sExt_sb_MSS_CM3_hw_platform.lib(startup_m2sxxx.o)


==============================================================================

Image component sizes


      Code (inc. data)   RO Data    RW Data    ZI Data      Debug   Object Name

      5888        902         16        140      41400     100743   app.o
       206         18          0          0          0      25609   bsp.o
       332         14          0          0          0       2567   busapis.o
        52          0          0          0          0        340   cpu_a.o
        88         12          0          4         16      11362   cpu_core.o
       194         60          0          0          0      11249   isr.o
       188         18          0          4       9288      13499   lib_mem.o
       256         72          0          0          0       3696   os_app_hooks.o
         2          0        164          0       4960      20746   os_cfg_app.o
      2896        402          0          0          0      19008   os_core.o
       132         32          0          0          0        388   os_cpu_a.o
       548         58          0          4          0       6768   os_cpu_c.o
       436        286        364          0          0       4773   os_dbg.o
       602         28          0          0          0       2953   os_flag.o
      1148        204          0          0          0       3398   os_int.o
        24         10          0          0          0        841   os_mem.o
       398         20          0          0          0       2548   os_msg.o
        24         10          0          0          0        843   os_mutex.o
       136         16          0          8          0       2754   os_prio.o
       356         18          0          0          0       2114   os_q.o
       380         16          0          0          0       2138   os_sem.o
      1376        180          0          0          0       3102   os_stat.o
      4176        194          0          0          0      11078   os_task.o
      1308        124          0          0          0       5325   os_tick.o
       844         44          0          0          0       2969   os_time.o
       812        134          0          0          0       4064   os_tmr.o
         0          0          0        200       1760      19317   os_var.o
       284         96          0         56         64       3948   usb_user_descriptors.o
       484        104          0         64          0      18167   vcp_app.o

    ----------------------------------------------------------------------
     23594       3072        576        480      57488     306307   Object Totals
         0          0         32          0          0          0   (incl. Generated)
        24          0          0          0          0          0   (incl. Padding)

    ----------------------------------------------------------------------

      Code (inc. data)   RO Data    RW Data    ZI Data      Debug   Library Member Name

      1090          0          0          0          0       7075   core_gpio.o
      2664         30          0          0          0      13781   core_i2c.o
       216         10          0          4        128       2737   core_irq_ctrl.o
        12          0          0          0          0       1689   cortex_nvic.o
        14          0          0          0          0        400   hal.o
       144          0          0          0          0        924   hw_reg_access.o
       336         20          0          0          0      62540   i2c_interrupt.o
        56         18          0          0          0        553   low_level_init.o
      2732        106          0          0          0      24204   mss_usb_common_cif.o
      5296        180          0         64        456      94042   mss_usb_device.o
       656         32          0        116          0      20417   mss_usb_device_cdc.o
      1516         34          0          1          0      44370   mss_usb_device_cif.o
       304         52        392          0       4096        992   startup_m2sxxx.o
       408         62          0         28          0       3613   system_m2sxxx.o
        86          0          0          0          0          0   __dczerorl2.o
         0          0          0          0          0          0   entry.o
         0          0          0          0          0          0   entry10a.o
         0          0          0          0          0          0   entry11a.o
         8          4          0          0          0          0   entry2.o
         4          0          0          0          0          0   entry5.o
         0          0          0          0          0          0   entry7b.o
         0          0          0          0          0          0   entry8b.o
         8          4          0          0          0          0   entry9a.o
        30          0          0          0          0          0   handlers.o
        36          8          0          0          0         68   init.o
        36          0          0          0          0         68   memcpya.o
        36          0          0          0          0        108   memseta.o
        24          0          0          0          0         68   strcat.o
        20          0          0          0          0         68   strchr.o
        28          0          0          0          0         76   strcmp.o
        14          0          0          0          0         68   strlen.o
        40          0          0          0          0         76   strncat.o
        68          6          0          4          0         80   strtok.o

    ----------------------------------------------------------------------
     15890        566        392        220       4684     278017   Library Totals
         8          0          0          3          4          0   (incl. Padding)

    ----------------------------------------------------------------------

      Code (inc. data)   RO Data    RW Data    ZI Data      Debug   Library Name

     15444        544        392        213       4680     277337   M2sExt_sb_MSS_CM3_hw_platform.lib
       438         22          0          4          0        680   mc_w.l

    ----------------------------------------------------------------------
     15890        566        392        220       4684     278017   Library Totals

    ----------------------------------------------------------------------

==============================================================================


      Code (inc. data)   RO Data    RW Data    ZI Data      Debug   

     39484       3638        968        700      62172     574104   Grand Totals
     39484       3638        968        304      62172     574104   ELF Image Totals (compressed)
     39484       3638        968        304          0          0   ROM Totals

==============================================================================

    Total RO  Size (Code + RO Data)                40452 (  39.50kB)
    Total RW  Size (RW Data + ZI Data)             62872 (  61.40kB)
    Total ROM Size (Code + RO Data + RW Data)      40756 (  39.80kB)

==============================================================================

