Component: ARM Compiler 5.06 update 1 (build 61) Tool: armlink [4d35a8]

==============================================================================

Section Cross References

    app.o(i.AppTaskCreate) refers to os_task.o(i.OSTaskCreate) for OSTaskCreate
    app.o(i.AppTaskCreate) refers to app.o(.bss) for AppTaskGPIOStk
    app.o(i.AppTaskCreate) refers to app.o(i.AppTaskGPIO) for AppTaskGPIO
    app.o(i.AppTaskCreate) refers to app.o(i.AppTaskUSB) for AppTaskUSB
    app.o(i.AppTaskCreate) refers to app.o(i.AppTaskI2C0) for AppTaskI2C0
    app.o(i.AppTaskCreate) refers to app.o(i.AppTaskI2C1) for AppTaskI2C1
    app.o(i.AppTaskCreate) refers to app.o(i.AppTaskI2C2) for AppTaskI2C2
    app.o(i.AppTaskCreate) refers to app.o(i.AppTaskI2C3) for AppTaskI2C3
    app.o(i.AppTaskCreate) refers to app.o(i.AppTaskI2C4) for AppTaskI2C4
    app.o(i.AppTaskCreate) refers to app.o(i.AppTaskI2C5) for AppTaskI2C5
    app.o(i.AppTaskCreate) refers to app.o(i.AppTaskI2C6) for AppTaskI2C6
    app.o(i.AppTaskGPIO) refers to os_task.o(i.OSTaskSemPend) for OSTaskSemPend
    app.o(i.AppTaskGPIO) refers to strcat.o(.text) for strcat
    app.o(i.AppTaskGPIO) refers to app.o(i.String2Char) for String2Char
    app.o(i.AppTaskGPIO) refers to core_gpio.o(.text) for GPIO_set_outputs
    app.o(i.AppTaskGPIO) refers to app.o(i.Char2String) for Char2String
    app.o(i.AppTaskGPIO) refers to strncat.o(.text) for strncat
    app.o(i.AppTaskGPIO) refers to memseta.o(.text) for __aeabi_memclr4
    app.o(i.AppTaskGPIO) refers to app.o(.bss) for gTx_Buffer
    app.o(i.AppTaskGPIO) refers to app.o(.data) for g_gpio
    app.o(i.AppTaskI2C0) refers to app.o(i.I2cLoop) for I2cLoop
    app.o(i.AppTaskI2C1) refers to app.o(i.I2cLoop) for I2cLoop
    app.o(i.AppTaskI2C2) refers to app.o(i.I2cLoop) for I2cLoop
    app.o(i.AppTaskI2C3) refers to app.o(i.I2cLoop) for I2cLoop
    app.o(i.AppTaskI2C4) refers to app.o(i.I2cLoop) for I2cLoop
    app.o(i.AppTaskI2C5) refers to app.o(i.I2cLoop) for I2cLoop
    app.o(i.AppTaskI2C6) refers to app.o(i.I2cLoop) for I2cLoop
    app.o(i.AppTaskI2C7) refers to app.o(i.I2cLoop) for I2cLoop
    app.o(i.AppTaskI2C8) refers to app.o(i.I2cLoop) for I2cLoop
    app.o(i.AppTaskI2C9) refers to app.o(i.I2cLoop) for I2cLoop
    app.o(i.AppTaskSPI0) refers to app.o(i.SpiLoop) for SpiLoop
    app.o(i.AppTaskSPI1) refers to app.o(i.SpiLoop) for SpiLoop
    app.o(i.AppTaskSPI2) refers to app.o(i.SpiLoop) for SpiLoop
    app.o(i.AppTaskSPI3) refers to app.o(i.SpiLoop) for SpiLoop
    app.o(i.AppTaskSPI4) refers to app.o(i.SpiLoop) for SpiLoop
    app.o(i.AppTaskSPI5) refers to app.o(i.SpiLoop) for SpiLoop
    app.o(i.AppTaskSPI6) refers to app.o(i.SpiLoop) for SpiLoop
    app.o(i.AppTaskSPI7) refers to app.o(i.SpiLoop) for SpiLoop
    app.o(i.AppTaskStart) refers to bsp.o(i.BSP_Init) for BSP_Init
    app.o(i.AppTaskStart) refers to cpu_core.o(i.CPU_Init) for CPU_Init
    app.o(i.AppTaskStart) refers to lib_mem.o(i.Mem_Init) for Mem_Init
    app.o(i.AppTaskStart) refers to bsp.o(i.BSP_CPU_TickInit) for BSP_CPU_TickInit
    app.o(i.AppTaskStart) refers to core_irq_ctrl.o(.text) for CIC_init
    app.o(i.AppTaskStart) refers to core_gpio.o(.text) for GPIO_init
    app.o(i.AppTaskStart) refers to app.o(i.AppObjCreate) for AppObjCreate
    app.o(i.AppTaskStart) refers to app.o(i.AppTaskCreate) for AppTaskCreate
    app.o(i.AppTaskStart) refers to os_time.o(i.OSTimeDlyHMSM) for OSTimeDlyHMSM
    app.o(i.AppTaskStart) refers to isr.o(i.UART0_Irq) for UART0_Irq
    app.o(i.AppTaskStart) refers to isr.o(i.UART1_Irq) for UART1_Irq
    app.o(i.AppTaskStart) refers to isr.o(i.UART2_Irq) for UART2_Irq
    app.o(i.AppTaskStart) refers to isr.o(i.UART3_Irq) for UART3_Irq
    app.o(i.AppTaskStart) refers to isr.o(i.UART4_Irq) for UART4_Irq
    app.o(i.AppTaskStart) refers to isr.o(i.UART5_Irq) for UART5_Irq
    app.o(i.AppTaskStart) refers to isr.o(i.UART6_Irq) for UART6_Irq
    app.o(i.AppTaskStart) refers to isr.o(i.UART7_Irq) for UART7_Irq
    app.o(i.AppTaskStart) refers to isr.o(i.UART8_Irq) for UART8_Irq
    app.o(i.AppTaskStart) refers to isr.o(i.UART9_Irq) for UART9_Irq
    app.o(i.AppTaskStart) refers to app.o(.data) for g_gpio
    app.o(i.AppTaskUART0) refers to app.o(i.UartLoop) for UartLoop
    app.o(i.AppTaskUART1) refers to app.o(i.UartLoop) for UartLoop
    app.o(i.AppTaskUART2) refers to app.o(i.UartLoop) for UartLoop
    app.o(i.AppTaskUART3) refers to app.o(i.UartLoop) for UartLoop
    app.o(i.AppTaskUART4) refers to app.o(i.UartLoop) for UartLoop
    app.o(i.AppTaskUART5) refers to app.o(i.UartLoop) for UartLoop
    app.o(i.AppTaskUART6) refers to app.o(i.UartLoop) for UartLoop
    app.o(i.AppTaskUART7) refers to app.o(i.UartLoop) for UartLoop
    app.o(i.AppTaskUART8) refers to app.o(i.UartLoop) for UartLoop
    app.o(i.AppTaskUART9) refers to app.o(i.UartLoop) for UartLoop
    app.o(i.AppTaskUSB) refers to memseta.o(.text) for __aeabi_memclr4
[...]
    CPU_WaitForInt                           0x000001b3   Thumb Code     0  cpu_a.o(.text)
    CPU_WaitForExcept                        0x000001b7   Thumb Code     0  cpu_a.o(.text)
    CPU_CntLeadZeros                         0x000001bb   Thumb Code     0  cpu_a.o(.text)
    CPU_CntTrailZeros                        0x000001c1   Thumb Code     0  cpu_a.o(.text)
    CPU_RevBits                              0x000001cb   Thumb Code     0  cpu_a.o(.text)
    GPIO_init                                0x000001d1   Thumb Code   166  core_gpio.o(.text)
    GPIO_config                              0x00000277   Thumb Code    34  core_gpio.o(.text)
    GPIO_set_outputs                         0x00000299   Thumb Code   118  core_gpio.o(.text)
    GPIO_get_inputs                          0x0000030f   Thumb Code   124  core_gpio.o(.text)
    GPIO_get_outputs                         0x0000038b   Thumb Code   124  core_gpio.o(.text)
    GPIO_set_output                          0x00000407   Thumb Code   182  core_gpio.o(.text)
    GPIO_drive_inout                         0x000004bd   Thumb Code   138  core_gpio.o(.text)
    GPIO_enable_irq                          0x00000547   Thumb Code    42  core_gpio.o(.text)
    GPIO_disable_irq                         0x00000571   Thumb Code    42  core_gpio.o(.text)
    GPIO_clear_irq                           0x0000059b   Thumb Code   120  core_gpio.o(.text)
    I2C_init                                 0x00000613   Thumb Code   136  core_i2c.o(.text)
    I2C_channel_init                         0x0000069b   Thumb Code   126  core_i2c.o(.text)
    I2C_write                                0x00000719   Thumb Code   138  core_i2c.o(.text)
    I2C_read                                 0x000007a3   Thumb Code   140  core_i2c.o(.text)
    I2C_write_read                           0x0000082f   Thumb Code   170  core_i2c.o(.text)
    I2C_get_status                           0x000008d9   Thumb Code     8  core_i2c.o(.text)
    I2C_wait_complete                        0x000008e1   Thumb Code    38  core_i2c.o(.text)
    I2C_system_tick                          0x00000907   Thumb Code    58  core_i2c.o(.text)
    I2C_set_slave_tx_buffer                  0x00000941   Thumb Code    34  core_i2c.o(.text)
    I2C_set_slave_rx_buffer                  0x00000963   Thumb Code    34  core_i2c.o(.text)
    I2C_set_slave_mem_offset_length          0x00000985   Thumb Code    14  core_i2c.o(.text)
    I2C_register_write_handler               0x00000993   Thumb Code    22  core_i2c.o(.text)
    I2C_enable_slave                         0x000009a9   Thumb Code    42  core_i2c.o(.text)
    I2C_disable_slave                        0x000009d3   Thumb Code    36  core_i2c.o(.text)
    I2C_set_slave_second_addr                0x00000a0f   Thumb Code    26  core_i2c.o(.text)
    I2C_disable_slave_second_addr            0x00000a29   Thumb Code    18  core_i2c.o(.text)
    I2C_set_gca                              0x00000a3b   Thumb Code    22  core_i2c.o(.text)
    I2C_clear_gca                            0x00000a51   Thumb Code    22  core_i2c.o(.text)
    I2C_isr                                  0x00000a67   Thumb Code  1170  core_i2c.o(.text)
    I2C_smbus_init                           0x00000ef9   Thumb Code    18  core_i2c.o(.text)
    I2C_enable_smbus_irq                     0x00000f0b   Thumb Code    64  core_i2c.o(.text)
    I2C_disable_smbus_irq                    0x00000f4b   Thumb Code    64  core_i2c.o(.text)
    I2C_suspend_smbus_slave                  0x00000f8b   Thumb Code    34  core_i2c.o(.text)
    I2C_resume_smbus_slave                   0x00000fad   Thumb Code    34  core_i2c.o(.text)
    I2C_reset_smbus                          0x00000fcf   Thumb Code    34  core_i2c.o(.text)
    I2C_set_smbus_alert                      0x00000ff1   Thumb Code    34  core_i2c.o(.text)
    I2C_clear_smbus_alert                    0x00001013   Thumb Code    34  core_i2c.o(.text)
    I2C_get_irq_status                       0x00001035   Thumb Code    60  core_i2c.o(.text)
    I2C_set_user_data                        0x00001071   Thumb Code     4  core_i2c.o(.text)
    I2C_get_user_data                        0x00001075   Thumb Code     6  core_i2c.o(.text)
    CIC_init                                 0x0000107d   Thumb Code    56  core_irq_ctrl.o(.text)
    CIC_set_irq_handler                      0x000010b5   Thumb Code     8  core_irq_ctrl.o(.text)
    CIC_get_irq_status                       0x000010bd   Thumb Code    20  core_irq_ctrl.o(.text)
    CIC_enable_irq                           0x000010d1   Thumb Code    36  core_irq_ctrl.o(.text)
    CIC_disable_irq                          0x000010f5   Thumb Code    24  core_irq_ctrl.o(.text)
    CIC_irq_handler                          0x0000110d   Thumb Code    62  core_irq_ctrl.o(.text)
    UART_init                                0x00001155   Thumb Code   146  core_uart_apb.o(.text)
    UART_send                                0x000011e7   Thumb Code    60  core_uart_apb.o(.text)
    UART_fill_tx_fifo                        0x00001223   Thumb Code    80  core_uart_apb.o(.text)
    UART_get_rx                              0x00001273   Thumb Code    98  core_uart_apb.o(.text)
    UART_polled_tx_string                    0x000012d5   Thumb Code    56  core_uart_apb.o(.text)
    UART_get_rx_status                       0x0000130d   Thumb Code    18  core_uart_apb.o(.text)
    MSS_USBD_init                            0x000013cd   Thumb Code    66  mss_usb_device.o(.text)
    MSS_USBD_set_descr_cb_handler            0x0000140f   Thumb Code     6  mss_usb_device.o(.text)
    MSS_USBD_set_class_cb_handler            0x00001415   Thumb Code     6  mss_usb_device.o(.text)
    MSS_USBD_tx_ep_stall                     0x0000141b   Thumb Code    30  mss_usb_device.o(.text)
    MSS_USBD_tx_ep_clr_stall                 0x00001439   Thumb Code    12  mss_usb_device.o(.text)
    MSS_USBD_tx_ep_flush_fifo                0x00001445   Thumb Code    30  mss_usb_device.o(.text)
    MSS_USBD_rx_ep_stall                     0x00001463   Thumb Code    30  mss_usb_device.o(.text)
    MSS_USBD_rx_ep_clr_stall                 0x00001481   Thumb Code    12  mss_usb_device.o(.text)
    MSS_USBD_rx_ep_flush_fifo                0x0000148d   Thumb Code    30  mss_usb_device.o(.text)
    MSS_USBD_cep_flush_fifo                  0x000014ab   Thumb Code    22  mss_usb_device.o(.text)
    MSS_USBD_cep_configure                   0x000014c1   Thumb Code    34  mss_usb_device.o(.text)
    MSS_USBD_cep_read_prepare                0x000014e3   Thumb Code    42  mss_usb_device.o(.text)
    MSS_USBD_cep_write                       0x0000150d   Thumb Code    42  mss_usb_device.o(.text)
    MSS_USBD_tx_ep_configure                 0x00001537   Thumb Code   242  mss_usb_device.o(.text)
    MSS_USBD_rx_ep_configure                 0x00001629   Thumb Code   272  mss_usb_device.o(.text)
    MSS_USBD_rx_ep_read_prepare              0x00001739   Thumb Code    74  mss_usb_device.o(.text)
    MSS_USBD_tx_ep_write                     0x00001783   Thumb Code   158  mss_usb_device.o(.text)
    MSS_USBD_get_hwcore_info                 0x00001821   Thumb Code    12  mss_usb_device.o(.text)
    MSS_USBD_get_dev_address                 0x0000182d   Thumb Code     8  mss_usb_device.o(.text)
    MSS_USBD_set_isoupdate                   0x00001835   Thumb Code    18  mss_usb_device.o(.text)
    MSS_USBD_clr_isoupdate                   0x00001847   Thumb Code    18  mss_usb_device.o(.text)
    MSS_USBD_tx_ep_is_fifo_notempty          0x00001859   Thumb Code    12  mss_usb_device.o(.text)
    MSS_USBD_rx_ep_is_fifo_full              0x00001865   Thumb Code    18  mss_usb_device.o(.text)
    MSS_USBD_tx_ep_disable_irq               0x00001877   Thumb Code    20  mss_usb_device.o(.text)
    MSS_USBD_rx_ep_disable_irq               0x0000188b   Thumb Code    20  mss_usb_device.o(.text)
    MSS_USBD_tx_ep_enable_irq                0x0000189f   Thumb Code    22  mss_usb_device.o(.text)
    MSS_USBD_rx_ep_enable_irq                0x000018b5   Thumb Code    22  mss_usb_device.o(.text)
    MSS_USBD_cep_enable_irq                  0x000018cb   Thumb Code    18  mss_usb_device.o(.text)
    MSS_USBD_cep_disable_irq                 0x000018dd   Thumb Code    20  mss_usb_device.o(.text)
    MSS_USBD_CDC_init                        0x000027d1   Thumb Code    22  mss_usb_device_cdc.o(.text)
    MSS_USBD_CDC_tx                          0x000027e7   Thumb Code    18  mss_usb_device_cdc.o(.text)
    MSS_USBD_CDC_rx_prepare                  0x000027f9   Thumb Code    18  mss_usb_device_cdc.o(.text)
    MSS_USBD_CDC_get_state                   0x0000280b   Thumb Code     6  mss_usb_device_cdc.o(.text)
    NVIC_init                                0x00002a61   Thumb Code     2  cortex_nvic.o(.text)
    NVIC_set_handler                         0x00002a63   Thumb Code     2  cortex_nvic.o(.text)
    NVIC_set_priority                        0x00002a65   Thumb Code     2  cortex_nvic.o(.text)
    NVIC_enable_interrupt                    0x00002a67   Thumb Code     2  cortex_nvic.o(.text)
    NVIC_disable_interrupt                   0x00002a69   Thumb Code     2  cortex_nvic.o(.text)
    NVIC_clear_interrupt                     0x00002a6b   Thumb Code     2  cortex_nvic.o(.text)
    I2C_enable_irq                           0x00002a6d   Thumb Code   138  i2c_interrupt.o(.text)
    I2C_disable_irq                          0x00002af7   Thumb Code   138  i2c_interrupt.o(.text)
    USB_IRQHandler                           0x00002e2f   Thumb Code   230  mss_usb_common_cif.o(.text)
    USB_DMA_IRQHandler                       0x00002f15   Thumb Code   234  mss_usb_common_cif.o(.text)
    MSS_USB_CIF_rx_ep_read_prepare           0x00002fff   Thumb Code   128  mss_usb_common_cif.o(.text)
    MSS_USB_CIF_ep_write_pkt                 0x0000307f   Thumb Code   120  mss_usb_common_cif.o(.text)
    MSS_USB_CIF_configure_ep_dma             0x000030f7   Thumb Code   158  mss_usb_common_cif.o(.text)
    MSS_USB_CIF_tx_ep_configure              0x00003195   Thumb Code   306  mss_usb_common_cif.o(.text)
    MSS_USB_CIF_rx_ep_configure              0x000032c7   Thumb Code   318  mss_usb_common_cif.o(.text)
    MSS_USB_CIF_start_testpacket             0x00003405   Thumb Code    70  mss_usb_common_cif.o(.text)
    MSS_USBD_CIF_init                        0x00003669   Thumb Code   126  mss_usb_device_cif.o(.text)
    MSS_USBD_CIF_get_hwcore_info             0x000036e7   Thumb Code   126  mss_usb_device_cif.o(.text)
    MSS_USBD_CIF_tx_ep_configure             0x00003765   Thumb Code   224  mss_usb_device_cif.o(.text)
    MSS_USBD_CIF_rx_ep_configure             0x00003845   Thumb Code   234  mss_usb_device_cif.o(.text)
    MSS_USBD_CIF_cep_configure               0x0000392f   Thumb Code    38  mss_usb_device_cif.o(.text)
    MSS_USBD_CIF_cep_rx_prepare              0x00003955   Thumb Code    34  mss_usb_device_cif.o(.text)
    MSS_USBD_CIF_rx_ep_read_prepare          0x00003977   Thumb Code   238  mss_usb_device_cif.o(.text)
    MSS_USBD_CIF_cep_write_pkt               0x00003a65   Thumb Code    98  mss_usb_device_cif.o(.text)
    MSS_USBD_CIF_cep_read_pkt                0x00003ac7   Thumb Code    62  mss_usb_device_cif.o(.text)
    HAL_disable_interrupts                   0x00003c55   Thumb Code     8  hal.o(.text)
    HAL_restore_interrupts                   0x00003c5d   Thumb Code     6  hal.o(.text)
    HW_set_32bit_reg                         0x00003c65   Thumb Code     4  hw_reg_access.o(.text)
    HW_get_32bit_reg                         0x00003c69   Thumb Code     4  hw_reg_access.o(.text)
    HW_set_32bit_reg_field                   0x00003c6d   Thumb Code    28  hw_reg_access.o(.text)
    HW_get_32bit_reg_field                   0x00003c89   Thumb Code    12  hw_reg_access.o(.text)
    HW_set_16bit_reg                         0x00003c95   Thumb Code     4  hw_reg_access.o(.text)
    HW_get_16bit_reg                         0x00003c99   Thumb Code     4  hw_reg_access.o(.text)
    HW_set_16bit_reg_field                   0x00003c9d   Thumb Code    28  hw_reg_access.o(.text)
    HW_get_16bit_reg_field                   0x00003cb9   Thumb Code    12  hw_reg_access.o(.text)
    HW_set_8bit_reg                          0x00003cc5   Thumb Code     4  hw_reg_access.o(.text)
    HW_get_8bit_reg                          0x00003cc9   Thumb Code     4  hw_reg_access.o(.text)
    HW_set_8bit_reg_field                    0x00003ccd   Thumb Code    28  hw_reg_access.o(.text)
    HW_get_8bit_reg_field                    0x00003ce9   Thumb Code    12  hw_reg_access.o(.text)
    __aeabi_memcpy                           0x00003cf5   Thumb Code    36  memcpya.o(.text)
    __aeabi_memcpy4                          0x00003cf5   Thumb Code     0  memcpya.o(.text)
    __aeabi_memcpy8                          0x00003cf5   Thumb Code     0  memcpya.o(.text)
    __aeabi_memset                           0x00003d19   Thumb Code    14  memseta.o(.text)
    __aeabi_memset4                          0x00003d19   Thumb Code     0  memseta.o(.text)
    __aeabi_memset8                          0x00003d19   Thumb Code     0  memseta.o(.text)
    __aeabi_memclr                           0x00003d27   Thumb Code     4  memseta.o(.text)
    __aeabi_memclr4                          0x00003d27   Thumb Code     0  memseta.o(.text)
    __aeabi_memclr8                          0x00003d27   Thumb Code     0  memseta.o(.text)
    _memset$wrapper                          0x00003d2b   Thumb Code    18  memseta.o(.text)
    strcat                                   0x00003d3d   Thumb Code    24  strcat.o(.text)
    strchr                                   0x00003d55   Thumb Code    20  strchr.o(.text)
    strlen                                   0x00003d69   Thumb Code    14  strlen.o(.text)
    strcmp                                   0x00003d77   Thumb Code    28  strcmp.o(.text)
    strncat                                  0x00003d93   Thumb Code    40  strncat.o(.text)
    strtok                                   0x00003dbd   Thumb Code    62  strtok.o(.text)
    Reset_Handler                            0x00003e01   Thumb Code   112  startup_m2sxxx.o(.text)
    NMI_Handler                              0x00003eff   Thumb Code     2  startup_m2sxxx.o(.text)
    HardFault_Handler                        0x00003f01   Thumb Code     2  startup_m2sxxx.o(.text)
    MemManage_Handler                        0x00003f03   Thumb Code     2  startup_m2sxxx.o(.text)
    BusFault_Handler                         0x00003f05   Thumb Code     2  startup_m2sxxx.o(.text)
    UsageFault_Handler                       0x00003f07   Thumb Code     2  startup_m2sxxx.o(.text)
    SVC_Handler                              0x00003f09   Thumb Code     2  startup_m2sxxx.o(.text)
    DebugMon_Handler                         0x00003f0b   Thumb Code     2  startup_m2sxxx.o(.text)
    CAN_IRQHandler                           0x00003f11   Thumb Code     0  startup_m2sxxx.o(.text)
    CacheError_IRQHandler                    0x00003f11   Thumb Code     0  startup_m2sxxx.o(.text)
    ComBlk_IRQHandler                        0x00003f11   Thumb Code     0  startup_m2sxxx.o(.text)
    CommSwitchError_IRQHandler               0x00003f11   Thumb Code     0  startup_m2sxxx.o(.text)
    DDR_IRQHandler                           0x00003f11   Thumb Code     0  startup_m2sxxx.o(.text)
    DMA_IRQHandler                           0x00003f11   Thumb Code     0  startup_m2sxxx.o(.text)
    ECC_Error_IRQHandler                     0x00003f11   Thumb Code     0  startup_m2sxxx.o(.text)
    ENVM0_IRQHandler                         0x00003f11   Thumb Code     0  startup_m2sxxx.o(.text)
    ENVM1_IRQHandler                         0x00003f11   Thumb Code     0  startup_m2sxxx.o(.text)
    EthernetMAC_IRQHandler                   0x00003f11   Thumb Code     0  startup_m2sxxx.o(.text)
    FAB_PLL_LockLost_IRQHandler              0x00003f11   Thumb Code     0  startup_m2sxxx.o(.text)
    FAB_PLL_Lock_IRQHandler                  0x00003f11   Thumb Code     0  startup_m2sxxx.o(.text)
    FIC64_IRQHandler                         0x00003f11   Thumb Code     0  startup_m2sxxx.o(.text)
    GPIO0_IRQHandler                         0x00003f11   Thumb Code     0  startup_m2sxxx.o(.text)
    GPIO10_IRQHandler                        0x00003f11   Thumb Code     0  startup_m2sxxx.o(.text)
    GPIO11_IRQHandler                        0x00003f11   Thumb Code     0  startup_m2sxxx.o(.text)
    GPIO12_IRQHandler                        0x00003f11   Thumb Code     0  startup_m2sxxx.o(.text)
    GPIO13_IRQHandler                        0x00003f11   Thumb Code     0  startup_m2sxxx.o(.text)
    GPIO14_IRQHandler                        0x00003f11   Thumb Code     0  startup_m2sxxx.o(.text)
    GPIO15_IRQHandler                        0x00003f11   Thumb Code     0  startup_m2sxxx.o(.text)
    GPIO16_IRQHandler                        0x00003f11   Thumb Code     0  startup_m2sxxx.o(.text)
    GPIO17_IRQHandler                        0x00003f11   Thumb Code     0  startup_m2sxxx.o(.text)
    GPIO18_IRQHandler                        0x00003f11   Thumb Code     0  startup_m2sxxx.o(.text)
    GPIO19_IRQHandler                        0x00003f11   Thumb Code     0  startup_m2sxxx.o(.text)
    GPIO1_IRQHandler                         0x00003f11   Thumb Code     0  startup_m2sxxx.o(.text)
    GPIO20_IRQHandler                        0x00003f11   Thumb Code     0  startup_m2sxxx.o(.text)
    GPIO21_IRQHandler                        0x00003f11   Thumb Code     0  startup_m2sxxx.o(.text)
    GPIO22_IRQHandler                        0x00003f11   Thumb Code     0  startup_m2sxxx.o(.text)
    GPIO23_IRQHandler                        0x00003f11   Thumb Code     0  startup_m2sxxx.o(.text)
    GPIO24_IRQHandler                        0x00003f11   Thumb Code     0  startup_m2sxxx.o(.text)
    GPIO25_IRQHandler                        0x00003f11   Thumb Code     0  startup_m2sxxx.o(.text)
    GPIO26_IRQHandler                        0x00003f11   Thumb Code     0  startup_m2sxxx.o(.text)
    GPIO27_IRQHandler                        0x00003f11   Thumb Code     0  startup_m2sxxx.o(.text)
    GPIO28_IRQHandler                        0x00003f11   Thumb Code     0  startup_m2sxxx.o(.text)
    GPIO29_IRQHandler                        0x00003f11   Thumb Code     0  startup_m2sxxx.o(.text)
    GPIO2_IRQHandler                         0x00003f11   Thumb Code     0  startup_m2sxxx.o(.text)
    GPIO30_IRQHandler                        0x00003f11   Thumb Code     0  startup_m2sxxx.o(.text)
    GPIO31_IRQHandler                        0x00003f11   Thumb Code     0  startup_m2sxxx.o(.text)
    GPIO3_IRQHandler                         0x00003f11   Thumb Code     0  startup_m2sxxx.o(.text)
    GPIO4_IRQHandler                         0x00003f11   Thumb Code     0  startup_m2sxxx.o(.text)
    GPIO5_IRQHandler                         0x00003f11   Thumb Code     0  startup_m2sxxx.o(.text)
    GPIO6_IRQHandler                         0x00003f11   Thumb Code     0  startup_m2sxxx.o(.text)
    GPIO7_IRQHandler                         0x00003f11   Thumb Code     0  startup_m2sxxx.o(.text)
    GPIO8_IRQHandler                         0x00003f11   Thumb Code     0  startup_m2sxxx.o(.text)
    GPIO9_IRQHandler                         0x00003f11   Thumb Code     0  startup_m2sxxx.o(.text)
    HPDMA_Complete_IRQHandler                0x00003f11   Thumb Code     0  startup_m2sxxx.o(.text)
    HPDMA_Error_IRQHandler                   0x00003f11   Thumb Code     0  startup_m2sxxx.o(.text)
    I2C0_IRQHandler                          0x00003f11   Thumb Code     0  startup_m2sxxx.o(.text)
    I2C0_SMBAlert_IRQHandler                 0x00003f11   Thumb Code     0  startup_m2sxxx.o(.text)
    I2C0_SMBus_IRQHandler                    0x00003f11   Thumb Code     0  startup_m2sxxx.o(.text)
    I2C1_IRQHandler                          0x00003f11   Thumb Code     0  startup_m2sxxx.o(.text)
    I2C1_SMBAlert_IRQHandler                 0x00003f11   Thumb Code     0  startup_m2sxxx.o(.text)
    I2C1_SMBus_IRQHandler                    0x00003f11   Thumb Code     0  startup_m2sxxx.o(.text)
    MDDR_IOCalib_IRQHandler                  0x00003f11   Thumb Code     0  startup_m2sxxx.o(.text)
    PLL_LockLost_IRQHandler                  0x00003f11   Thumb Code     0  startup_m2sxxx.o(.text)
    PLL_Lock_IRQHandler                      0x00003f11   Thumb Code     0  startup_m2sxxx.o(.text)
    RTC_Wakeup_IRQHandler                    0x00003f11   Thumb Code     0  startup_m2sxxx.o(.text)
    SPI0_IRQHandler                          0x00003f11   Thumb Code     0  startup_m2sxxx.o(.text)
    SPI1_IRQHandler                          0x00003f11   Thumb Code     0  startup_m2sxxx.o(.text)
    Timer1_IRQHandler                        0x00003f11   Thumb Code     0  startup_m2sxxx.o(.text)
    Timer2_IRQHandler                        0x00003f11   Thumb Code     0  startup_m2sxxx.o(.text)
    UART0_IRQHandler                         0x00003f11   Thumb Code     0  startup_m2sxxx.o(.text)
    UART1_IRQHandler                         0x00003f11   Thumb Code     0  startup_m2sxxx.o(.text)
    WdogWakeup_IRQHandler                    0x00003f11   Thumb Code     0  startup_m2sxxx.o(.text)
    mscc_post_hw_cfg_init                    0x00003f13   Thumb Code     2  startup_m2sxxx.o(.text)
    __scatterload                            0x00003f31   Thumb Code    28  init.o(.text)
    __scatterload_rt2                        0x00003f31   Thumb Code     0  init.o(.text)
    low_level_init                           0x00003f55   Thumb Code    38  low_level_init.o(.text)
    SystemInit                               0x00003ff7   Thumb Code    24  system_m2sxxx.o(.text)
    SystemCoreClockUpdate                    0x00004043   Thumb Code   164  system_m2sxxx.o(.text)
    __decompress                             0x00004125   Thumb Code     0  __dczerorl2.o(.text)
    __decompress1                            0x00004125   Thumb Code    86  __dczerorl2.o(.text)
    OSStartHighRdy                           0x0000417d   Thumb Code     0  os_cpu_a.o(CODE)
    OS_CPU_PendSVHandler                     0x0000419f   Thumb Code     0  os_cpu_a.o(CODE)
    App_OS_IdleTaskHook                      0x00004961   Thumb Code     2  os_app_hooks.o(i.App_OS_IdleTaskHook)
    App_OS_SetAllHooks                       0x00004965   Thumb Code    76  os_app_hooks.o(i.App_OS_SetAllHooks)
    App_OS_StatTaskHook                      0x000049e9   Thumb Code     2  os_app_hooks.o(i.App_OS_StatTaskHook)
    App_OS_TaskCreateHook                    0x000049eb   Thumb Code     2  os_app_hooks.o(i.App_OS_TaskCreateHook)
    App_OS_TaskDelHook                       0x000049ed   Thumb Code     2  os_app_hooks.o(i.App_OS_TaskDelHook)
    App_OS_TaskReturnHook                    0x000049ef   Thumb Code     2  os_app_hooks.o(i.App_OS_TaskReturnHook)
    App_OS_TaskSwHook                        0x000049f1   Thumb Code     2  os_app_hooks.o(i.App_OS_TaskSwHook)
    App_OS_TimeTickHook                      0x000049f5   Thumb Code    96  os_app_hooks.o(i.App_OS_TimeTickHook)
    BSP_CPU_TickInit                         0x00004a65   Thumb Code    82  bsp.o(i.BSP_CPU_TickInit)
    BSP_Init                                 0x00004ac9   Thumb Code   100  bsp.o(i.BSP_Init)
    CPU_Init                                 0x00004b2d   Thumb Code    12  cpu_core.o(i.CPU_Init)
    CPU_NameClr                              0x00004b39   Thumb Code    42  cpu_core.o(i.CPU_NameClr)
    CPU_TS_TmrInit                           0x00004b85   Thumb Code     2  bsp.o(i.CPU_TS_TmrInit)
    CPU_TS_TmrRd                             0x00004b87   Thumb Code     4  bsp.o(i.CPU_TS_TmrRd)
    Char2String                              0x00004b8d   Thumb Code    98  app.o(i.Char2String)
    CoreI2cxInit                             0x00004bf5   Thumb Code    56  busapis.o(i.CoreI2cxInit)
    CoreI2cxRead                             0x00004c31   Thumb Code   154  busapis.o(i.CoreI2cxRead)
    CoreI2cxWrite                            0x00004cd1   Thumb Code   108  busapis.o(i.CoreI2cxWrite)
    FabricIrq0_IRQHandler                    0x00004d41   Thumb Code    10  isr.o(i.FabricIrq0_IRQHandler)
    FabricIrq10_IRQHandler                   0x00004d51   Thumb Code     2  isr.o(i.FabricIrq10_IRQHandler)
    FabricIrq11_IRQHandler                   0x00004d53   Thumb Code     2  isr.o(i.FabricIrq11_IRQHandler)
    FabricIrq12_IRQHandler                   0x00004d55   Thumb Code     2  isr.o(i.FabricIrq12_IRQHandler)
    FabricIrq13_IRQHandler                   0x00004d57   Thumb Code     2  isr.o(i.FabricIrq13_IRQHandler)
    FabricIrq14_IRQHandler                   0x00004d59   Thumb Code     2  isr.o(i.FabricIrq14_IRQHandler)
    FabricIrq15_IRQHandler                   0x00004d5b   Thumb Code     8  isr.o(i.FabricIrq15_IRQHandler)
    FabricIrq1_IRQHandler                    0x00004d65   Thumb Code    10  isr.o(i.FabricIrq1_IRQHandler)
    FabricIrq2_IRQHandler                    0x00004d75   Thumb Code    10  isr.o(i.FabricIrq2_IRQHandler)
    FabricIrq3_IRQHandler                    0x00004d85   Thumb Code    10  isr.o(i.FabricIrq3_IRQHandler)
    FabricIrq4_IRQHandler                    0x00004d95   Thumb Code    10  isr.o(i.FabricIrq4_IRQHandler)
    FabricIrq5_IRQHandler                    0x00004da5   Thumb Code    10  isr.o(i.FabricIrq5_IRQHandler)
    FabricIrq6_IRQHandler                    0x00004db5   Thumb Code    10  isr.o(i.FabricIrq6_IRQHandler)
    FabricIrq7_IRQHandler                    0x00004dc5   Thumb Code    10  isr.o(i.FabricIrq7_IRQHandler)
    FabricIrq8_IRQHandler                    0x00004dd5   Thumb Code    10  isr.o(i.FabricIrq8_IRQHandler)
    FabricIrq9_IRQHandler                    0x00004de5   Thumb Code    10  isr.o(i.FabricIrq9_IRQHandler)
    I2cLoop                                  0x00004df5   Thumb Code   492  app.o(i.I2cLoop)
    Mem_Clr                                  0x00005071   Thumb Code    18  lib_mem.o(i.Mem_Clr)
    Mem_Init                                 0x00005085   Thumb Code    54  lib_mem.o(i.Mem_Init)
    Mem_Set                                  0x000050cd   Thumb Code    98  lib_mem.o(i.Mem_Set)
    OSCfg_Init                               0x0000512f   Thumb Code     2  os_cfg_app.o(i.OSCfg_Init)
    OSIdleTaskHook                           0x00005131   Thumb Code    16  os_cpu_c.o(i.OSIdleTaskHook)
    OSInit                                   0x00005145   Thumb Code   288  os_core.o(i.OSInit)
    OSInitHook                               0x000052c5   Thumb Code    42  os_cpu_c.o(i.OSInitHook)
    OSIntExit                                0x000052fd   Thumb Code   192  os_core.o(i.OSIntExit)
    OSSched                                  0x000053e1   Thumb Code   134  os_core.o(i.OSSched)
    OSSchedLock                              0x00005489   Thumb Code   104  os_core.o(i.OSSchedLock)
    OSSchedUnlock                            0x000054fd   Thumb Code   136  os_core.o(i.OSSchedUnlock)
    OSStart                                  0x00005591   Thumb Code    78  os_core.o(i.OSStart)
    OSStatReset                              0x000055f9   Thumb Code   270  os_stat.o(i.OSStatReset)
    OSStatTaskHook                           0x00005731   Thumb Code    16  os_cpu_c.o(i.OSStatTaskHook)
    OSTaskCreate                             0x00005745   Thumb Code   566  os_task.o(i.OSTaskCreate)
    OSTaskCreateHook                         0x000059a1   Thumb Code    20  os_cpu_c.o(i.OSTaskCreateHook)
    OSTaskReturnHook                         0x000059b9   Thumb Code    20  os_cpu_c.o(i.OSTaskReturnHook)
    OSTaskSemPend                            0x000059d1   Thumb Code   520  os_task.o(i.OSTaskSemPend)
    OSTaskSemPost                            0x00005be5   Thumb Code    98  os_task.o(i.OSTaskSemPost)
    OSTaskStkChk                             0x00005c51   Thumb Code   204  os_task.o(i.OSTaskStkChk)
    OSTaskStkInit                            0x00005d25   Thumb Code   188  os_cpu_c.o(i.OSTaskStkInit)
    OSTaskSwHook                             0x00005de5   Thumb Code   120  os_cpu_c.o(i.OSTaskSwHook)
    OSTimeDly                                0x00005e6d   Thumb Code   266  os_time.o(i.OSTimeDly)
    OSTimeDlyHMSM                            0x00005f85   Thumb Code   480  os_time.o(i.OSTimeDlyHMSM)
    OSTimeTick                               0x00006175   Thumb Code    54  os_time.o(i.OSTimeTick)
    OSTimeTickHook                           0x000061b9   Thumb Code    16  os_cpu_c.o(i.OSTimeTickHook)
    OS_CPU_SysTickHandler                    0x000061cd   Thumb Code    52  os_cpu_c.o(i.OS_CPU_SysTickHandler)
    OS_Dbg_Init                              0x00006205   Thumb Code   148  os_dbg.o(i.OS_Dbg_Init)
    OS_FlagInit                              0x000063b1   Thumb Code    14  os_flag.o(i.OS_FlagInit)
    OS_FlagPost                              0x000063c9   Thumb Code   482  os_flag.o(i.OS_FlagPost)
    OS_FlagTaskRdy                           0x000065b5   Thumb Code    86  os_flag.o(i.OS_FlagTaskRdy)
    OS_IdleTask                              0x0000660d   Thumb Code    60  os_core.o(i.OS_IdleTask)
    OS_IdleTaskInit                          0x00006651   Thumb Code    66  os_core.o(i.OS_IdleTaskInit)
    OS_IntQPost                              0x000066c1   Thumb Code   216  os_int.o(i.OS_IntQPost)
    OS_IntQRePost                            0x000067bd   Thumb Code   360  os_int.o(i.OS_IntQRePost)
    OS_IntQTask                              0x00006961   Thumb Code   162  os_int.o(i.OS_IntQTask)
    OS_IntQTaskInit                          0x00006a15   Thumb Code   206  os_int.o(i.OS_IntQTaskInit)
    OS_MsgPoolInit                           0x00006b3d   Thumb Code   110  os_msg.o(i.OS_MsgPoolInit)
    OS_MsgQInit                              0x00006bb9   Thumb Code    14  os_msg.o(i.OS_MsgQInit)
    OS_MsgQPut                               0x00006bc9   Thumb Code   254  os_msg.o(i.OS_MsgQPut)
    OS_MutexInit                             0x00006ccd   Thumb Code    14  os_mutex.o(i.OS_MutexInit)
    OS_Pend                                  0x00006ce5   Thumb Code    98  os_core.o(i.OS_Pend)
    OS_PendDataInit                          0x00006d4d   Thumb Code    38  os_core.o(i.OS_PendDataInit)
    OS_PendDbgNameAdd                        0x00006d75   Thumb Code    66  os_core.o(i.OS_PendDbgNameAdd)
    OS_PendDbgNameRemove                     0x00006dd1   Thumb Code    30  os_core.o(i.OS_PendDbgNameRemove)
    OS_PendListInsertPrio                    0x00006df5   Thumb Code   102  os_core.o(i.OS_PendListInsertPrio)
    OS_PendListRemove                        0x00006e5b   Thumb Code    48  os_core.o(i.OS_PendListRemove)
    OS_PendListRemove1                       0x00006e8b   Thumb Code    66  os_core.o(i.OS_PendListRemove1)
    OS_Post                                  0x00006ecd   Thumb Code   192  os_core.o(i.OS_Post)
    OS_Post1                                 0x00006f8d   Thumb Code    42  os_core.o(i.OS_Post1)
    OS_PrioGetHighest                        0x00006fb9   Thumb Code    36  os_prio.o(i.OS_PrioGetHighest)
    OS_PrioInit                              0x00006fe1   Thumb Code    20  os_prio.o(i.OS_PrioInit)
    OS_PrioInsert                            0x00006ff9   Thumb Code    32  os_prio.o(i.OS_PrioInsert)
    OS_PrioRemove                            0x0000701d   Thumb Code    32  os_prio.o(i.OS_PrioRemove)
    OS_QInit                                 0x00007041   Thumb Code    14  os_q.o(i.OS_QInit)
    OS_QPost                                 0x00007059   Thumb Code   324  os_q.o(i.OS_QPost)
    OS_RdyListInit                           0x000071a5   Thumb Code    32  os_core.o(i.OS_RdyListInit)
    OS_RdyListInsert                         0x000071c9   Thumb Code    40  os_core.o(i.OS_RdyListInsert)
    OS_RdyListInsertHead                     0x000071f5   Thumb Code    58  os_core.o(i.OS_RdyListInsertHead)
    OS_RdyListInsertTail                     0x00007235   Thumb Code    56  os_core.o(i.OS_RdyListInsertTail)
    OS_RdyListMoveHeadToTail                 0x00007271   Thumb Code    68  os_core.o(i.OS_RdyListMoveHeadToTail)
    OS_RdyListRemove                         0x000072b5   Thumb Code    86  os_core.o(i.OS_RdyListRemove)
    OS_Sched0                                0x00007311   Thumb Code    72  os_core.o(i.OS_Sched0)
    OS_SchedLockTimeMeasStart                0x0000736d   Thumb Code    20  os_core.o(i.OS_SchedLockTimeMeasStart)
    OS_SchedLockTimeMeasStop                 0x00007389   Thumb Code    44  os_core.o(i.OS_SchedLockTimeMeasStop)
    OS_SchedRoundRobin                       0x000073c5   Thumb Code   190  os_core.o(i.OS_SchedRoundRobin)
    OS_SemInit                               0x00007495   Thumb Code    14  os_sem.o(i.OS_SemInit)
    OS_SemPost                               0x000074ad   Thumb Code   350  os_sem.o(i.OS_SemPost)
    OS_StatTask                              0x00007611   Thumb Code   790  os_stat.o(i.OS_StatTask)
    OS_StatTaskInit                          0x0000796d   Thumb Code   136  os_stat.o(i.OS_StatTaskInit)
    OS_TaskBlock                             0x00007a39   Thumb Code    56  os_core.o(i.OS_TaskBlock)
    OS_TaskDbgListAdd                        0x00007a71   Thumb Code    42  os_task.o(i.OS_TaskDbgListAdd)
    OS_TaskInit                              0x00007aa1   Thumb Code    18  os_task.o(i.OS_TaskInit)
    OS_TaskInitTCB                           0x00007ac1   Thumb Code   190  os_task.o(i.OS_TaskInitTCB)
    OS_TaskQPost                             0x00007b8d   Thumb Code   510  os_task.o(i.OS_TaskQPost)
    OS_TaskRdy                               0x00007d99   Thumb Code    28  os_core.o(i.OS_TaskRdy)
    OS_TaskResume                            0x00007db5   Thumb Code   314  os_task.o(i.OS_TaskResume)
    OS_TaskReturn                            0x00007ef5   Thumb Code    26  os_task.o(i.OS_TaskReturn)
    OS_TaskSemPost                           0x00007f19   Thumb Code  1210  os_task.o(i.OS_TaskSemPost)
    OS_TaskSuspend                           0x000083dd   Thumb Code   328  os_task.o(i.OS_TaskSuspend)
    OS_TickListInit                          0x0000852d   Thumb Code    32  os_tick.o(i.OS_TickListInit)
    OS_TickListInsert                        0x00008555   Thumb Code   430  os_tick.o(i.OS_TickListInsert)
    OS_TickListRemove                        0x00008711   Thumb Code    56  os_tick.o(i.OS_TickListRemove)
    OS_TickListResetPeak                     0x00008749   Thumb Code    28  os_tick.o(i.OS_TickListResetPeak)
    OS_TickListUpdate                        0x0000876d   Thumb Code   480  os_tick.o(i.OS_TickListUpdate)
    OS_TickTask                              0x00008965   Thumb Code    38  os_tick.o(i.OS_TickTask)
    OS_TickTaskInit                          0x00008991   Thumb Code   128  os_tick.o(i.OS_TickTaskInit)
    OS_TmrInit                               0x00008a49   Thumb Code   206  os_tmr.o(i.OS_TmrInit)
    OS_TmrLink                               0x00008b71   Thumb Code   196  os_tmr.o(i.OS_TmrLink)
    OS_TmrResetPeak                          0x00008c41   Thumb Code    28  os_tmr.o(i.OS_TmrResetPeak)
    OS_TmrTask                               0x00008c65   Thumb Code   176  os_tmr.o(i.OS_TmrTask)
    OS_TmrUnlink                             0x00008d25   Thumb Code    72  os_tmr.o(i.OS_TmrUnlink)
    String2Char                              0x00008d75   Thumb Code    56  app.o(i.String2Char)
    StringCmp                                0x00008db1   Thumb Code   206  app.o(i.StringCmp)
    UART0_Irq                                0x00008ead   Thumb Code    40  isr.o(i.UART0_Irq)
    UART1_Irq                                0x00008ee1   Thumb Code     2  isr.o(i.UART1_Irq)
    UART2_Irq                                0x00008ee3   Thumb Code     2  isr.o(i.UART2_Irq)
    UART3_Irq                                0x00008ee5   Thumb Code     2  isr.o(i.UART3_Irq)
    UART4_Irq                                0x00008ee7   Thumb Code     2  isr.o(i.UART4_Irq)
    UART5_Irq                                0x00008ee9   Thumb Code     2  isr.o(i.UART5_Irq)
    UART6_Irq                                0x00008eeb   Thumb Code     2  isr.o(i.UART6_Irq)
    UART7_Irq                                0x00008eed   Thumb Code     2  isr.o(i.UART7_Irq)
    UART8_Irq                                0x00008eef   Thumb Code     2  isr.o(i.UART8_Irq)
    UART9_Irq                                0x00008ef1   Thumb Code     2  isr.o(i.UART9_Irq)
    VCP_cep_rx_cb                            0x00008ef5   Thumb Code    26  vcp_app.o(i.VCP_cep_rx_cb)
    VCP_cep_tx_cb                            0x00008f19   Thumb Code     6  vcp_app.o(i.VCP_cep_tx_cb)
    VCP_configuration_state                  0x00008f21   Thumb Code     6  vcp_app.o(i.VCP_configuration_state)
    VCP_default_rx_complete_handler          0x00008f2d   Thumb Code     2  vcp_app.o(i.VCP_default_rx_complete_handler)
    VCP_init                                 0x00008f31   Thumb Code    52  vcp_app.o(i.VCP_init)
    VCP_init_cb                              0x00008f75   Thumb Code    16  vcp_app.o(i.VCP_init_cb)
    VCP_notification_cb                      0x00008f91   Thumb Code     8  vcp_app.o(i.VCP_notification_cb)
    VCP_process_request_cb                   0x00008f99   Thumb Code   124  vcp_app.o(i.VCP_process_request_cb)
    VCP_release_cb                           0x00009021   Thumb Code     8  vcp_app.o(i.VCP_release_cb)
    VCP_rx_cb                                0x0000902d   Thumb Code    26  vcp_app.o(i.VCP_rx_cb)
    VCP_rx_prepare                           0x00009051   Thumb Code    46  vcp_app.o(i.VCP_rx_prepare)
    VCP_tx                                   0x0000908d   Thumb Code    38  vcp_app.o(i.VCP_tx)
    VCP_tx_cb                                0x000090bd   Thumb Code    16  vcp_app.o(i.VCP_tx_cb)
    VCP_tx_done                              0x000090d1   Thumb Code     6  vcp_app.o(i.VCP_tx_done)
    __scatterload_copy                       0x000090dd   Thumb Code    14  handlers.o(i.__scatterload_copy)
    __scatterload_null                       0x000090eb   Thumb Code     2  handlers.o(i.__scatterload_null)
    __scatterload_zeroinit                   0x000090ed   Thumb Code    14  handlers.o(i.__scatterload_zeroinit)
    atox                                     0x000090fb   Thumb Code   214  app.o(i.atox)
    main                                     0x000091d1   Thumb Code    76  app.o(i.main)
    receive_data_handler                     0x00009239   Thumb Code    46  app.o(i.receive_data_handler)
    vcp_device_descriptor                    0x00009275   Thumb Code    10  usb_user_descriptors.o(i.vcp_device_descriptor)
    vcp_device_qual_descriptor               0x00009285   Thumb Code    20  usb_user_descriptors.o(i.vcp_device_qual_descriptor)
    vcp_get_string                           0x000092a1   Thumb Code    60  usb_user_descriptors.o(i.vcp_get_string)
    vcp_string_descriptor                    0x000092dd   Thumb Code   104  usb_user_descriptors.o(i.vcp_string_descriptor)
    ConvTable                                0x00009390   Data          16  app.o(.constdata)
    OSCfg_IdleTaskStkBasePtr                 0x000093a0   Data           4  os_cfg_app.o(.constdata)
    OSCfg_IdleTaskStkLimit                   0x000093a4   Data           4  os_cfg_app.o(.constdata)
    OSCfg_IdleTaskStkSize                    0x000093a8   Data           4  os_cfg_app.o(.constdata)
    OSCfg_IdleTaskStkSizeRAM                 0x000093ac   Data           4  os_cfg_app.o(.constdata)
    OSCfg_IntQBasePtr                        0x000093b0   Data           4  os_cfg_app.o(.constdata)
    OSCfg_IntQSize                           0x000093b4   Data           2  os_cfg_app.o(.constdata)
    OSCfg_IntQSizeRAM                        0x000093b8   Data           4  os_cfg_app.o(.constdata)
    OSCfg_IntQTaskStkBasePtr                 0x000093bc   Data           4  os_cfg_app.o(.constdata)
    OSCfg_IntQTaskStkLimit                   0x000093c0   Data           4  os_cfg_app.o(.constdata)
    OSCfg_IntQTaskStkSize                    0x000093c4   Data           4  os_cfg_app.o(.constdata)
    OSCfg_IntQTaskStkSizeRAM                 0x000093c8   Data           4  os_cfg_app.o(.constdata)
    OSCfg_ISRStkBasePtr                      0x000093cc   Data           4  os_cfg_app.o(.constdata)
    OSCfg_ISRStkSize                         0x000093d0   Data           4  os_cfg_app.o(.constdata)
    OSCfg_ISRStkSizeRAM                      0x000093d4   Data           4  os_cfg_app.o(.constdata)
    OSCfg_MsgPoolSize                        0x000093d8   Data           2  os_cfg_app.o(.constdata)
    OSCfg_MsgPoolSizeRAM                     0x000093dc   Data           4  os_cfg_app.o(.constdata)
    OSCfg_MsgPoolBasePtr                     0x000093e0   Data           4  os_cfg_app.o(.constdata)
    OSCfg_StatTaskPrio                       0x000093e4   Data           1  os_cfg_app.o(.constdata)
    OSCfg_StatTaskRate_Hz                    0x000093e8   Data           4  os_cfg_app.o(.constdata)
    OSCfg_StatTaskStkBasePtr                 0x000093ec   Data           4  os_cfg_app.o(.constdata)
    OSCfg_StatTaskStkLimit                   0x000093f0   Data           4  os_cfg_app.o(.constdata)
    OSCfg_StatTaskStkSize                    0x000093f4   Data           4  os_cfg_app.o(.constdata)
    OSCfg_StatTaskStkSizeRAM                 0x000093f8   Data           4  os_cfg_app.o(.constdata)
    OSCfg_StkSizeMin                         0x000093fc   Data           4  os_cfg_app.o(.constdata)
    OSCfg_TickRate_Hz                        0x00009400   Data           4  os_cfg_app.o(.constdata)
    OSCfg_TickTaskPrio                       0x00009404   Data           1  os_cfg_app.o(.constdata)
    OSCfg_TickTaskStkBasePtr                 0x00009408   Data           4  os_cfg_app.o(.constdata)
    OSCfg_TickTaskStkLimit                   0x0000940c   Data           4  os_cfg_app.o(.constdata)
    OSCfg_TickTaskStkSize                    0x00009410   Data           4  os_cfg_app.o(.constdata)
    OSCfg_TickTaskStkSizeRAM                 0x00009414   Data           4  os_cfg_app.o(.constdata)
    OSCfg_TickWheelSize                      0x00009418   Data           2  os_cfg_app.o(.constdata)
    OSCfg_TickWheelSizeRAM                   0x0000941c   Data           4  os_cfg_app.o(.constdata)
    OSCfg_TmrTaskPrio                        0x00009420   Data           1  os_cfg_app.o(.constdata)
    OSCfg_TmrTaskRate_Hz                     0x00009424   Data           4  os_cfg_app.o(.constdata)
    OSCfg_TmrTaskStkBasePtr                  0x00009428   Data           4  os_cfg_app.o(.constdata)
    OSCfg_TmrTaskStkLimit                    0x0000942c   Data           4  os_cfg_app.o(.constdata)
    OSCfg_TmrTaskStkSize                     0x00009430   Data           4  os_cfg_app.o(.constdata)
    OSCfg_TmrTaskStkSizeRAM                  0x00009434   Data           4  os_cfg_app.o(.constdata)
    OSCfg_TmrWheelSize                       0x00009438   Data           2  os_cfg_app.o(.constdata)
    OSCfg_TmrWheelSizeRAM                    0x0000943c   Data           4  os_cfg_app.o(.constdata)
    OSCfg_DataSizeRAM                        0x00009440   Data           4  os_cfg_app.o(.constdata)
    OSDbg_DbgEn                              0x00009444   Data           1  os_dbg.o(.constdata)
    OSDbg_ArgChkEn                           0x00009445   Data           1  os_dbg.o(.constdata)
    OSDbg_AppHooksEn                         0x00009446   Data           1  os_dbg.o(.constdata)
    OSDbg_EndiannessTest                     0x00009448   Data           4  os_dbg.o(.constdata)
    OSDbg_CalledFromISRChkEn                 0x0000944c   Data           1  os_dbg.o(.constdata)
    OSDbg_FlagEn                             0x0000944d   Data           1  os_dbg.o(.constdata)
    OSDbg_FlagGrp                            0x00009450   Data          40  os_dbg.o(.constdata)
    OSDbg_FlagDelEn                          0x00009478   Data           1  os_dbg.o(.constdata)
    OSDbg_FlagModeClrEn                      0x00009479   Data           1  os_dbg.o(.constdata)
    OSDbg_FlagPendAbortEn                    0x0000947a   Data           1  os_dbg.o(.constdata)
    OSDbg_FlagGrpSize                        0x0000947c   Data           2  os_dbg.o(.constdata)
    OSDbg_FlagWidth                          0x0000947e   Data           2  os_dbg.o(.constdata)
    OSDbg_IntQ                               0x00009480   Data           2  os_dbg.o(.constdata)
    OSDbg_ISRPostDeferredEn                  0x00009482   Data           1  os_dbg.o(.constdata)
    OSDbg_Mem                                0x00009484   Data          32  os_dbg.o(.constdata)
    OSDbg_MemEn                              0x000094a4   Data           1  os_dbg.o(.constdata)
    OSDbg_MemSize                            0x000094a6   Data           2  os_dbg.o(.constdata)
    OSDbg_MsgEn                              0x000094a8   Data           1  os_dbg.o(.constdata)
    OSDbg_MsgSize                            0x000094aa   Data           2  os_dbg.o(.constdata)
    OSDbg_MsgPoolSize                        0x000094ac   Data           2  os_dbg.o(.constdata)
    OSDbg_MsgQSize                           0x000094ae   Data           2  os_dbg.o(.constdata)
    OSDbg_Mutex                              0x000094b0   Data          44  os_dbg.o(.constdata)
    OSDbg_MutexEn                            0x000094dc   Data           1  os_dbg.o(.constdata)
    OSDbg_MutexDelEn                         0x000094dd   Data           1  os_dbg.o(.constdata)
    OSDbg_MutexPendAbortEn                   0x000094de   Data           1  os_dbg.o(.constdata)
    OSDbg_MutexSize                          0x000094e0   Data           2  os_dbg.o(.constdata)
    OSDbg_ObjTypeChkEn                       0x000094e2   Data           1  os_dbg.o(.constdata)
    OSDbg_PendMultiEn                        0x000094e3   Data           1  os_dbg.o(.constdata)
    OSDbg_PendDataSize                       0x000094e4   Data           2  os_dbg.o(.constdata)
    OSDbg_PendListSize                       0x000094e6   Data           2  os_dbg.o(.constdata)
    OSDbg_PendObjSize                        0x000094e8   Data           2  os_dbg.o(.constdata)
    OSDbg_PrioMax                            0x000094ea   Data           2  os_dbg.o(.constdata)
    OSDbg_PrioTblSize                        0x000094ec   Data           2  os_dbg.o(.constdata)
    OSDbg_PtrSize                            0x000094ee   Data           2  os_dbg.o(.constdata)
    OSDbg_Q                                  0x000094f0   Data          48  os_dbg.o(.constdata)
    OSDbg_QEn                                0x00009520   Data           1  os_dbg.o(.constdata)
    OSDbg_QDelEn                             0x00009521   Data           1  os_dbg.o(.constdata)
    OSDbg_QFlushEn                           0x00009522   Data           1  os_dbg.o(.constdata)
    OSDbg_QPendAbortEn                       0x00009523   Data           1  os_dbg.o(.constdata)
    OSDbg_QSize                              0x00009524   Data           2  os_dbg.o(.constdata)
    OSDbg_SchedRoundRobinEn                  0x00009526   Data           1  os_dbg.o(.constdata)
    OSDbg_Sem                                0x00009528   Data          40  os_dbg.o(.constdata)
    OSDbg_SemEn                              0x00009550   Data           1  os_dbg.o(.constdata)
    OSDbg_SemDelEn                           0x00009551   Data           1  os_dbg.o(.constdata)
    OSDbg_SemPendAbortEn                     0x00009552   Data           1  os_dbg.o(.constdata)
    OSDbg_SemSetEn                           0x00009553   Data           1  os_dbg.o(.constdata)
    OSDbg_SemSize                            0x00009554   Data           2  os_dbg.o(.constdata)
    OSDbg_RdyList                            0x00009556   Data           2  os_dbg.o(.constdata)
    OSDbg_RdyListSize                        0x00009558   Data           4  os_dbg.o(.constdata)
    OSDbg_StkWidth                           0x0000955c   Data           1  os_dbg.o(.constdata)
    OSDbg_StatTaskEn                         0x0000955d   Data           1  os_dbg.o(.constdata)
    OSDbg_StatTaskStkChkEn                   0x0000955e   Data           1  os_dbg.o(.constdata)
    OSDbg_TaskChangePrioEn                   0x0000955f   Data           1  os_dbg.o(.constdata)
    OSDbg_TaskDelEn                          0x00009560   Data           1  os_dbg.o(.constdata)
    OSDbg_TaskQEn                            0x00009561   Data           1  os_dbg.o(.constdata)
    OSDbg_TaskQPendAbortEn                   0x00009562   Data           1  os_dbg.o(.constdata)
    OSDbg_TaskProfileEn                      0x00009563   Data           1  os_dbg.o(.constdata)
    OSDbg_TaskRegTblSize                     0x00009564   Data           2  os_dbg.o(.constdata)
    OSDbg_TaskSemPendAbortEn                 0x00009566   Data           1  os_dbg.o(.constdata)
    OSDbg_TaskSuspendEn                      0x00009567   Data           1  os_dbg.o(.constdata)
    OSDbg_TCBSize                            0x00009568   Data           2  os_dbg.o(.constdata)
    OSDbg_TickSpokeSize                      0x0000956a   Data           2  os_dbg.o(.constdata)
    OSDbg_TimeDlyHMSMEn                      0x0000956c   Data           1  os_dbg.o(.constdata)
    OSDbg_TimeDlyResumeEn                    0x0000956d   Data           1  os_dbg.o(.constdata)
    OSDbg_TLS_TblSize                        0x0000956e   Data           2  os_dbg.o(.constdata)
    OSDbg_Tmr                                0x00009570   Data          52  os_dbg.o(.constdata)
    OSDbg_TmrEn                              0x000095a4   Data           1  os_dbg.o(.constdata)
    OSDbg_TmrDelEn                           0x000095a5   Data           1  os_dbg.o(.constdata)
    OSDbg_TmrSize                            0x000095a6   Data           2  os_dbg.o(.constdata)
    OSDbg_TmrSpokeSize                       0x000095a8   Data           2  os_dbg.o(.constdata)
    OSDbg_VersionNbr                         0x000095aa   Data           2  os_dbg.o(.constdata)
    OSDbg_DataSize                           0x000095ac   Data           4  os_dbg.o(.constdata)
    Region$$Table$$Base                      0x000095b0   Number         0  anon$$obj.o(Region$$Table)
    Region$$Table$$Limit                     0x000095d0   Number         0  anon$$obj.o(Region$$Table)
    Image$$ER_RW$$Base                       0x20000000   Number         0  anon$$obj.o ABSOLUTE
    g_StringTaskBusy                         0x20000000   Data          22  app.o(.data)
    g_StringParError                         0x20000016   Data          24  app.o(.data)
    g_StringDeviceError                      0x2000002e   Data          25  app.o(.data)
    g_StringTaseDone                         0x20000047   Data          22  app.o(.data)
    gDataNotComplete                         0x2000005d   Data          35  app.o(.data)
    g_rx_count                               0x20000080   Data           2  app.o(.data)
    g_rx2_count                              0x20000082   Data           2  app.o(.data)
    g_gpio                                   0x20000084   Data           8  app.o(.data)
    g_linecoding_params                      0x2000008c   Data           8  vcp_app.o(.data)
    g_not_buf                                0x20000094   Data          10  vcp_app.o(.data)
    g_vcp_serial_state                       0x2000009e   Data           1  vcp_app.o(.data)
    g_vcprx_complete_status                  0x2000009f   Data           1  vcp_app.o(.data)
    g_vcptx_complete_status                  0x200000a0   Data           1  vcp_app.o(.data)
    g_rx_complete_handler                    0x200000a4   Data           4  vcp_app.o(.data)
    g_vcp_config_state                       0x200000a8   Data           1  vcp_app.o(.data)
    g_vcp_app_cb                             0x200000ac   Data          32  vcp_app.o(.data)
    device_descriptor                        0x200000cc   Data          18  usb_user_descriptors.o(.data)
    hs_dev_qualifier_descriptor              0x200000de   Data          10  usb_user_descriptors.o(.data)
    fs_dev_qualifier_descriptor              0x200000e8   Data          10  usb_user_descriptors.o(.data)
    lang_string_descriptor                   0x200000f2   Data           4  usb_user_descriptors.o(.data)
    vcp_descriptors_cb                       0x200000f8   Data          12  usb_user_descriptors.o(.data)
    Mem_PoolTbl                              0x20000108   Data           4  lib_mem.o(.data)
    CPU_TS_TmrFreq_Hz                        0x2000010c   Data           4  cpu_core.o(.data)
    OS_CPU_ExceptStkBase                     0x20000110   Data           4  os_cpu_c.o(.data)
    OSPrioTbl                                0x20000114   Data           8  os_prio.o(.data)
    OS_AppTaskCreateHookPtr                  0x2000011c   Data           4  os_var.o(.data)
    OS_AppTaskDelHookPtr                     0x20000120   Data           4  os_var.o(.data)
    OS_AppTaskReturnHookPtr                  0x20000124   Data           4  os_var.o(.data)
    OS_AppIdleTaskHookPtr                    0x20000128   Data           4  os_var.o(.data)
    OS_AppStatTaskHookPtr                    0x2000012c   Data           4  os_var.o(.data)
    OS_AppTaskSwHookPtr                      0x20000130   Data           4  os_var.o(.data)
    OS_AppTimeTickHookPtr                    0x20000134   Data           4  os_var.o(.data)
    OSIdleTaskCtr                            0x20000138   Data           4  os_var.o(.data)
    OSIntNestingCtr                          0x2000013c   Data           1  os_var.o(.data)
    OSRunning                                0x2000013d   Data           1  os_var.o(.data)
    OSIntQInPtr                              0x20000140   Data           4  os_var.o(.data)
    OSIntQOutPtr                             0x20000144   Data           4  os_var.o(.data)
    OSIntQNbrEntries                         0x20000148   Data           2  os_var.o(.data)
    OSIntQNbrEntriesMax                      0x2000014a   Data           2  os_var.o(.data)
    OSIntQOvfCtr                             0x2000014c   Data           2  os_var.o(.data)
    OSIntQTaskTimeMax                        0x20000150   Data           4  os_var.o(.data)
    OSFlagDbgListPtr                         0x20000154   Data           4  os_var.o(.data)
    OSFlagQty                                0x20000158   Data           2  os_var.o(.data)
    OSMutexDbgListPtr                        0x2000015c   Data           4  os_var.o(.data)
    OSMutexQty                               0x20000160   Data           2  os_var.o(.data)
    OSPrioCur                                0x20000162   Data           1  os_var.o(.data)
    OSPrioHighRdy                            0x20000163   Data           1  os_var.o(.data)
    OSPrioSaved                              0x20000164   Data           1  os_var.o(.data)
    OSQDbgListPtr                            0x20000168   Data           4  os_var.o(.data)
    OSQQty                                   0x2000016c   Data           2  os_var.o(.data)
    OSSchedLockTimeBegin                     0x20000170   Data           4  os_var.o(.data)
    OSSchedLockTimeMax                       0x20000174   Data           4  os_var.o(.data)
    OSSchedLockTimeMaxCur                    0x20000178   Data           4  os_var.o(.data)
    OSSchedLockNestingCtr                    0x2000017c   Data           1  os_var.o(.data)
    OSSchedRoundRobinDfltTimeQuanta          0x20000180   Data           4  os_var.o(.data)
    OSSchedRoundRobinEn                      0x20000184   Data           1  os_var.o(.data)
    OSSemDbgListPtr                          0x20000188   Data           4  os_var.o(.data)
    OSSemQty                                 0x2000018c   Data           2  os_var.o(.data)
    OSStatResetFlag                          0x2000018e   Data           1  os_var.o(.data)
    OSStatTaskCPUUsage                       0x20000190   Data           2  os_var.o(.data)
    OSStatTaskCPUUsageMax                    0x20000192   Data           2  os_var.o(.data)
    OSStatTaskCtr                            0x20000194   Data           4  os_var.o(.data)
    OSStatTaskCtrMax                         0x20000198   Data           4  os_var.o(.data)
    OSStatTaskCtrRun                         0x2000019c   Data           4  os_var.o(.data)
    OSStatTaskRdy                            0x200001a0   Data           1  os_var.o(.data)
    OSStatTaskTimeMax                        0x200001a4   Data           4  os_var.o(.data)
    OSTaskCtxSwCtr                           0x200001a8   Data           4  os_var.o(.data)
    OSTaskDbgListPtr                         0x200001ac   Data           4  os_var.o(.data)
    OSTaskQty                                0x200001b0   Data           2  os_var.o(.data)
    OSTaskRegNextAvailID                     0x200001b2   Data           1  os_var.o(.data)
    OSTickCtr                                0x200001b4   Data           4  os_var.o(.data)
    OSTickTaskTimeMax                        0x200001b8   Data           4  os_var.o(.data)
    OSTmrDbgListPtr                          0x200001bc   Data           4  os_var.o(.data)
    OSTmrQty                                 0x200001c0   Data           2  os_var.o(.data)
    OSTmrTaskTimeMax                         0x200001c4   Data           4  os_var.o(.data)
    OSTmrTickCtr                             0x200001c8   Data           4  os_var.o(.data)
    OSTmrUpdateCnt                           0x200001cc   Data           4  os_var.o(.data)
    OSTmrUpdateCtr                           0x200001d0   Data           4  os_var.o(.data)
    OSTCBCurPtr                              0x200001d4   Data           4  os_var.o(.data)
    OSTCBHighRdyPtr                          0x200001d8   Data           4  os_var.o(.data)
    g_usbd_user_descr_cb                     0x200001e0   Data           4  mss_usb_device.o(.data)
    g_usbd_class_cb                          0x200001e4   Data           4  mss_usb_device.o(.data)
    g_mss_usbd_cb                            0x200001f4   Data          44  mss_usb_device.o(.data)
    usbd_cdc_class_cb                        0x20000224   Data          32  mss_usb_device_cdc.o(.data)
    usbd_cdc_vcp_ops                         0x20000244   Data           4  mss_usb_device_cdc.o(.data)
    g_usbd_cdc_user_speed                    0x20000248   Data           1  mss_usb_device_cdc.o(.data)
    cdc_conf_descr                           0x20000249   Data          75  mss_usb_device_cdc.o(.data)
    cep_state                                0x20000294   Data           1  mss_usb_device_cif.o(.data)
    SystemCoreClock                          0x2000029c   Data           4  system_m2sxxx.o(.data)
    g_FrequencyPCLK0                         0x200002a0   Data           4  system_m2sxxx.o(.data)
    g_FrequencyPCLK1                         0x200002a4   Data           4  system_m2sxxx.o(.data)
    g_FrequencyPCLK2                         0x200002a8   Data           4  system_m2sxxx.o(.data)
    g_FrequencyFIC0                          0x200002ac   Data           4  system_m2sxxx.o(.data)
    g_FrequencyFIC1                          0x200002b0   Data           4  system_m2sxxx.o(.data)
    g_FrequencyFIC64                         0x200002b4   Data           4  system_m2sxxx.o(.data)
    gRev1_Buffer                             0x200002b8   Data        2048  app.o(.bss)
    gRev2_Buffer                             0x20000ab8   Data        4096  app.o(.bss)
    gRx_Buffer                               0x20001ab8   Data        4096  app.o(.bss)
    gTx_Buffer                               0x20002ab8   Data        4096  app.o(.bss)
    gI2C_Buffer                              0x20003ab8   Data        1280  app.o(.bss)
    gGPIO_Buffer                             0x20003fb8   Data          32  app.o(.bss)
    g_core_i2c                               0x20003fd8   Data        1080  app.o(.bss)
    gSPI_Buffer                              0x20004410   Data        1024  app.o(.bss)
    g_core_spi                               0x20004810   Data         160  app.o(.bss)
    gUART_Buffer                             0x200048b0   Data        1280  app.o(.bss)
    g_core_uart                              0x20004db0   Data          80  app.o(.bss)
    g_string_descriptor                      0x2000a3bc   Data          64  usb_user_descriptors.o(.bss)
    gUartRxBuffer                            0x2000a3fc   Data         640  isr.o(.bss)
    Mem_PoolHeap                             0x2000a67c   Data          72  lib_mem.o(.bss)
    Mem_Heap                                 0x2000a6c4   Data        9216  lib_mem.o(.bss)
    CPU_Name                                 0x2000cac4   Data          16  cpu_core.o(.bss)
    OSCfg_IdleTaskStk                        0x2000cad4   Data         512  os_cfg_app.o(.bss)
    OSCfg_IntQ                               0x2000ccd4   Data         320  os_cfg_app.o(.bss)
    OSCfg_IntQTaskStk                        0x2000ce14   Data         512  os_cfg_app.o(.bss)
    OSCfg_ISRStk                             0x2000d014   Data        1024  os_cfg_app.o(.bss)
    OSCfg_MsgPool                            0x2000d414   Data         800  os_cfg_app.o(.bss)
    OSCfg_StatTaskStk                        0x2000d734   Data         512  os_cfg_app.o(.bss)
    OSCfg_TickTaskStk                        0x2000d934   Data         512  os_cfg_app.o(.bss)
    OSCfg_TickWheel                          0x2000db34   Data         128  os_cfg_app.o(.bss)
    OSCfg_TmrTaskStk                         0x2000dbb4   Data         512  os_cfg_app.o(.bss)
    OSCfg_TmrWheel                           0x2000ddb4   Data         128  os_cfg_app.o(.bss)
    OSIdleTaskTCB                            0x2000de34   Data         196  os_var.o(.bss)
    OSIntQTaskTCB                            0x2000def8   Data         196  os_var.o(.bss)
    OSMsgPool                                0x2000dfbc   Data          12  os_var.o(.bss)
    OSRdyList                                0x2000dfc8   Data         768  os_var.o(.bss)
    OSStatTaskTCB                            0x2000e2c8   Data         196  os_var.o(.bss)
    OSTickTaskTCB                            0x2000e38c   Data         196  os_var.o(.bss)
    OSTmrTaskTCB                             0x2000e450   Data         196  os_var.o(.bss)
    __heap_base                              0x2000e760   Data           0  startup_m2sxxx.o(HEAP)
    __heap_limit                             0x2000e760   Data           0  startup_m2sxxx.o(HEAP)
    __initial_sp                             0x2000f760   Data           0  startup_m2sxxx.o(STACK)



==============================================================================

Memory Map of the image

  Image Entry point : 0x00000189

  Load Region FLASH_LOAD (Base: 0x00000000, Size: 0x00009888, Max: 0x00040000, ABSOLUTE, COMPRESSED[0x00009700])

    Execution Region ER_RO (Base: 0x00000000, Size: 0x000095d0, Max: 0x00040000, ABSOLUTE)

    Base Addr    Size         Type   Attr      Idx    E Section Name        Object

    0x00000000   0x00000188   Data   RO         3161    RESET               M2sExt_sb_MSS_CM3_hw_platform.lib(startup_m2sxxx.o)
    0x00000188   0x00000000   Code   RO         3120  * .ARM.Collect$$$$00000000  mc_w.l(entry.o)
    0x00000188   0x00000004   Code   RO         3145    .ARM.Collect$$$$00000001  mc_w.l(entry2.o)
    0x0000018c   0x00000004   Code   RO         3148    .ARM.Collect$$$$00000004  mc_w.l(entry5.o)
    0x00000190   0x00000000   Code   RO         3150    .ARM.Collect$$$$00000008  mc_w.l(entry7b.o)
    0x00000190   0x00000000   Code   RO         3152    .ARM.Collect$$$$0000000A  mc_w.l(entry8b.o)
    0x00000190   0x00000008   Code   RO         3153    .ARM.Collect$$$$0000000B  mc_w.l(entry9a.o)
    0x00000198   0x00000000   Code   RO         3155    .ARM.Collect$$$$0000000D  mc_w.l(entry10a.o)
    0x00000198   0x00000000   Code   RO         3157    .ARM.Collect$$$$0000000F  mc_w.l(entry11a.o)
    0x00000198   0x00000004   Code   RO         3146    .ARM.Collect$$$$00002712  mc_w.l(entry2.o)
    0x0000019c   0x00000034   Code   RO         1605    .text               cpu_a.o
    0x000001d0   0x00000442   Code   RO         2774    .text               M2sExt_sb_MSS_CM3_hw_platform.lib(core_gpio.o)
    0x00000612   0x00000a68   Code   RO         2807    .text               M2sExt_sb_MSS_CM3_hw_platform.lib(core_i2c.o)
    0x0000107a   0x00000002   PAD
    0x0000107c   0x000000d8   Code   RO         2843    .text               M2sExt_sb_MSS_CM3_hw_platform.lib(core_irq_ctrl.o)
    0x00001154   0x000001ca   Code   RO         2882    .text               M2sExt_sb_MSS_CM3_hw_platform.lib(core_uart_apb.o)
    0x0000131e   0x00000002   PAD
    0x00001320   0x000014b0   Code   RO         2902    .text               M2sExt_sb_MSS_CM3_hw_platform.lib(mss_usb_device.o)
    0x000027d0   0x00000290   Code   RO         2960    .text               M2sExt_sb_MSS_CM3_hw_platform.lib(mss_usb_device_cdc.o)
    0x00002a60   0x0000000c   Code   RO         3000    .text               M2sExt_sb_MSS_CM3_hw_platform.lib(cortex_nvic.o)
    0x00002a6c   0x00000150   Code   RO         3020    .text               M2sExt_sb_MSS_CM3_hw_platform.lib(i2c_interrupt.o)
    0x00002bbc   0x00000aac   Code   RO         3051    .text               M2sExt_sb_MSS_CM3_hw_platform.lib(mss_usb_common_cif.o)
    0x00003668   0x000005ec   Code   RO         3078    .text               M2sExt_sb_MSS_CM3_hw_platform.lib(mss_usb_device_cif.o)
    0x00003c54   0x0000000e   Code   RO         3112    .text               M2sExt_sb_MSS_CM3_hw_platform.lib(hal.o)
    0x00003c62   0x00000002   PAD
    0x00003c64   0x00000090   Code   RO         3116    .text               M2sExt_sb_MSS_CM3_hw_platform.lib(hw_reg_access.o)
    0x00003cf4   0x00000024   Code   RO         3123    .text               mc_w.l(memcpya.o)
    0x00003d18   0x00000024   Code   RO         3125    .text               mc_w.l(memseta.o)
    0x00003d3c   0x00000018   Code   RO         3127    .text               mc_w.l(strcat.o)
    0x00003d54   0x00000014   Code   RO         3129    .text               mc_w.l(strchr.o)
    0x00003d68   0x0000000e   Code   RO         3131    .text               mc_w.l(strlen.o)
    0x00003d76   0x0000001c   Code   RO         3133    .text               mc_w.l(strcmp.o)
    0x00003d92   0x00000028   Code   RO         3135    .text               mc_w.l(strncat.o)
    0x00003dba   0x00000002   PAD
    0x00003dbc   0x00000044   Code   RO         3137    .text               mc_w.l(strtok.o)
    0x00003e00   0x00000130   Code   RO         3162    .text               M2sExt_sb_MSS_CM3_hw_platform.lib(startup_m2sxxx.o)
    0x00003f30   0x00000024   Code   RO         3166    .text               mc_w.l(init.o)
    0x00003f54   0x00000038   Code   RO         3170    .text               M2sExt_sb_MSS_CM3_hw_platform.lib(low_level_init.o)
    0x00003f8c   0x00000198   Code   RO         3198    .text               M2sExt_sb_MSS_CM3_hw_platform.lib(system_m2sxxx.o)
    0x00004124   0x00000056   Code   RO         3243    .text               mc_w.l(__dczerorl2.o)
    0x0000417a   0x00000002   PAD
    0x0000417c   0x00000084   Code   RO         1656    CODE                os_cpu_a.o
    0x00004200   0x00000002   Code   RO            3    i.AppObjCreate      app.o
    0x00004202   0x00000002   PAD
    0x00004204   0x0000028c   Code   RO            4    i.AppTaskCreate     app.o
    0x00004490   0x00000098   Code   RO            5    i.AppTaskGPIO       app.o
    0x00004528   0x00000006   Code   RO            6    i.AppTaskI2C0       app.o
    0x0000452e   0x00000006   Code   RO            7    i.AppTaskI2C1       app.o
    0x00004534   0x00000006   Code   RO            8    i.AppTaskI2C2       app.o
    0x0000453a   0x00000006   Code   RO            9    i.AppTaskI2C3       app.o
    0x00004540   0x00000006   Code   RO           10    i.AppTaskI2C4       app.o
    0x00004546   0x00000006   Code   RO           11    i.AppTaskI2C5       app.o
    0x0000454c   0x00000006   Code   RO           12    i.AppTaskI2C6       app.o
    0x00004552   0x00000002   PAD
    0x00004554   0x0000024c   Code   RO           24    i.AppTaskStart      app.o
    0x000047a0   0x000001c0   Code   RO           35    i.AppTaskUSB        app.o
    0x00004960   0x00000002   Code   RO          375    i.App_OS_IdleTaskHook  os_app_hooks.o
    0x00004962   0x00000002   PAD
    0x00004964   0x00000084   Code   RO          377    i.App_OS_SetAllHooks  os_app_hooks.o
    0x000049e8   0x00000002   Code   RO          378    i.App_OS_StatTaskHook  os_app_hooks.o
    0x000049ea   0x00000002   Code   RO          379    i.App_OS_TaskCreateHook  os_app_hooks.o
    0x000049ec   0x00000002   Code   RO          380    i.App_OS_TaskDelHook  os_app_hooks.o
    0x000049ee   0x00000002   Code   RO          381    i.App_OS_TaskReturnHook  os_app_hooks.o
    0x000049f0   0x00000002   Code   RO          382    i.App_OS_TaskSwHook  os_app_hooks.o
    0x000049f2   0x00000002   PAD
    0x000049f4   0x00000070   Code   RO          383    i.App_OS_TimeTickHook  os_app_hooks.o
    0x00004a64   0x00000064   Code   RO          457    i.BSP_CPU_TickInit  bsp.o
    0x00004ac8   0x00000064   Code   RO          458    i.BSP_Init          bsp.o
    0x00004b2c   0x0000000c   Code   RO         1481    i.CPU_Init          cpu_core.o
    0x00004b38   0x00000030   Code   RO         1482    i.CPU_NameClr       cpu_core.o
    0x00004b68   0x00000008   Code   RO         1484    i.CPU_NameInit      cpu_core.o
    0x00004b70   0x00000014   Code   RO         1488    i.CPU_TS_Init       cpu_core.o
    0x00004b84   0x00000002   Code   RO          465    i.CPU_TS_TmrInit    bsp.o
    0x00004b86   0x00000004   Code   RO          466    i.CPU_TS_TmrRd      bsp.o
    0x00004b8a   0x00000002   PAD
    0x00004b8c   0x00000068   Code   RO           36    i.Char2String       app.o
    0x00004bf4   0x0000003c   Code   RO          928    i.CoreI2cxInit      busapis.o
    0x00004c30   0x000000a0   Code   RO          929    i.CoreI2cxRead      busapis.o
    0x00004cd0   0x00000070   Code   RO          930    i.CoreI2cxWrite     busapis.o
    0x00004d40   0x00000010   Code   RO          723    i.FabricIrq0_IRQHandler  isr.o
    0x00004d50   0x00000002   Code   RO          724    i.FabricIrq10_IRQHandler  isr.o
    0x00004d52   0x00000002   Code   RO          725    i.FabricIrq11_IRQHandler  isr.o
    0x00004d54   0x00000002   Code   RO          726    i.FabricIrq12_IRQHandler  isr.o
    0x00004d56   0x00000002   Code   RO          727    i.FabricIrq13_IRQHandler  isr.o
    0x00004d58   0x00000002   Code   RO          728    i.FabricIrq14_IRQHandler  isr.o
    0x00004d5a   0x00000008   Code   RO          729    i.FabricIrq15_IRQHandler  isr.o
    0x00004d62   0x00000002   PAD
    0x00004d64   0x00000010   Code   RO          730    i.FabricIrq1_IRQHandler  isr.o
    0x00004d74   0x00000010   Code   RO          731    i.FabricIrq2_IRQHandler  isr.o
    0x00004d84   0x00000010   Code   RO          732    i.FabricIrq3_IRQHandler  isr.o
    0x00004d94   0x00000010   Code   RO          733    i.FabricIrq4_IRQHandler  isr.o
    0x00004da4   0x00000010   Code   RO          734    i.FabricIrq5_IRQHandler  isr.o
    0x00004db4   0x00000010   Code   RO          735    i.FabricIrq6_IRQHandler  isr.o
    0x00004dc4   0x00000010   Code   RO          736    i.FabricIrq7_IRQHandler  isr.o
    0x00004dd4   0x00000010   Code   RO          737    i.FabricIrq8_IRQHandler  isr.o
    0x00004de4   0x00000010   Code   RO          738    i.FabricIrq9_IRQHandler  isr.o
    0x00004df4   0x0000027c   Code   RO           37    i.I2cLoop           app.o
    0x00005070   0x00000012   Code   RO         1199    i.Mem_Clr           lib_mem.o
    0x00005082   0x00000002   PAD
    0x00005084   0x00000048   Code   RO         1203    i.Mem_Init          lib_mem.o
    0x000050cc   0x00000062   Code   RO         1216    i.Mem_Set           lib_mem.o
    0x0000512e   0x00000002   Code   RO         1737    i.OSCfg_Init        os_cfg_app.o
    0x00005130   0x00000014   Code   RO         1659    i.OSIdleTaskHook    os_cpu_c.o
    0x00005144   0x00000180   Code   RO         1760    i.OSInit            os_core.o
    0x000052c4   0x00000038   Code   RO         1660    i.OSInitHook        os_cpu_c.o
    0x000052fc   0x000000e4   Code   RO         1762    i.OSIntExit         os_core.o
    0x000053e0   0x000000a8   Code   RO         1763    i.OSSched           os_core.o
    0x00005488   0x00000074   Code   RO         1764    i.OSSchedLock       os_core.o
    0x000054fc   0x00000094   Code   RO         1767    i.OSSchedUnlock     os_core.o
    0x00005590   0x00000068   Code   RO         1768    i.OSStart           os_core.o
    0x000055f8   0x00000138   Code   RO         2406    i.OSStatReset       os_stat.o
    0x00005730   0x00000014   Code   RO         1661    i.OSStatTaskHook    os_cpu_c.o
    0x00005744   0x0000025c   Code   RO         2437    i.OSTaskCreate      os_task.o
    0x000059a0   0x00000018   Code   RO         1662    i.OSTaskCreateHook  os_cpu_c.o
    0x000059b8   0x00000018   Code   RO         1664    i.OSTaskReturnHook  os_cpu_c.o
    0x000059d0   0x00000214   Code   RO         2445    i.OSTaskSemPend     os_task.o
    0x00005be4   0x0000006c   Code   RO         2447    i.OSTaskSemPost     os_task.o
    0x00005c50   0x000000d4   Code   RO         2449    i.OSTaskStkChk      os_task.o
    0x00005d24   0x000000c0   Code   RO         1665    i.OSTaskStkInit     os_cpu_c.o
    0x00005de4   0x00000088   Code   RO         1666    i.OSTaskSwHook      os_cpu_c.o
    0x00005e6c   0x00000118   Code   RO         2640    i.OSTimeDly         os_time.o
    0x00005f84   0x000001f0   Code   RO         2641    i.OSTimeDlyHMSM     os_time.o
    0x00006174   0x00000044   Code   RO         2644    i.OSTimeTick        os_time.o
    0x000061b8   0x00000014   Code   RO         1667    i.OSTimeTickHook    os_cpu_c.o
    0x000061cc   0x00000038   Code   RO         1668    i.OS_CPU_SysTickHandler  os_cpu_c.o
    0x00006204   0x000001ac   Code   RO         2006    i.OS_Dbg_Init       os_dbg.o
    0x000063b0   0x00000018   Code   RO         2029    i.OS_FlagInit       os_flag.o
    0x000063c8   0x000001ec   Code   RO         2030    i.OS_FlagPost       os_flag.o
    0x000065b4   0x00000056   Code   RO         2031    i.OS_FlagTaskRdy    os_flag.o
    0x0000660a   0x00000002   PAD
    0x0000660c   0x00000044   Code   RO         1770    i.OS_IdleTask       os_core.o
    0x00006650   0x00000070   Code   RO         1771    i.OS_IdleTaskInit   os_core.o
    0x000066c0   0x000000fc   Code   RO         2093    i.OS_IntQPost       os_int.o
    0x000067bc   0x000001a4   Code   RO         2094    i.OS_IntQRePost     os_int.o
    0x00006960   0x000000b4   Code   RO         2095    i.OS_IntQTask       os_int.o
    0x00006a14   0x00000128   Code   RO         2096    i.OS_IntQTaskInit   os_int.o
    0x00006b3c   0x0000007c   Code   RO         2129    i.OS_MsgPoolInit    os_msg.o
    0x00006bb8   0x0000000e   Code   RO         2132    i.OS_MsgQInit       os_msg.o
    0x00006bc6   0x00000002   PAD
    0x00006bc8   0x00000104   Code   RO         2133    i.OS_MsgQPut        os_msg.o
    0x00006ccc   0x00000018   Code   RO         2171    i.OS_MutexInit      os_mutex.o
    0x00006ce4   0x00000068   Code   RO         1772    i.OS_Pend           os_core.o
    0x00006d4c   0x00000026   Code   RO         1775    i.OS_PendDataInit   os_core.o
    0x00006d72   0x00000002   PAD
    0x00006d74   0x0000005c   Code   RO         1776    i.OS_PendDbgNameAdd  os_core.o
    0x00006dd0   0x00000024   Code   RO         1777    i.OS_PendDbgNameRemove  os_core.o
    0x00006df4   0x00000066   Code   RO         1781    i.OS_PendListInsertPrio  os_core.o
    0x00006e5a   0x00000030   Code   RO         1782    i.OS_PendListRemove  os_core.o
    0x00006e8a   0x00000042   Code   RO         1783    i.OS_PendListRemove1  os_core.o
    0x00006ecc   0x000000c0   Code   RO         1786    i.OS_Post           os_core.o
    0x00006f8c   0x0000002a   Code   RO         1787    i.OS_Post1          os_core.o
    0x00006fb6   0x00000002   PAD
    0x00006fb8   0x00000028   Code   RO         2243    i.OS_PrioGetHighest  os_prio.o
    0x00006fe0   0x00000018   Code   RO         2244    i.OS_PrioInit       os_prio.o
    0x00006ff8   0x00000024   Code   RO         2245    i.OS_PrioInsert     os_prio.o
    0x0000701c   0x00000024   Code   RO         2246    i.OS_PrioRemove     os_prio.o
    0x00007040   0x00000018   Code   RO         2287    i.OS_QInit          os_q.o
    0x00007058   0x0000014c   Code   RO         2288    i.OS_QPost          os_q.o
    0x000071a4   0x00000024   Code   RO         1788    i.OS_RdyListInit    os_core.o
    0x000071c8   0x0000002c   Code   RO         1789    i.OS_RdyListInsert  os_core.o
    0x000071f4   0x00000040   Code   RO         1790    i.OS_RdyListInsertHead  os_core.o
    0x00007234   0x0000003c   Code   RO         1791    i.OS_RdyListInsertTail  os_core.o
    0x00007270   0x00000044   Code   RO         1792    i.OS_RdyListMoveHeadToTail  os_core.o
    0x000072b4   0x0000005c   Code   RO         1793    i.OS_RdyListRemove  os_core.o
    0x00007310   0x0000005c   Code   RO         1794    i.OS_Sched0         os_core.o
    0x0000736c   0x0000001c   Code   RO         1795    i.OS_SchedLockTimeMeasStart  os_core.o
    0x00007388   0x0000003c   Code   RO         1796    i.OS_SchedLockTimeMeasStop  os_core.o
    0x000073c4   0x000000d0   Code   RO         1797    i.OS_SchedRoundRobin  os_core.o
    0x00007494   0x00000018   Code   RO         2348    i.OS_SemInit        os_sem.o
    0x000074ac   0x00000164   Code   RO         2349    i.OS_SemPost        os_sem.o
    0x00007610   0x0000035c   Code   RO         2408    i.OS_StatTask       os_stat.o
    0x0000796c   0x000000cc   Code   RO         2409    i.OS_StatTaskInit   os_stat.o
    0x00007a38   0x00000038   Code   RO         1798    i.OS_TaskBlock      os_core.o
    0x00007a70   0x00000030   Code   RO         2452    i.OS_TaskDbgListAdd  os_task.o
    0x00007aa0   0x00000020   Code   RO         2454    i.OS_TaskInit       os_task.o
    0x00007ac0   0x000000cc   Code   RO         2455    i.OS_TaskInitTCB    os_task.o
    0x00007b8c   0x0000020c   Code   RO         2456    i.OS_TaskQPost      os_task.o
    0x00007d98   0x0000001c   Code   RO         1799    i.OS_TaskRdy        os_core.o
    0x00007db4   0x00000140   Code   RO         2457    i.OS_TaskResume     os_task.o
    0x00007ef4   0x00000024   Code   RO         2458    i.OS_TaskReturn     os_task.o
    0x00007f18   0x000004c4   Code   RO         2459    i.OS_TaskSemPost    os_task.o
    0x000083dc   0x00000150   Code   RO         2460    i.OS_TaskSuspend    os_task.o
    0x0000852c   0x00000028   Code   RO         2592    i.OS_TickListInit   os_tick.o
    0x00008554   0x000001bc   Code   RO         2593    i.OS_TickListInsert  os_tick.o
    0x00008710   0x00000038   Code   RO         2594    i.OS_TickListRemove  os_tick.o
    0x00008748   0x00000024   Code   RO         2595    i.OS_TickListResetPeak  os_tick.o
    0x0000876c   0x000001f8   Code   RO         2596    i.OS_TickListUpdate  os_tick.o
    0x00008964   0x0000002c   Code   RO         2597    i.OS_TickTask       os_tick.o
    0x00008990   0x000000b8   Code   RO         2598    i.OS_TickTaskInit   os_tick.o
    0x00008a48   0x00000128   Code   RO         2684    i.OS_TmrInit        os_tmr.o
    0x00008b70   0x000000d0   Code   RO         2685    i.OS_TmrLink        os_tmr.o
    0x00008c40   0x00000024   Code   RO         2686    i.OS_TmrResetPeak   os_tmr.o
    0x00008c64   0x000000c0   Code   RO         2687    i.OS_TmrTask        os_tmr.o
    0x00008d24   0x00000050   Code   RO         2688    i.OS_TmrUnlink      os_tmr.o
    0x00008d74   0x0000003c   Code   RO           39    i.String2Char       app.o
    0x00008db0   0x000000fc   Code   RO           40    i.StringCmp         app.o
    0x00008eac   0x00000034   Code   RO          744    i.UART0_Irq         isr.o
    0x00008ee0   0x00000002   Code   RO          745    i.UART1_Irq         isr.o
    0x00008ee2   0x00000002   Code   RO          746    i.UART2_Irq         isr.o
    0x00008ee4   0x00000002   Code   RO          747    i.UART3_Irq         isr.o
    0x00008ee6   0x00000002   Code   RO          748    i.UART4_Irq         isr.o
    0x00008ee8   0x00000002   Code   RO          749    i.UART5_Irq         isr.o
    0x00008eea   0x00000002   Code   RO          750    i.UART6_Irq         isr.o
    0x00008eec   0x00000002   Code   RO          751    i.UART7_Irq         isr.o
    0x00008eee   0x00000002   Code   RO          752    i.UART8_Irq         isr.o
    0x00008ef0   0x00000002   Code   RO          753    i.UART9_Irq         isr.o
    0x00008ef2   0x00000002   PAD
    0x00008ef4   0x00000024   Code   RO          543    i.VCP_cep_rx_cb     vcp_app.o
    0x00008f18   0x00000006   Code   RO          544    i.VCP_cep_tx_cb     vcp_app.o
    0x00008f1e   0x00000002   PAD
    0x00008f20   0x0000000c   Code   RO          545    i.VCP_configuration_state  vcp_app.o
    0x00008f2c   0x00000002   Code   RO          546    i.VCP_default_rx_complete_handler  vcp_app.o
    0x00008f2e   0x00000002   PAD
    0x00008f30   0x00000044   Code   RO          547    i.VCP_init          vcp_app.o
    0x00008f74   0x0000001c   Code   RO          548    i.VCP_init_cb       vcp_app.o
    0x00008f90   0x00000008   Code   RO          549    i.VCP_notification_cb  vcp_app.o
    0x00008f98   0x00000088   Code   RO          550    i.VCP_process_request_cb  vcp_app.o
    0x00009020   0x0000000c   Code   RO          551    i.VCP_release_cb    vcp_app.o
    0x0000902c   0x00000024   Code   RO          552    i.VCP_rx_cb         vcp_app.o
    0x00009050   0x0000003c   Code   RO          553    i.VCP_rx_prepare    vcp_app.o
    0x0000908c   0x00000030   Code   RO          554    i.VCP_tx            vcp_app.o
    0x000090bc   0x00000014   Code   RO          555    i.VCP_tx_cb         vcp_app.o
    0x000090d0   0x0000000c   Code   RO          556    i.VCP_tx_done       vcp_app.o
    0x000090dc   0x0000000e   Code   RO         3237    i.__scatterload_copy  mc_w.l(handlers.o)
    0x000090ea   0x00000002   Code   RO         3238    i.__scatterload_null  mc_w.l(handlers.o)
    0x000090ec   0x0000000e   Code   RO         3239    i.__scatterload_zeroinit  mc_w.l(handlers.o)
    0x000090fa   0x000000d6   Code   RO           42    i.atox              app.o
    0x000091d0   0x00000068   Code   RO           43    i.main              app.o
    0x00009238   0x0000003c   Code   RO           44    i.receive_data_handler  app.o
    0x00009274   0x00000010   Code   RO          681    i.vcp_device_descriptor  usb_user_descriptors.o
    0x00009284   0x0000001c   Code   RO          682    i.vcp_device_qual_descriptor  usb_user_descriptors.o
    0x000092a0   0x0000003c   Code   RO          683    i.vcp_get_string    usb_user_descriptors.o
    0x000092dc   0x000000b4   Code   RO          684    i.vcp_string_descriptor  usb_user_descriptors.o
    0x00009390   0x00000010   Data   RO           46    .constdata          app.o
    0x000093a0   0x000000a4   Data   RO         1739    .constdata          os_cfg_app.o
    0x00009444   0x0000016c   Data   RO         2007    .constdata          os_dbg.o
    0x000095b0   0x00000020   Data   RO         3235    Region$$Table       anon$$obj.o


    Execution Region ER_RW (Base: 0x20000000, Size: 0x0000f760, Max: 0x00010000, ABSOLUTE, COMPRESSED[0x00000130])

    Base Addr    Size         Type   Attr      Idx    E Section Name        Object

    0x20000000   0x0000008c   Data   RW           47    .data               app.o
    0x2000008c   0x00000040   Data   RW          558    .data               vcp_app.o
    0x200000cc   0x00000038   Data   RW          686    .data               usb_user_descriptors.o
    0x20000104   0x00000002   Data   RW          755    .data               isr.o
    0x20000106   0x00000002   PAD
    0x20000108   0x00000004   Data   RW         1218    .data               lib_mem.o
    0x2000010c   0x00000004   Data   RW         1494    .data               cpu_core.o
    0x20000110   0x00000004   Data   RW         1670    .data               os_cpu_c.o
    0x20000114   0x00000008   Data   RW         2247    .data               os_prio.o
    0x2000011c   0x000000c0   Data   RW         2761    .data               os_var.o
    0x200001dc   0x00000004   Data   RW         2845    .data               M2sExt_sb_MSS_CM3_hw_platform.lib(core_irq_ctrl.o)
    0x200001e0   0x00000040   Data   RW         2904    .data               M2sExt_sb_MSS_CM3_hw_platform.lib(mss_usb_device.o)
    0x20000220   0x00000074   Data   RW         2961    .data               M2sExt_sb_MSS_CM3_hw_platform.lib(mss_usb_device_cdc.o)
    0x20000294   0x00000001   Data   RW         3079    .data               M2sExt_sb_MSS_CM3_hw_platform.lib(mss_usb_device_cif.o)
    0x20000295   0x00000003   PAD
    0x20000298   0x00000004   Data   RW         3138    .data               mc_w.l(strtok.o)
    0x2000029c   0x0000001c   Data   RW         3199    .data               M2sExt_sb_MSS_CM3_hw_platform.lib(system_m2sxxx.o)
    0x200002b8   0x0000a104   Zero   RW           45    .bss                app.o
    0x2000a3bc   0x00000040   Zero   RW          685    .bss                usb_user_descriptors.o
    0x2000a3fc   0x00000280   Zero   RW          754    .bss                isr.o
    0x2000a67c   0x00002448   Zero   RW         1217    .bss                lib_mem.o
    0x2000cac4   0x00000010   Zero   RW         1492    .bss                cpu_core.o
    0x2000cad4   0x00001360   Zero   RW         1738    .bss                os_cfg_app.o
    0x2000de34   0x000006e0   Zero   RW         2760    .bss                os_var.o
    0x2000e514   0x00000080   Zero   RW         2844    .bss                M2sExt_sb_MSS_CM3_hw_platform.lib(core_irq_ctrl.o)
    0x2000e594   0x000001c8   Zero   RW         2903    .bss                M2sExt_sb_MSS_CM3_hw_platform.lib(mss_usb_device.o)
    0x2000e75c   0x00000004   PAD
    0x2000e760   0x00000000   Zero   RW         3160    HEAP                M2sExt_sb_MSS_CM3_hw_platform.lib(startup_m2sxxx.o)
    0x2000e760   0x00001000   Zero   RW         3159    STACK               M2sExt_sb_MSS_CM3_hw_platform.lib(startup_m2sxxx.o)


==============================================================================

Image component sizes


      Code (inc. data)   RO Data    RW Data    ZI Data      Debug   Object Name

      3314        588         16        140      41220     101712   app.o
       206         18          0          0          0      25621   bsp.o
       332         14          0          0          0       2649   busapis.o
        52          0          0          0          0        344   cpu_a.o
        88         12          0          4         16      11374   cpu_core.o
       248         72          0          2        640      11675   isr.o
       188         18          0          4       9288      13519   lib_mem.o
       256         72          0          0          0       3716   os_app_hooks.o
         2          0        164          0       4960      20689   os_cfg_app.o
      2884        402          0          0          0      19076   os_core.o
       132         32          0          0          0        388   os_cpu_a.o
       548         58          0          4          0       6804   os_cpu_c.o
       428        280        364          0          0       4781   os_dbg.o
       602         28          0          0          0       2969   os_flag.o
      1148        204          0          0          0       3418   os_int.o
       398         20          0          0          0       2564   os_msg.o
        24         10          0          0          0        851   os_mutex.o
       136         16          0          8          0       2778   os_prio.o
       356         18          0          0          0       2122   os_q.o
       380         16          0          0          0       2150   os_sem.o
      1376        180          0          0          0       3110   os_stat.o
      4176        194          0          0          0      11122   os_task.o
      1308        124          0          0          0       5357   os_tick.o
       844         44          0          0          0       2981   os_time.o
       812        134          0          0          0       4088   os_tmr.o
         0          0          0        192       1760      19240   os_var.o
       284         96          0         56         64       3968   usb_user_descriptors.o
       484        104          0         64          0      18223   vcp_app.o

    ----------------------------------------------------------------------
     21034       2754        576        476      57948     307289   Object Totals
         0          0         32          0          0          0   (incl. Generated)
        28          0          0          2          0          0   (incl. Padding)

    ----------------------------------------------------------------------

      Code (inc. data)   RO Data    RW Data    ZI Data      Debug   Library Member Name

      1090          0          0          0          0       7075   core_gpio.o
      2664         30          0          0          0      13781   core_i2c.o
       216         10          0          4        128       2737   core_irq_ctrl.o
       458          0          0          0          0       4289   core_uart_apb.o
        12          0          0          0          0       1689   cortex_nvic.o
        14          0          0          0          0        400   hal.o
       144          0          0          0          0        924   hw_reg_access.o
       336         20          0          0          0      62540   i2c_interrupt.o
        56         18          0          0          0        553   low_level_init.o
      2732        106          0          0          0      24204   mss_usb_common_cif.o
      5296        180          0         64        456      94042   mss_usb_device.o
       656         32          0        116          0      20417   mss_usb_device_cdc.o
      1516         34          0          1          0      44370   mss_usb_device_cif.o
       304         52        392          0       4096        992   startup_m2sxxx.o
       408         62          0         28          0       3613   system_m2sxxx.o
        86          0          0          0          0          0   __dczerorl2.o
         0          0          0          0          0          0   entry.o
         0          0          0          0          0          0   entry10a.o
         0          0          0          0          0          0   entry11a.o
         8          4          0          0          0          0   entry2.o
         4          0          0          0          0          0   entry5.o
         0          0          0          0          0          0   entry7b.o
         0          0          0          0          0          0   entry8b.o
         8          4          0          0          0          0   entry9a.o
        30          0          0          0          0          0   handlers.o
        36          8          0          0          0         68   init.o
        36          0          0          0          0         68   memcpya.o
        36          0          0          0          0        108   memseta.o
        24          0          0          0          0         68   strcat.o
        20          0          0          0          0         68   strchr.o
        28          0          0          0          0         76   strcmp.o
        14          0          0          0          0         68   strlen.o
        40          0          0          0          0         76   strncat.o
        68          6          0          4          0         80   strtok.o

    ----------------------------------------------------------------------
     16350        566        392        220       4684     282306   Library Totals
        10          0          0          3          4          0   (incl. Padding)

    ----------------------------------------------------------------------

      Code (inc. data)   RO Data    RW Data    ZI Data      Debug   Library Name

     15902        544        392        213       4680     281626   M2sExt_sb_MSS_CM3_hw_platform.lib
       438         22          0          4          0        680   mc_w.l

    ----------------------------------------------------------------------
     16350        566        392        220       4684     282306   Library Totals

    ----------------------------------------------------------------------

==============================================================================


      Code (inc. data)   RO Data    RW Data    ZI Data      Debug   

     37384       3320        968        696      62632     579427   Grand Totals
     37384       3320        968        304      62632     579427   ELF Image Totals (compressed)
     37384       3320        968        304          0          0   ROM Totals

==============================================================================

    Total RO  Size (Code + RO Data)                38352 (  37.45kB)
    Total RW  Size (RW Data + ZI Data)             63328 (  61.84kB)
    Total ROM Size (Code + RO Data + RW Data)      38656 (  37.75kB)

==============================================================================

