


ARM Macro Assembler    Page 1 


    1 00000000         ;-------------------------------------------------------
                       ------------------------
    2 00000000         ; (c) Copyright 2007-2013 Microsemi SoC Products Group. 
                       All rights reserved.
    3 00000000         ; 
    4 00000000         ; Interrupt disabling/restoration for critical section p
                       rotection.
    5 00000000         ;
    6 00000000         ; SVN $Revision: 5261 $
    7 00000000         ; SVN $Date: 2013-03-21 14:22:41 +0000 (Thu, 21 Mar 2013
                       ) $
    8 00000000         ;
    9 00000000                 AREA             |.text|, CODE, READONLY
   10 00000000                 EXPORT           HAL_disable_interrupts
   11 00000000                 EXPORT           HAL_restore_interrupts
   12 00000000         
   13 00000000         ;-------------------------------------------------------
                       ------------------------
   14 00000000         ; 
   15 00000000         ;
   17 00000000         HAL_disable_interrupts
                               PROC
   18 00000000 F3EF 8010       mrs              r0, PRIMASK
   19 00000004 B672            cpsid            I
   20 00000006 4770            bx               lr
   21 00000008                 ENDP
   22 00000008         
   23 00000008         ;-------------------------------------------------------
                       ------------------------
   24 00000008         ;
   25 00000008         ;
   27 00000008         HAL_restore_interrupts
                               PROC
   28 00000008 F380 8810       msr              PRIMASK, r0
   29 0000000C 4770            bx               lr
   30 0000000E                 ENDP
   31 0000000E         
   32 0000000E                 END
Command Line: --debug --xref --diag_suppress=9931 --cpu=Cortex-M3 --apcs=interw
ork --depend=.\objects\hal.d -o.\objects\hal.o -IC:\Users\AndersonHan\Desktop\B
entoBox\Keil_CoreBoard\Project\BetoBox\RTE -IC:\Users\AndersonHan\Desktop\Bento
Box\Keil_CoreBoard\Project\BetoBox\RTE\Device\M2S010 -IC:\Keil_v5\ARM\PACK\Micr
osemi\M2Sxxx\1.0.61\CMSIS -IC:\Keil_v5\ARM\PACK\Microsemi\M2Sxxx\1.0.61\CMSIS\s
tartup_arm -IC:\Keil_v5\ARM\PACK\Microsemi\M2Sxxx\1.0.61\hal -IC:\Keil_v5\ARM\P
ACK\Microsemi\M2Sxxx\1.0.61\hal\CortexM3 -IC:\Keil_v5\ARM\PACK\Microsemi\M2Sxxx
\1.0.61\hal\CortexM3\Keil -IC:\Keil_v5\ARM\CMSIS\Include --predefine="__MICROLI
B SETA 1" --predefine="__UVISION_VERSION SETA 518" --predefine="_RTE_ SETA 1" -
-list=.\listings\hal.lst RTE\Device\M2S010\hal.s



ARM Macro Assembler    Page 1 Alphabetic symbol ordering
Relocatable symbols

.text 00000000

Symbol: .text
   Definitions
      At line 9 in file RTE\Device\M2S010\hal.s
   Uses
      None
Comment: .text unused
HAL_disable_interrupts 00000000

Symbol: HAL_disable_interrupts
   Definitions
      At line 17 in file RTE\Device\M2S010\hal.s
   Uses
      At line 10 in file RTE\Device\M2S010\hal.s
Comment: HAL_disable_interrupts used once
HAL_restore_interrupts 00000008

Symbol: HAL_restore_interrupts
   Definitions
      At line 27 in file RTE\Device\M2S010\hal.s
   Uses
      At line 11 in file RTE\Device\M2S010\hal.s
Comment: HAL_restore_interrupts used once
3 symbols
336 symbols in table
